Product: MDK-ARM Standard 5.10
Component: ARM Compiler 5.04 update 1 (build 49)
Tool: armlink [5040049]

==============================================================================

Section Cross References

    main.o(i.main) refers to usartconfig.o(i.USART_Configuration) for USART_Configuration
    main.o(i.main) refers to mem.o(i.MemCreate) for MemCreate
    main.o(i.main) refers to main.o(i.DelayMs) for DelayMs
    main.o(i.main) refers to usart.o(i.USART_DispFun) for USART_DispFun
    main.o(i.main) refers to usart.o(i.USART_RecvData) for USART_RecvData
    main.o(i.main) refers to mem.o(.bss) for USARTMemQ
    main.o(i.main) refers to main.o(.data) for USARTIndex
    main.o(i.main) refers to main.o(.conststring) for .conststring
    mem.o(i.MemCreate) refers to mem.o(i.MemInit) for MemInit
    mem.o(i.MemCreate) refers to mem.o(.bss) for MemTcb
    spell.o(i.PYSearch) refers to spell.o(.data) for PYRankThreeList
    spell.o(.constdata) refers to spell.o(.conststring) for .conststring
    spell.o(.data) refers to spell.o(.constdata) for PYRankTwoList_a
    usart.o(i.USART_DMAUpdate) refers to mem.o(i.MemDelete) for MemDelete
    usart.o(i.USART_DMAUpdate) refers to usartconfig.o(i.USART_DMA_Configuration) for USART_DMA_Configuration
    usart.o(i.USART_DMAUpdate) refers to usart.o(.data) for USARTSendQBoxTail
    usart.o(i.USART_DMAUpdate) refers to usart.o(.bss) for USARTSendTCB
    usart.o(i.USART_DMAUpdate) refers to main.o(.data) for USARTIndex
    usart.o(i.USART_DispFun) refers to usart.o(i.USART_WriteDataToBuffer) for USART_WriteDataToBuffer
    usart.o(i.USART_RecvData) refers to usartconfig.o(i.USART_StartRecvISR) for USART_StartRecvISR
    usart.o(i.USART_RecvData) refers to usart.o(.data) for Recv1Count
    usart.o(i.USART_RecvFun) refers to usart.o(i.USART_WriteDataToBuffer) for USART_WriteDataToBuffer
    usart.o(i.USART_RecvResetBufferIndex) refers to usart.o(i.USART_WriteDataToBuffer) for USART_WriteDataToBuffer
    usart.o(i.USART_RecvResetBufferIndex) refers to usartconfig.o(i.USART_StopCounter) for USART_StopCounter
    usart.o(i.USART_RecvResetBufferIndex) refers to usart.o(i.USART_DispFun) for USART_DispFun
    usart.o(i.USART_RecvResetBufferIndex) refers to spell.o(i.PYSearch) for PYSearch
    usart.o(i.USART_RecvResetBufferIndex) refers to usart.o(.data) for Recv1Index
    usart.o(i.USART_RecvResetBufferIndex) refers to usart.o(.bss) for USARTQRecvBuffer
    usart.o(i.USART_RecvUpdate) refers to usartconfig.o(i.USART_RecvByte) for USART_RecvByte
    usart.o(i.USART_RecvUpdate) refers to usartconfig.o(i.USART_StopCounter) for USART_StopCounter
    usart.o(i.USART_RecvUpdate) refers to usart.o(i.USART_RecvFun) for USART_RecvFun
    usart.o(i.USART_RecvUpdate) refers to usartconfig.o(i.USART_StartCounter) for USART_StartCounter
    usart.o(i.USART_RecvUpdate) refers to usart.o(.data) for Recv1Index
    usart.o(i.USART_RecvUpdate) refers to usart.o(.bss) for USARTQRecvBuffer
    usart.o(i.USART_SendUpdate) refers to usartconfig.o(i.USART_StopSendISR) for USART_StopSendISR
    usart.o(i.USART_SendUpdate) refers to usartconfig.o(i.USART_SendByte) for USART_SendByte
    usart.o(i.USART_SendUpdate) refers to mem.o(i.MemDelete) for MemDelete
    usart.o(i.USART_SendUpdate) refers to usartconfig.o(i.USART_StartSendISR) for USART_StartSendISR
    usart.o(i.USART_SendUpdate) refers to usart.o(.data) for USARTSendQFree
    usart.o(i.USART_SendUpdate) refers to usart.o(.bss) for USARTSendTCB
    usart.o(i.USART_SendUpdate) refers to main.o(.data) for USARTIndex
    usart.o(i.USART_WriteDataToBuffer) refers to usartconfig.o(i.USART_StopSendISR) for USART_StopSendISR
    usart.o(i.USART_WriteDataToBuffer) refers to usartconfig.o(i.USART_StartSendISR) for USART_StartSendISR
    usart.o(i.USART_WriteDataToBuffer) refers to mem.o(i.MemGet) for MemGet
    usart.o(i.USART_WriteDataToBuffer) refers to usartconfig.o(i.USART_DMA_Configuration) for USART_DMA_Configuration
    usart.o(i.USART_WriteDataToBuffer) refers to usart.o(.data) for USARTSendQFree
    usart.o(i.USART_WriteDataToBuffer) refers to main.o(.data) for USARTIndex
    usart.o(i.USART_WriteDataToBuffer) refers to usart.o(.bss) for USARTSendTCB
    usartconfig.o(i.DMA1_Channel4_IRQHandler) refers to stm32f10x_dma.o(i.DMA_GetITStatus) for DMA_GetITStatus
    usartconfig.o(i.DMA1_Channel4_IRQHandler) refers to stm32f10x_dma.o(i.DMA_ClearFlag) for DMA_ClearFlag
    usartconfig.o(i.DMA1_Channel4_IRQHandler) refers to usart.o(i.USART_DMAUpdate) for USART_DMAUpdate
    usartconfig.o(i.TIM2_IRQHandler) refers to stm32f10x_tim.o(i.TIM_GetITStatus) for TIM_GetITStatus
    usartconfig.o(i.TIM2_IRQHandler) refers to stm32f10x_tim.o(i.TIM_ClearFlag) for TIM_ClearFlag
    usartconfig.o(i.TIM2_IRQHandler) refers to usart.o(i.USART_RecvResetBufferIndex) for USART_RecvResetBufferIndex
    usartconfig.o(i.TIM_Configuration) refers to stm32f10x_rcc.o(i.RCC_APB1PeriphClockCmd) for RCC_APB1PeriphClockCmd
[...]
    Removing stm32f10x_tim.o(i.TIM_TIxExternalClockConfig), (62 bytes).
    Removing stm32f10x_tim.o(i.TIM_UpdateDisableConfig), (24 bytes).
    Removing stm32f10x_tim.o(i.TIM_UpdateRequestConfig), (24 bytes).
    Removing stm32f10x_usart.o(i.USART_ClearITPendingBit), (30 bytes).
    Removing stm32f10x_usart.o(i.USART_ClockInit), (34 bytes).
    Removing stm32f10x_usart.o(i.USART_ClockStructInit), (12 bytes).
    Removing stm32f10x_usart.o(i.USART_GetITStatus), (84 bytes).
    Removing stm32f10x_usart.o(i.USART_HalfDuplexCmd), (24 bytes).
    Removing stm32f10x_usart.o(i.USART_IrDACmd), (24 bytes).
    Removing stm32f10x_usart.o(i.USART_IrDAConfig), (18 bytes).
    Removing stm32f10x_usart.o(i.USART_LINBreakDetectLengthConfig), (18 bytes).
    Removing stm32f10x_usart.o(i.USART_LINCmd), (24 bytes).
    Removing stm32f10x_usart.o(i.USART_OneBitMethodCmd), (24 bytes).
    Removing stm32f10x_usart.o(i.USART_OverSampling8Cmd), (22 bytes).
    Removing stm32f10x_usart.o(i.USART_ReceiverWakeUpCmd), (24 bytes).
    Removing stm32f10x_usart.o(i.USART_SendBreak), (10 bytes).
    Removing stm32f10x_usart.o(i.USART_SetAddress), (18 bytes).
    Removing stm32f10x_usart.o(i.USART_SetGuardTime), (16 bytes).
    Removing stm32f10x_usart.o(i.USART_SetPrescaler), (16 bytes).
    Removing stm32f10x_usart.o(i.USART_SmartCardCmd), (24 bytes).
    Removing stm32f10x_usart.o(i.USART_SmartCardNACKCmd), (24 bytes).
    Removing stm32f10x_usart.o(i.USART_WakeUpConfig), (18 bytes).
    Removing stm32f10x_wwdg.o(i.WWDG_ClearFlag), (12 bytes).
    Removing stm32f10x_wwdg.o(i.WWDG_DeInit), (22 bytes).
    Removing stm32f10x_wwdg.o(i.WWDG_Enable), (16 bytes).
    Removing stm32f10x_wwdg.o(i.WWDG_EnableIT), (12 bytes).
    Removing stm32f10x_wwdg.o(i.WWDG_GetFlagStatus), (12 bytes).
    Removing stm32f10x_wwdg.o(i.WWDG_SetCounter), (16 bytes).
    Removing stm32f10x_wwdg.o(i.WWDG_SetPrescaler), (24 bytes).
    Removing stm32f10x_wwdg.o(i.WWDG_SetWindowValue), (40 bytes).
    Removing core_cm3.o(.emb_text), (32 bytes).
    Removing system_stm32f10x.o(i.SystemCoreClockUpdate), (164 bytes).
    Removing system_stm32f10x.o(.data), (20 bytes).
    Removing startup_stm32f10x_hd.o(HEAP), (512 bytes).

435 unused section(s) (total 16758 bytes) removed from the image.

==============================================================================

Image Symbol Table

    Local Symbols

    Symbol Name                              Value     Ov Type        Size  Object(Section)

    ../clib/microlib/init/entry.s            0x00000000   Number         0  entry7a.o ABSOLUTE
    ../clib/microlib/init/entry.s            0x00000000   Number         0  entry11b.o ABSOLUTE
    ../clib/microlib/init/entry.s            0x00000000   Number         0  entry11a.o ABSOLUTE
    ../clib/microlib/init/entry.s            0x00000000   Number         0  entry10b.o ABSOLUTE
    ../clib/microlib/init/entry.s            0x00000000   Number         0  entry10a.o ABSOLUTE
    ../clib/microlib/init/entry.s            0x00000000   Number         0  entry9b.o ABSOLUTE
    ../clib/microlib/init/entry.s            0x00000000   Number         0  entry9a.o ABSOLUTE
    ../clib/microlib/init/entry.s            0x00000000   Number         0  entry8b.o ABSOLUTE
    ../clib/microlib/init/entry.s            0x00000000   Number         0  entry8a.o ABSOLUTE
    ../clib/microlib/init/entry.s            0x00000000   Number         0  entry7b.o ABSOLUTE
    ../clib/microlib/init/entry.s            0x00000000   Number         0  entry5.o ABSOLUTE
    ../clib/microlib/init/entry.s            0x00000000   Number         0  entry2.o ABSOLUTE
    ../clib/microlib/init/entry.s            0x00000000   Number         0  entry.o ABSOLUTE
    ..\Libraries\CMSIS\CM3\CoreSupport\core_cm3.c 0x00000000   Number         0  core_cm3.o ABSOLUTE
    ..\Libraries\CMSIS\CM3\DeviceSupport\ST\STM32F10x\startup\arm\startup_stm32f10x_hd.s 0x00000000   Number         0  startup_stm32f10x_hd.o ABSOLUTE
    ..\Libraries\STM32F10x_StdPeriph_Driver\src\misc.c 0x00000000   Number         0  misc.o ABSOLUTE
    ..\Libraries\STM32F10x_StdPeriph_Driver\src\stm32f10x_adc.c 0x00000000   Number         0  stm32f10x_adc.o ABSOLUTE
    ..\Libraries\STM32F10x_StdPeriph_Driver\src\stm32f10x_bkp.c 0x00000000   Number         0  stm32f10x_bkp.o ABSOLUTE
    ..\Libraries\STM32F10x_StdPeriph_Driver\src\stm32f10x_can.c 0x00000000   Number         0  stm32f10x_can.o ABSOLUTE
    ..\Libraries\STM32F10x_StdPeriph_Driver\src\stm32f10x_cec.c 0x00000000   Number         0  stm32f10x_cec.o ABSOLUTE
    ..\Libraries\STM32F10x_StdPeriph_Driver\src\stm32f10x_crc.c 0x00000000   Number         0  stm32f10x_crc.o ABSOLUTE
    ..\Libraries\STM32F10x_StdPeriph_Driver\src\stm32f10x_dac.c 0x00000000   Number         0  stm32f10x_dac.o ABSOLUTE
    ..\Libraries\STM32F10x_StdPeriph_Driver\src\stm32f10x_dbgmcu.c 0x00000000   Number         0  stm32f10x_dbgmcu.o ABSOLUTE
    ..\Libraries\STM32F10x_StdPeriph_Driver\src\stm32f10x_dma.c 0x00000000   Number         0  stm32f10x_dma.o ABSOLUTE
    ..\Libraries\STM32F10x_StdPeriph_Driver\src\stm32f10x_exti.c 0x00000000   Number         0  stm32f10x_exti.o ABSOLUTE
    ..\Libraries\STM32F10x_StdPeriph_Driver\src\stm32f10x_flash.c 0x00000000   Number         0  stm32f10x_flash.o ABSOLUTE
    ..\Libraries\STM32F10x_StdPeriph_Driver\src\stm32f10x_fsmc.c 0x00000000   Number         0  stm32f10x_fsmc.o ABSOLUTE
    ..\Libraries\STM32F10x_StdPeriph_Driver\src\stm32f10x_gpio.c 0x00000000   Number         0  stm32f10x_gpio.o ABSOLUTE
    ..\Libraries\STM32F10x_StdPeriph_Driver\src\stm32f10x_i2c.c 0x00000000   Number         0  stm32f10x_i2c.o ABSOLUTE
    ..\Libraries\STM32F10x_StdPeriph_Driver\src\stm32f10x_iwdg.c 0x00000000   Number         0  stm32f10x_iwdg.o ABSOLUTE
    ..\Libraries\STM32F10x_StdPeriph_Driver\src\stm32f10x_pwr.c 0x00000000   Number         0  stm32f10x_pwr.o ABSOLUTE
    ..\Libraries\STM32F10x_StdPeriph_Driver\src\stm32f10x_rcc.c 0x00000000   Number         0  stm32f10x_rcc.o ABSOLUTE
    ..\Libraries\STM32F10x_StdPeriph_Driver\src\stm32f10x_rtc.c 0x00000000   Number         0  stm32f10x_rtc.o ABSOLUTE
    ..\Libraries\STM32F10x_StdPeriph_Driver\src\stm32f10x_sdio.c 0x00000000   Number         0  stm32f10x_sdio.o ABSOLUTE
    ..\Libraries\STM32F10x_StdPeriph_Driver\src\stm32f10x_spi.c 0x00000000   Number         0  stm32f10x_spi.o ABSOLUTE
    ..\Libraries\STM32F10x_StdPeriph_Driver\src\stm32f10x_tim.c 0x00000000   Number         0  stm32f10x_tim.o ABSOLUTE
    ..\Libraries\STM32F10x_StdPeriph_Driver\src\stm32f10x_usart.c 0x00000000   Number         0  stm32f10x_usart.o ABSOLUTE
    ..\Libraries\STM32F10x_StdPeriph_Driver\src\stm32f10x_wwdg.c 0x00000000   Number         0  stm32f10x_wwdg.o ABSOLUTE
    ..\USER\Mem\Mem.c                        0x00000000   Number         0  mem.o ABSOLUTE
    ..\USER\Spell\Spell.c                    0x00000000   Number         0  spell.o ABSOLUTE
    ..\USER\USART\USART.c                    0x00000000   Number         0  usart.o ABSOLUTE
    ..\USER\USART\USARTConfig.c              0x00000000   Number         0  usartconfig.o ABSOLUTE
    ..\USER\main.c                           0x00000000   Number         0  main.o ABSOLUTE
    ..\USER\stm32f10x_it.c                   0x00000000   Number         0  stm32f10x_it.o ABSOLUTE
    ..\USER\system_stm32f10x.c               0x00000000   Number         0  system_stm32f10x.o ABSOLUTE
    ..\\Libraries\\CMSIS\\CM3\\CoreSupport\\core_cm3.c 0x00000000   Number         0  core_cm3.o ABSOLUTE
    dc.s                                     0x00000000   Number         0  dc.o ABSOLUTE
    handlers.s                               0x00000000   Number         0  handlers.o ABSOLUTE
    init.s                                   0x00000000   Number         0  init.o ABSOLUTE
    RESET                                    0x08000000   Section      304  startup_stm32f10x_hd.o(RESET)
    .ARM.Collect$$$$00000000                 0x08000130   Section        0  entry.o(.ARM.Collect$$$$00000000)
    .ARM.Collect$$$$00000001                 0x08000130   Section        4  entry2.o(.ARM.Collect$$$$00000001)
    .ARM.Collect$$$$00000004                 0x08000134   Section        4  entry5.o(.ARM.Collect$$$$00000004)
    .ARM.Collect$$$$00000008                 0x08000138   Section        0  entry7b.o(.ARM.Collect$$$$00000008)
    .ARM.Collect$$$$0000000A                 0x08000138   Section        0  entry8b.o(.ARM.Collect$$$$0000000A)
    .ARM.Collect$$$$0000000B                 0x08000138   Section        8  entry9a.o(.ARM.Collect$$$$0000000B)
    .ARM.Collect$$$$0000000D                 0x08000140   Section        0  entry10a.o(.ARM.Collect$$$$0000000D)
    .ARM.Collect$$$$0000000F                 0x08000140   Section        0  entry11a.o(.ARM.Collect$$$$0000000F)
    .ARM.Collect$$$$00002712                 0x08000140   Section        4  entry2.o(.ARM.Collect$$$$00002712)
    __lit__00000000                          0x08000140   Data           4  entry2.o(.ARM.Collect$$$$00002712)
    .text                                    0x08000144   Section       36  startup_stm32f10x_hd.o(.text)
    .text                                    0x08000168   Section       36  init.o(.text)
    i.BusFault_Handler                       0x0800018c   Section        0  stm32f10x_it.o(i.BusFault_Handler)
    i.DMA1_Channel4_IRQHandler               0x08000190   Section        0  usartconfig.o(i.DMA1_Channel4_IRQHandler)
    i.DMA_ClearFlag                          0x080001ac   Section        0  stm32f10x_dma.o(i.DMA_ClearFlag)
    i.DMA_Cmd                                0x080001c8   Section        0  stm32f10x_dma.o(i.DMA_Cmd)
    i.DMA_DeInit                             0x080001e0   Section        0  stm32f10x_dma.o(i.DMA_DeInit)
    i.DMA_GetITStatus                        0x0800032c   Section        0  stm32f10x_dma.o(i.DMA_GetITStatus)
    i.DMA_ITConfig                           0x08000358   Section        0  stm32f10x_dma.o(i.DMA_ITConfig)
    i.DMA_Init                               0x0800036a   Section        0  stm32f10x_dma.o(i.DMA_Init)
    i.DebugMon_Handler                       0x080003a6   Section        0  stm32f10x_it.o(i.DebugMon_Handler)
    i.DelayMs                                0x080003a8   Section        0  main.o(i.DelayMs)
    i.GPIO_Init                              0x080003c4   Section        0  stm32f10x_gpio.o(i.GPIO_Init)
    i.HardFault_Handler                      0x080004da   Section        0  stm32f10x_it.o(i.HardFault_Handler)
    i.MemCreate                              0x080004e0   Section        0  mem.o(i.MemCreate)
    i.MemDelete                              0x0800055c   Section        0  mem.o(i.MemDelete)
    i.MemGet                                 0x08000578   Section        0  mem.o(i.MemGet)
    i.MemInit                                0x080005a4   Section        0  mem.o(i.MemInit)
    i.MemManage_Handler                      0x080005b8   Section        0  stm32f10x_it.o(i.MemManage_Handler)
    i.NMI_Handler                            0x080005bc   Section        0  stm32f10x_it.o(i.NMI_Handler)
    i.NVIC_Init                              0x080005c0   Section        0  misc.o(i.NVIC_Init)
    i.PYSearch                               0x08000630   Section        0  spell.o(i.PYSearch)
    i.PendSV_Handler                         0x080006dc   Section        0  stm32f10x_it.o(i.PendSV_Handler)
    i.RCC_AHBPeriphClockCmd                  0x080006e0   Section        0  stm32f10x_rcc.o(i.RCC_AHBPeriphClockCmd)
    i.RCC_APB1PeriphClockCmd                 0x08000700   Section        0  stm32f10x_rcc.o(i.RCC_APB1PeriphClockCmd)
    i.RCC_APB1PeriphResetCmd                 0x08000720   Section        0  stm32f10x_rcc.o(i.RCC_APB1PeriphResetCmd)
    i.RCC_APB2PeriphClockCmd                 0x08000740   Section        0  stm32f10x_rcc.o(i.RCC_APB2PeriphClockCmd)
    i.RCC_APB2PeriphResetCmd                 0x08000760   Section        0  stm32f10x_rcc.o(i.RCC_APB2PeriphResetCmd)
    i.RCC_GetClocksFreq                      0x08000780   Section        0  stm32f10x_rcc.o(i.RCC_GetClocksFreq)
    i.SVC_Handler                            0x08000854   Section        0  stm32f10x_it.o(i.SVC_Handler)
    i.SetSysClock                            0x08000856   Section        0  system_stm32f10x.o(i.SetSysClock)
    SetSysClock                              0x08000857   Thumb Code     8  system_stm32f10x.o(i.SetSysClock)
    i.SetSysClockTo72                        0x08000860   Section        0  system_stm32f10x.o(i.SetSysClockTo72)
    SetSysClockTo72                          0x08000861   Thumb Code   214  system_stm32f10x.o(i.SetSysClockTo72)
    i.SysTick_Handler                        0x08000940   Section        0  stm32f10x_it.o(i.SysTick_Handler)
    i.SystemInit                             0x08000944   Section        0  system_stm32f10x.o(i.SystemInit)
    i.TIM2_IRQHandler                        0x080009a4   Section        0  usartconfig.o(i.TIM2_IRQHandler)
    i.TIM_ARRPreloadConfig                   0x080009c0   Section        0  stm32f10x_tim.o(i.TIM_ARRPreloadConfig)
    i.TIM_ClearFlag                          0x080009d8   Section        0  stm32f10x_tim.o(i.TIM_ClearFlag)
    i.TIM_Cmd                                0x080009de   Section        0  stm32f10x_tim.o(i.TIM_Cmd)
    i.TIM_Configuration                      0x080009f6   Section        0  usartconfig.o(i.TIM_Configuration)
    i.TIM_DeInit                             0x08000a84   Section        0  stm32f10x_tim.o(i.TIM_DeInit)
    i.TIM_GetITStatus                        0x08000c6c   Section        0  stm32f10x_tim.o(i.TIM_GetITStatus)
    i.TIM_ITConfig                           0x08000c8e   Section        0  stm32f10x_tim.o(i.TIM_ITConfig)
    i.TIM_NVIC_Configuration                 0x08000ca0   Section        0  usartconfig.o(i.TIM_NVIC_Configuration)
    i.TIM_OC1Init                            0x08000cc4   Section        0  stm32f10x_tim.o(i.TIM_OC1Init)
    i.TIM_OCStructInit                       0x08000d5c   Section        0  stm32f10x_tim.o(i.TIM_OCStructInit)
    i.TIM_SelectInputTrigger                 0x08000d70   Section        0  stm32f10x_tim.o(i.TIM_SelectInputTrigger)
    i.TIM_SetCounter                         0x08000d82   Section        0  stm32f10x_tim.o(i.TIM_SetCounter)
    i.TIM_TimeBaseInit                       0x08000d88   Section        0  stm32f10x_tim.o(i.TIM_TimeBaseInit)
    i.TIM_TimeBaseStructInit                 0x08000e2c   Section        0  stm32f10x_tim.o(i.TIM_TimeBaseStructInit)
    i.USART1_IRQHandler                      0x08000e40   Section        0  usartconfig.o(i.USART1_IRQHandler)
    i.USART_ClearCounter                     0x08000e90   Section        0  usartconfig.o(i.USART_ClearCounter)
    i.USART_ClearFlag                        0x08000e9e   Section        0  stm32f10x_usart.o(i.USART_ClearFlag)
    i.USART_Cmd                              0x08000eb0   Section        0  stm32f10x_usart.o(i.USART_Cmd)
    i.USART_Configuration                    0x08000ec8   Section        0  usartconfig.o(i.USART_Configuration)
    i.USART_DMACmd                           0x08000f20   Section        0  stm32f10x_usart.o(i.USART_DMACmd)
    i.USART_DMAUpdate                        0x08000f34   Section        0  usart.o(i.USART_DMAUpdate)
    i.USART_DMA_Configuration                0x08001004   Section        0  usartconfig.o(i.USART_DMA_Configuration)
    i.USART_DeInit                           0x08001098   Section        0  stm32f10x_usart.o(i.USART_DeInit)
    i.USART_DispFun                          0x08001134   Section        0  usart.o(i.USART_DispFun)
    i.USART_GetFlagStatus                    0x0800114e   Section        0  stm32f10x_usart.o(i.USART_GetFlagStatus)
    i.USART_ITConfig                         0x08001168   Section        0  stm32f10x_usart.o(i.USART_ITConfig)
    i.USART_Init                             0x080011b4   Section        0  stm32f10x_usart.o(i.USART_Init)
    i.USART_NVIC_Configuration               0x0800128c   Section        0  usartconfig.o(i.USART_NVIC_Configuration)
    i.USART_Pin_Configuration                0x080012ac   Section        0  usartconfig.o(i.USART_Pin_Configuration)
    i.USART_ReceiveData                      0x080012f4   Section        0  stm32f10x_usart.o(i.USART_ReceiveData)
    i.USART_RecvByte                         0x08001300   Section        0  usartconfig.o(i.USART_RecvByte)
    i.USART_RecvData                         0x08001310   Section        0  usart.o(i.USART_RecvData)
    i.USART_RecvFun                          0x08001340   Section        0  usart.o(i.USART_RecvFun)
    i.USART_RecvResetBufferIndex             0x08001350   Section        0  usart.o(i.USART_RecvResetBufferIndex)
    i.USART_RecvUpdate                       0x0800148c   Section        0  usart.o(i.USART_RecvUpdate)
    i.USART_SendByte                         0x080014f4   Section        0  usartconfig.o(i.USART_SendByte)
    i.USART_SendData                         0x08001508   Section        0  stm32f10x_usart.o(i.USART_SendData)
    i.USART_SendUpdate                       0x08001510   Section        0  usart.o(i.USART_SendUpdate)
    i.USART_StartCounter                     0x0800164c   Section        0  usartconfig.o(i.USART_StartCounter)
    i.USART_StartRecvISR                     0x0800165c   Section        0  usartconfig.o(i.USART_StartRecvISR)
    i.USART_StartSendISR                     0x08001670   Section        0  usartconfig.o(i.USART_StartSendISR)
    i.USART_StopCounter                      0x08001684   Section        0  usartconfig.o(i.USART_StopCounter)
    i.USART_StopSendISR                      0x08001694   Section        0  usartconfig.o(i.USART_StopSendISR)
    i.USART_StructInit                       0x080016a8   Section        0  stm32f10x_usart.o(i.USART_StructInit)
    i.USART_WriteDataToBuffer                0x080016c0   Section        0  usart.o(i.USART_WriteDataToBuffer)
    i.UsageFault_Handler                     0x080017fc   Section        0  stm32f10x_it.o(i.UsageFault_Handler)
    i.__scatterload_copy                     0x08001800   Section       14  handlers.o(i.__scatterload_copy)
    i.__scatterload_null                     0x0800180e   Section        2  handlers.o(i.__scatterload_null)
    i.__scatterload_zeroinit                 0x08001810   Section       14  handlers.o(i.__scatterload_zeroinit)
    i.main                                   0x08001820   Section        0  main.o(i.main)
    .constdata                               0x0800189c   Section    11108  spell.o(.constdata)
    .conststring                             0x08004400   Section      204  main.o(.conststring)
    .conststring                             0x080044cc   Section      277  spell.o(.conststring)
    .data                                    0x20000000   Section        4  main.o(.data)
    .data                                    0x20000004   Section      108  spell.o(.data)
    .data                                    0x20000070   Section       29  usart.o(.data)
    count                                    0x20000085   Data           1  usart.o(.data)
    PinYinIndex                              0x20000086   Data           6  usart.o(.data)
    Count                                    0x2000008c   Data           1  usart.o(.data)
    .data                                    0x2000008d   Section        1  usartconfig.o(.data)
    Flag                                     0x2000008d   Data           1  usartconfig.o(.data)
    .data                                    0x2000008e   Section       20  stm32f10x_rcc.o(.data)
    APBAHBPrescTable                         0x2000008e   Data          16  stm32f10x_rcc.o(.data)
    ADCPrescTable                            0x2000009e   Data           4  stm32f10x_rcc.o(.data)
    .bss                                     0x200000a4   Section     1088  mem.o(.bss)
    .bss                                     0x200004e4   Section      192  usart.o(.bss)
    STACK                                    0x200005a8   Section     1024  startup_stm32f10x_hd.o(STACK)

    Global Symbols

    Symbol Name                              Value     Ov Type        Size  Object(Section)

    BuildAttributes$$THM_ISAv4$P$D$K$B$S$PE$A:L22UL41UL21$X:L11$S22US41US21$IEEE1$IW$USESV6$~STKCKD$USESV7$~SHL$OSPACE$EBA8$MICROLIB$REQ8$PRES8$EABIv2 0x00000000   Number         0  anon$$obj.o ABSOLUTE
    __ARM_use_no_argv                        0x00000000   Number         0  main.o ABSOLUTE
    __cpp_initialize__aeabi_                  - Undefined Weak Reference
    __cxa_finalize                            - Undefined Weak Reference
    __decompress                              - Undefined Weak Reference
    _clock_init                               - Undefined Weak Reference
    _microlib_exit                            - Undefined Weak Reference
    __Vectors_Size                           0x00000130   Number         0  startup_stm32f10x_hd.o ABSOLUTE
    __Vectors                                0x08000000   Data           4  startup_stm32f10x_hd.o(RESET)
    __Vectors_End                            0x08000130   Data           0  startup_stm32f10x_hd.o(RESET)
    __main                                   0x08000131   Thumb Code     0  entry.o(.ARM.Collect$$$$00000000)
    _main_stk                                0x08000131   Thumb Code     0  entry2.o(.ARM.Collect$$$$00000001)
    _main_scatterload                        0x08000135   Thumb Code     0  entry5.o(.ARM.Collect$$$$00000004)
    __main_after_scatterload                 0x08000139   Thumb Code     0  entry5.o(.ARM.Collect$$$$00000004)
    _main_clock                              0x08000139   Thumb Code     0  entry7b.o(.ARM.Collect$$$$00000008)
    _main_cpp_init                           0x08000139   Thumb Code     0  entry8b.o(.ARM.Collect$$$$0000000A)
    _main_init                               0x08000139   Thumb Code     0  entry9a.o(.ARM.Collect$$$$0000000B)
    __rt_final_cpp                           0x08000141   Thumb Code     0  entry10a.o(.ARM.Collect$$$$0000000D)
    __rt_final_exit                          0x08000141   Thumb Code     0  entry11a.o(.ARM.Collect$$$$0000000F)
    Reset_Handler                            0x08000145   Thumb Code     8  startup_stm32f10x_hd.o(.text)
    ADC1_2_IRQHandler                        0x0800015f   Thumb Code     0  startup_stm32f10x_hd.o(.text)
    ADC3_IRQHandler                          0x0800015f   Thumb Code     0  startup_stm32f10x_hd.o(.text)
    CAN1_RX1_IRQHandler                      0x0800015f   Thumb Code     0  startup_stm32f10x_hd.o(.text)
    CAN1_SCE_IRQHandler                      0x0800015f   Thumb Code     0  startup_stm32f10x_hd.o(.text)
    DMA1_Channel1_IRQHandler                 0x0800015f   Thumb Code     0  startup_stm32f10x_hd.o(.text)
    DMA1_Channel2_IRQHandler                 0x0800015f   Thumb Code     0  startup_stm32f10x_hd.o(.text)
    DMA1_Channel3_IRQHandler                 0x0800015f   Thumb Code     0  startup_stm32f10x_hd.o(.text)
    DMA1_Channel5_IRQHandler                 0x0800015f   Thumb Code     0  startup_stm32f10x_hd.o(.text)
    DMA1_Channel6_IRQHandler                 0x0800015f   Thumb Code     0  startup_stm32f10x_hd.o(.text)
    DMA1_Channel7_IRQHandler                 0x0800015f   Thumb Code     0  startup_stm32f10x_hd.o(.text)
    DMA2_Channel1_IRQHandler                 0x0800015f   Thumb Code     0  startup_stm32f10x_hd.o(.text)
    DMA2_Channel2_IRQHandler                 0x0800015f   Thumb Code     0  startup_stm32f10x_hd.o(.text)
    DMA2_Channel3_IRQHandler                 0x0800015f   Thumb Code     0  startup_stm32f10x_hd.o(.text)
    DMA2_Channel4_5_IRQHandler               0x0800015f   Thumb Code     0  startup_stm32f10x_hd.o(.text)
    EXTI0_IRQHandler                         0x0800015f   Thumb Code     0  startup_stm32f10x_hd.o(.text)
    EXTI15_10_IRQHandler                     0x0800015f   Thumb Code     0  startup_stm32f10x_hd.o(.text)
    EXTI1_IRQHandler                         0x0800015f   Thumb Code     0  startup_stm32f10x_hd.o(.text)
    EXTI2_IRQHandler                         0x0800015f   Thumb Code     0  startup_stm32f10x_hd.o(.text)
    EXTI3_IRQHandler                         0x0800015f   Thumb Code     0  startup_stm32f10x_hd.o(.text)
    EXTI4_IRQHandler                         0x0800015f   Thumb Code     0  startup_stm32f10x_hd.o(.text)
    EXTI9_5_IRQHandler                       0x0800015f   Thumb Code     0  startup_stm32f10x_hd.o(.text)
    FLASH_IRQHandler                         0x0800015f   Thumb Code     0  startup_stm32f10x_hd.o(.text)
    FSMC_IRQHandler                          0x0800015f   Thumb Code     0  startup_stm32f10x_hd.o(.text)
    I2C1_ER_IRQHandler                       0x0800015f   Thumb Code     0  startup_stm32f10x_hd.o(.text)
    I2C1_EV_IRQHandler                       0x0800015f   Thumb Code     0  startup_stm32f10x_hd.o(.text)
    I2C2_ER_IRQHandler                       0x0800015f   Thumb Code     0  startup_stm32f10x_hd.o(.text)
    I2C2_EV_IRQHandler                       0x0800015f   Thumb Code     0  startup_stm32f10x_hd.o(.text)
    PVD_IRQHandler                           0x0800015f   Thumb Code     0  startup_stm32f10x_hd.o(.text)
    RCC_IRQHandler                           0x0800015f   Thumb Code     0  startup_stm32f10x_hd.o(.text)
    RTCAlarm_IRQHandler                      0x0800015f   Thumb Code     0  startup_stm32f10x_hd.o(.text)
    RTC_IRQHandler                           0x0800015f   Thumb Code     0  startup_stm32f10x_hd.o(.text)
    SDIO_IRQHandler                          0x0800015f   Thumb Code     0  startup_stm32f10x_hd.o(.text)
    SPI1_IRQHandler                          0x0800015f   Thumb Code     0  startup_stm32f10x_hd.o(.text)
    SPI2_IRQHandler                          0x0800015f   Thumb Code     0  startup_stm32f10x_hd.o(.text)
    SPI3_IRQHandler                          0x0800015f   Thumb Code     0  startup_stm32f10x_hd.o(.text)
    TAMPER_IRQHandler                        0x0800015f   Thumb Code     0  startup_stm32f10x_hd.o(.text)
    TIM1_BRK_IRQHandler                      0x0800015f   Thumb Code     0  startup_stm32f10x_hd.o(.text)
    TIM1_CC_IRQHandler                       0x0800015f   Thumb Code     0  startup_stm32f10x_hd.o(.text)
    TIM1_TRG_COM_IRQHandler                  0x0800015f   Thumb Code     0  startup_stm32f10x_hd.o(.text)
    TIM1_UP_IRQHandler                       0x0800015f   Thumb Code     0  startup_stm32f10x_hd.o(.text)
    TIM3_IRQHandler                          0x0800015f   Thumb Code     0  startup_stm32f10x_hd.o(.text)
    TIM4_IRQHandler                          0x0800015f   Thumb Code     0  startup_stm32f10x_hd.o(.text)
    TIM5_IRQHandler                          0x0800015f   Thumb Code     0  startup_stm32f10x_hd.o(.text)
    TIM6_IRQHandler                          0x0800015f   Thumb Code     0  startup_stm32f10x_hd.o(.text)
    TIM7_IRQHandler                          0x0800015f   Thumb Code     0  startup_stm32f10x_hd.o(.text)
    TIM8_BRK_IRQHandler                      0x0800015f   Thumb Code     0  startup_stm32f10x_hd.o(.text)
    TIM8_CC_IRQHandler                       0x0800015f   Thumb Code     0  startup_stm32f10x_hd.o(.text)
    TIM8_TRG_COM_IRQHandler                  0x0800015f   Thumb Code     0  startup_stm32f10x_hd.o(.text)
    TIM8_UP_IRQHandler                       0x0800015f   Thumb Code     0  startup_stm32f10x_hd.o(.text)
    UART4_IRQHandler                         0x0800015f   Thumb Code     0  startup_stm32f10x_hd.o(.text)
    UART5_IRQHandler                         0x0800015f   Thumb Code     0  startup_stm32f10x_hd.o(.text)
    USART2_IRQHandler                        0x0800015f   Thumb Code     0  startup_stm32f10x_hd.o(.text)
    USART3_IRQHandler                        0x0800015f   Thumb Code     0  startup_stm32f10x_hd.o(.text)
    USBWakeUp_IRQHandler                     0x0800015f   Thumb Code     0  startup_stm32f10x_hd.o(.text)
    USB_HP_CAN1_TX_IRQHandler                0x0800015f   Thumb Code     0  startup_stm32f10x_hd.o(.text)
    USB_LP_CAN1_RX0_IRQHandler               0x0800015f   Thumb Code     0  startup_stm32f10x_hd.o(.text)
    WWDG_IRQHandler                          0x0800015f   Thumb Code     0  startup_stm32f10x_hd.o(.text)
    __scatterload                            0x08000169   Thumb Code    28  init.o(.text)
    __scatterload_rt2                        0x08000169   Thumb Code     0  init.o(.text)
    BusFault_Handler                         0x0800018d   Thumb Code     4  stm32f10x_it.o(i.BusFault_Handler)
    DMA1_Channel4_IRQHandler                 0x08000191   Thumb Code    26  usartconfig.o(i.DMA1_Channel4_IRQHandler)
    DMA_ClearFlag                            0x080001ad   Thumb Code    18  stm32f10x_dma.o(i.DMA_ClearFlag)
    DMA_Cmd                                  0x080001c9   Thumb Code    24  stm32f10x_dma.o(i.DMA_Cmd)
    DMA_DeInit                               0x080001e1   Thumb Code   324  stm32f10x_dma.o(i.DMA_DeInit)
    DMA_GetITStatus                          0x0800032d   Thumb Code    36  stm32f10x_dma.o(i.DMA_GetITStatus)
    DMA_ITConfig                             0x08000359   Thumb Code    18  stm32f10x_dma.o(i.DMA_ITConfig)
    DMA_Init                                 0x0800036b   Thumb Code    60  stm32f10x_dma.o(i.DMA_Init)
    DebugMon_Handler                         0x080003a7   Thumb Code     2  stm32f10x_it.o(i.DebugMon_Handler)
    DelayMs                                  0x080003a9   Thumb Code    28  main.o(i.DelayMs)
    GPIO_Init                                0x080003c5   Thumb Code   278  stm32f10x_gpio.o(i.GPIO_Init)
    HardFault_Handler                        0x080004db   Thumb Code     4  stm32f10x_it.o(i.HardFault_Handler)
    MemCreate                                0x080004e1   Thumb Code   118  mem.o(i.MemCreate)
    MemDelete                                0x0800055d   Thumb Code    28  mem.o(i.MemDelete)
    MemGet                                   0x08000579   Thumb Code    44  mem.o(i.MemGet)
    MemInit                                  0x080005a5   Thumb Code    20  mem.o(i.MemInit)
    MemManage_Handler                        0x080005b9   Thumb Code     4  stm32f10x_it.o(i.MemManage_Handler)
    NMI_Handler                              0x080005bd   Thumb Code     2  stm32f10x_it.o(i.NMI_Handler)
    NVIC_Init                                0x080005c1   Thumb Code   100  misc.o(i.NVIC_Init)
    PYSearch                                 0x08000631   Thumb Code   166  spell.o(i.PYSearch)
    PendSV_Handler                           0x080006dd   Thumb Code     2  stm32f10x_it.o(i.PendSV_Handler)
    RCC_AHBPeriphClockCmd                    0x080006e1   Thumb Code    26  stm32f10x_rcc.o(i.RCC_AHBPeriphClockCmd)
    RCC_APB1PeriphClockCmd                   0x08000701   Thumb Code    26  stm32f10x_rcc.o(i.RCC_APB1PeriphClockCmd)
    RCC_APB1PeriphResetCmd                   0x08000721   Thumb Code    26  stm32f10x_rcc.o(i.RCC_APB1PeriphResetCmd)
    RCC_APB2PeriphClockCmd                   0x08000741   Thumb Code    26  stm32f10x_rcc.o(i.RCC_APB2PeriphClockCmd)
    RCC_APB2PeriphResetCmd                   0x08000761   Thumb Code    26  stm32f10x_rcc.o(i.RCC_APB2PeriphResetCmd)
    RCC_GetClocksFreq                        0x08000781   Thumb Code   192  stm32f10x_rcc.o(i.RCC_GetClocksFreq)
    SVC_Handler                              0x08000855   Thumb Code     2  stm32f10x_it.o(i.SVC_Handler)
    SysTick_Handler                          0x08000941   Thumb Code     2  stm32f10x_it.o(i.SysTick_Handler)
    SystemInit                               0x08000945   Thumb Code    78  system_stm32f10x.o(i.SystemInit)
    TIM2_IRQHandler                          0x080009a5   Thumb Code    28  usartconfig.o(i.TIM2_IRQHandler)
    TIM_ARRPreloadConfig                     0x080009c1   Thumb Code    24  stm32f10x_tim.o(i.TIM_ARRPreloadConfig)
    TIM_ClearFlag                            0x080009d9   Thumb Code     6  stm32f10x_tim.o(i.TIM_ClearFlag)
    TIM_Cmd                                  0x080009df   Thumb Code    24  stm32f10x_tim.o(i.TIM_Cmd)
    TIM_Configuration                        0x080009f7   Thumb Code   140  usartconfig.o(i.TIM_Configuration)
    TIM_DeInit                               0x08000a85   Thumb Code   424  stm32f10x_tim.o(i.TIM_DeInit)
    TIM_GetITStatus                          0x08000c6d   Thumb Code    34  stm32f10x_tim.o(i.TIM_GetITStatus)
    TIM_ITConfig                             0x08000c8f   Thumb Code    18  stm32f10x_tim.o(i.TIM_ITConfig)
    TIM_NVIC_Configuration                   0x08000ca1   Thumb Code    34  usartconfig.o(i.TIM_NVIC_Configuration)
    TIM_OC1Init                              0x08000cc5   Thumb Code   132  stm32f10x_tim.o(i.TIM_OC1Init)
    TIM_OCStructInit                         0x08000d5d   Thumb Code    20  stm32f10x_tim.o(i.TIM_OCStructInit)
    TIM_SelectInputTrigger                   0x08000d71   Thumb Code    18  stm32f10x_tim.o(i.TIM_SelectInputTrigger)
    TIM_SetCounter                           0x08000d83   Thumb Code     4  stm32f10x_tim.o(i.TIM_SetCounter)
    TIM_TimeBaseInit                         0x08000d89   Thumb Code   122  stm32f10x_tim.o(i.TIM_TimeBaseInit)
    TIM_TimeBaseStructInit                   0x08000e2d   Thumb Code    18  stm32f10x_tim.o(i.TIM_TimeBaseStructInit)
    USART1_IRQHandler                        0x08000e41   Thumb Code    70  usartconfig.o(i.USART1_IRQHandler)
    USART_ClearCounter                       0x08000e91   Thumb Code    14  usartconfig.o(i.USART_ClearCounter)
    USART_ClearFlag                          0x08000e9f   Thumb Code    18  stm32f10x_usart.o(i.USART_ClearFlag)
    USART_Cmd                                0x08000eb1   Thumb Code    24  stm32f10x_usart.o(i.USART_Cmd)
    USART_Configuration                      0x08000ec9   Thumb Code    82  usartconfig.o(i.USART_Configuration)
    USART_DMACmd                             0x08000f21   Thumb Code    18  stm32f10x_usart.o(i.USART_DMACmd)
    USART_DMAUpdate                          0x08000f35   Thumb Code   184  usart.o(i.USART_DMAUpdate)
    USART_DMA_Configuration                  0x08001005   Thumb Code   140  usartconfig.o(i.USART_DMA_Configuration)
    USART_DeInit                             0x08001099   Thumb Code   134  stm32f10x_usart.o(i.USART_DeInit)
    USART_DispFun                            0x08001135   Thumb Code    26  usart.o(i.USART_DispFun)
    USART_GetFlagStatus                      0x0800114f   Thumb Code    26  stm32f10x_usart.o(i.USART_GetFlagStatus)
    USART_ITConfig                           0x08001169   Thumb Code    74  stm32f10x_usart.o(i.USART_ITConfig)
    USART_Init                               0x080011b5   Thumb Code   210  stm32f10x_usart.o(i.USART_Init)
    USART_NVIC_Configuration                 0x0800128d   Thumb Code    32  usartconfig.o(i.USART_NVIC_Configuration)
    USART_Pin_Configuration                  0x080012ad   Thumb Code    68  usartconfig.o(i.USART_Pin_Configuration)
    USART_ReceiveData                        0x080012f5   Thumb Code    10  stm32f10x_usart.o(i.USART_ReceiveData)
    USART_RecvByte                           0x08001301   Thumb Code    10  usartconfig.o(i.USART_RecvByte)
    USART_RecvData                           0x08001311   Thumb Code    38  usart.o(i.USART_RecvData)
    USART_RecvFun                            0x08001341   Thumb Code    16  usart.o(i.USART_RecvFun)
    USART_RecvResetBufferIndex               0x08001351   Thumb Code   262  usart.o(i.USART_RecvResetBufferIndex)
    USART_RecvUpdate                         0x0800148d   Thumb Code    88  usart.o(i.USART_RecvUpdate)
    USART_SendByte                           0x080014f5   Thumb Code    14  usartconfig.o(i.USART_SendByte)
    USART_SendData                           0x08001509   Thumb Code     8  stm32f10x_usart.o(i.USART_SendData)
    USART_SendUpdate                         0x08001511   Thumb Code   286  usart.o(i.USART_SendUpdate)
    USART_StartCounter                       0x0800164d   Thumb Code    16  usartconfig.o(i.USART_StartCounter)
    USART_StartRecvISR                       0x0800165d   Thumb Code    16  usartconfig.o(i.USART_StartRecvISR)
    USART_StartSendISR                       0x08001671   Thumb Code    16  usartconfig.o(i.USART_StartSendISR)
    USART_StopCounter                        0x08001685   Thumb Code    14  usartconfig.o(i.USART_StopCounter)
    USART_StopSendISR                        0x08001695   Thumb Code    16  usartconfig.o(i.USART_StopSendISR)
    USART_StructInit                         0x080016a9   Thumb Code    24  stm32f10x_usart.o(i.USART_StructInit)
    USART_WriteDataToBuffer                  0x080016c1   Thumb Code   292  usart.o(i.USART_WriteDataToBuffer)
    UsageFault_Handler                       0x080017fd   Thumb Code     4  stm32f10x_it.o(i.UsageFault_Handler)
    __scatterload_copy                       0x08001801   Thumb Code    14  handlers.o(i.__scatterload_copy)
    __scatterload_null                       0x0800180f   Thumb Code     2  handlers.o(i.__scatterload_null)
    __scatterload_zeroinit                   0x08001811   Thumb Code    14  handlers.o(i.__scatterload_zeroinit)
    main                                     0x08001821   Thumb Code    88  main.o(i.main)
    PY_MB_a                                  0x0800189c   Data           5  spell.o(.constdata)
    PY_MB_ai                                 0x080018a1   Data          27  spell.o(.constdata)
    PY_MB_an                                 0x080018bc   Data          19  spell.o(.constdata)
    PY_MB_ang                                0x080018cf   Data           7  spell.o(.constdata)
    PY_MB_ao                                 0x080018d6   Data          19  spell.o(.constdata)
    PY_MB_ba                                 0x080018e9   Data          35  spell.o(.constdata)
    PY_MB_bai                                0x0800190c   Data          17  spell.o(.constdata)
    PY_MB_ban                                0x0800191d   Data          31  spell.o(.constdata)
    PY_MB_bang                               0x0800193c   Data          25  spell.o(.constdata)
    PY_MB_bao                                0x08001955   Data          37  spell.o(.constdata)
    PY_MB_bei                                0x0800197a   Data          31  spell.o(.constdata)
    PY_MB_ben                                0x08001999   Data          11  spell.o(.constdata)
    PY_MB_beng                               0x080019a4   Data          13  spell.o(.constdata)
    PY_MB_bi                                 0x080019b1   Data          47  spell.o(.constdata)
    PY_MB_bian                               0x080019e0   Data          25  spell.o(.constdata)
    PY_MB_biao                               0x080019f9   Data           9  spell.o(.constdata)
    PY_MB_bie                                0x08001a02   Data           9  spell.o(.constdata)
    PY_MB_bin                                0x08001a0b   Data          13  spell.o(.constdata)
    PY_MB_bing                               0x08001a18   Data          19  spell.o(.constdata)
    PY_MB_bo                                 0x08001a2b   Data          41  spell.o(.constdata)
    PY_MB_bu                                 0x08001a54   Data          21  spell.o(.constdata)
    PY_MB_ca                                 0x08001a69   Data           3  spell.o(.constdata)
    PY_MB_cai                                0x08001a6c   Data          23  spell.o(.constdata)
    PY_MB_can                                0x08001a83   Data          15  spell.o(.constdata)
    PY_MB_cang                               0x08001a92   Data          11  spell.o(.constdata)
    PY_MB_cao                                0x08001a9d   Data          11  spell.o(.constdata)
    PY_MB_ce                                 0x08001aa8   Data          11  spell.o(.constdata)
    PY_MB_ceng                               0x08001ab3   Data           7  spell.o(.constdata)
    PY_MB_cha                                0x08001aba   Data          25  spell.o(.constdata)
    PY_MB_chai                               0x08001ad3   Data           7  spell.o(.constdata)
    PY_MB_chan                               0x08001ada   Data          21  spell.o(.constdata)
    PY_MB_chang                              0x08001aef   Data          25  spell.o(.constdata)
    PY_MB_chao                               0x08001b08   Data          21  spell.o(.constdata)
    PY_MB_che                                0x08001b1d   Data          13  spell.o(.constdata)
    PY_MB_chen                               0x08001b2a   Data          21  spell.o(.constdata)
    PY_MB_cheng                              0x08001b3f   Data          31  spell.o(.constdata)
    PY_MB_chi                                0x08001b5e   Data          31  spell.o(.constdata)
    PY_MB_chong                              0x08001b7d   Data          11  spell.o(.constdata)
    PY_MB_chou                               0x08001b88   Data          25  spell.o(.constdata)
    PY_MB_chu                                0x08001ba1   Data          35  spell.o(.constdata)
    PY_MB_chuai                              0x08001bc4   Data           3  spell.o(.constdata)
    PY_MB_chuan                              0x08001bc7   Data          15  spell.o(.constdata)
    PY_MB_chuang                             0x08001bd6   Data          11  spell.o(.constdata)
    PY_MB_chui                               0x08001be1   Data          11  spell.o(.constdata)
    PY_MB_chun                               0x08001bec   Data          15  spell.o(.constdata)
    PY_MB_chuo                               0x08001bfb   Data           3  spell.o(.constdata)
    PY_MB_ci                                 0x08001bfe   Data          25  spell.o(.constdata)
    PY_MB_cong                               0x08001c17   Data          13  spell.o(.constdata)
    PY_MB_cou                                0x08001c24   Data           3  spell.o(.constdata)
    PY_MB_cu                                 0x08001c27   Data           9  spell.o(.constdata)
    PY_MB_cuan                               0x08001c30   Data           7  spell.o(.constdata)
    PY_MB_cui                                0x08001c37   Data          17  spell.o(.constdata)
    PY_MB_cun                                0x08001c48   Data           7  spell.o(.constdata)
    PY_MB_cuo                                0x08001c4f   Data          13  spell.o(.constdata)
    PY_MB_da                                 0x08001c5c   Data          13  spell.o(.constdata)
    PY_MB_dai                                0x08001c69   Data          25  spell.o(.constdata)
    PY_MB_dan                                0x08001c82   Data          31  spell.o(.constdata)
    PY_MB_dang                               0x08001ca1   Data          11  spell.o(.constdata)
    PY_MB_dao                                0x08001cac   Data          25  spell.o(.constdata)
    PY_MB_de                                 0x08001cc5   Data           7  spell.o(.constdata)
    PY_MB_deng                               0x08001ccc   Data          15  spell.o(.constdata)
    PY_MB_di                                 0x08001cdb   Data          37  spell.o(.constdata)
    PY_MB_dian                               0x08001d00   Data          33  spell.o(.constdata)
    PY_MB_diao                               0x08001d21   Data          17  spell.o(.constdata)
    PY_MB_die                                0x08001d32   Data          15  spell.o(.constdata)
    PY_MB_ding                               0x08001d41   Data          19  spell.o(.constdata)
    PY_MB_diu                                0x08001d54   Data           3  spell.o(.constdata)
    PY_MB_dong                               0x08001d57   Data          21  spell.o(.constdata)
    PY_MB_dou                                0x08001d6c   Data          17  spell.o(.constdata)
    PY_MB_du                                 0x08001d7d   Data          29  spell.o(.constdata)
    PY_MB_duan                               0x08001d9a   Data          13  spell.o(.constdata)
    PY_MB_dui                                0x08001da7   Data           9  spell.o(.constdata)
    PY_MB_dun                                0x08001db0   Data          17  spell.o(.constdata)
    PY_MB_duo                                0x08001dc1   Data          25  spell.o(.constdata)
    PY_MB_e                                  0x08001dda   Data          27  spell.o(.constdata)
    PY_MB_en                                 0x08001df5   Data           3  spell.o(.constdata)
    PY_MB_er                                 0x08001df8   Data          17  spell.o(.constdata)
    PY_MB_fa                                 0x08001e09   Data          17  spell.o(.constdata)
    PY_MB_fan                                0x08001e1a   Data          35  spell.o(.constdata)
    PY_MB_fang                               0x08001e3d   Data          23  spell.o(.constdata)
    PY_MB_fei                                0x08001e54   Data          25  spell.o(.constdata)
    PY_MB_fen                                0x08001e6d   Data          31  spell.o(.constdata)
    PY_MB_feng                               0x08001e8c   Data          31  spell.o(.constdata)
    PY_MB_fo                                 0x08001eab   Data           3  spell.o(.constdata)
    PY_MB_fou                                0x08001eae   Data           3  spell.o(.constdata)
    PY_MB_fu                                 0x08001eb1   Data          89  spell.o(.constdata)
    PY_MB_ga                                 0x08001f0a   Data           5  spell.o(.constdata)
    PY_MB_gai                                0x08001f0f   Data          13  spell.o(.constdata)
    PY_MB_gan                                0x08001f1c   Data          23  spell.o(.constdata)
    PY_MB_gang                               0x08001f33   Data          19  spell.o(.constdata)
    PY_MB_gao                                0x08001f46   Data          21  spell.o(.constdata)
    PY_MB_ge                                 0x08001f5b   Data          35  spell.o(.constdata)
    PY_MB_gei                                0x08001f7e   Data           3  spell.o(.constdata)
    PY_MB_gen                                0x08001f81   Data           5  spell.o(.constdata)
    PY_MB_geng                               0x08001f86   Data          15  spell.o(.constdata)
    PY_MB_gong                               0x08001f95   Data          31  spell.o(.constdata)
    PY_MB_gou                                0x08001fb4   Data          19  spell.o(.constdata)
    PY_MB_gu                                 0x08001fc7   Data          37  spell.o(.constdata)
    PY_MB_gua                                0x08001fec   Data          13  spell.o(.constdata)
    PY_MB_guai                               0x08001ff9   Data           7  spell.o(.constdata)
    PY_MB_guan                               0x08002000   Data          23  spell.o(.constdata)
    PY_MB_guang                              0x08002017   Data           7  spell.o(.constdata)
    PY_MB_gui                                0x0800201e   Data          33  spell.o(.constdata)
    PY_MB_gun                                0x0800203f   Data           7  spell.o(.constdata)
    PY_MB_guo                                0x08002046   Data          13  spell.o(.constdata)
    PY_MB_ha                                 0x08002053   Data           5  spell.o(.constdata)
    PY_MB_hai                                0x08002058   Data          15  spell.o(.constdata)
    PY_MB_han                                0x08002067   Data          39  spell.o(.constdata)
    PY_MB_hang                               0x0800208e   Data           7  spell.o(.constdata)
    PY_MB_hao                                0x08002095   Data          19  spell.o(.constdata)
    PY_MB_he                                 0x080020a8   Data          35  spell.o(.constdata)
    PY_MB_hei                                0x080020cb   Data           5  spell.o(.constdata)
    PY_MB_hen                                0x080020d0   Data           9  spell.o(.constdata)
    PY_MB_heng                               0x080020d9   Data          11  spell.o(.constdata)
    PY_MB_hong                               0x080020e4   Data          19  spell.o(.constdata)
    PY_MB_hou                                0x080020f7   Data          15  spell.o(.constdata)
    PY_MB_hu                                 0x08002106   Data          37  spell.o(.constdata)
    PY_MB_hua                                0x0800212b   Data          19  spell.o(.constdata)
    PY_MB_huai                               0x0800213e   Data          11  spell.o(.constdata)
    PY_MB_huan                               0x08002149   Data          29  spell.o(.constdata)
    PY_MB_huang                              0x08002166   Data          29  spell.o(.constdata)
    PY_MB_hui                                0x08002183   Data          43  spell.o(.constdata)
    PY_MB_hun                                0x080021ae   Data          13  spell.o(.constdata)
    PY_MB_huo                                0x080021bb   Data          21  spell.o(.constdata)
    PY_MB_ji                                 0x080021d0   Data         109  spell.o(.constdata)
    PY_MB_jia                                0x0800223d   Data          37  spell.o(.constdata)
    PY_MB_jian                               0x08002262   Data          79  spell.o(.constdata)
    PY_MB_jiang                              0x080022b1   Data          27  spell.o(.constdata)
    PY_MB_jiao                               0x080022cc   Data          57  spell.o(.constdata)
    PY_MB_jie                                0x08002305   Data          51  spell.o(.constdata)
    PY_MB_jin                                0x08002338   Data          41  spell.o(.constdata)
    PY_MB_jing                               0x08002361   Data          51  spell.o(.constdata)
    PY_MB_jiong                              0x08002394   Data           5  spell.o(.constdata)
    PY_MB_jiu                                0x08002399   Data          35  spell.o(.constdata)
    PY_MB_ju                                 0x080023bc   Data          53  spell.o(.constdata)
    PY_MB_juan                               0x080023f1   Data          15  spell.o(.constdata)
    PY_MB_jue                                0x08002400   Data          19  spell.o(.constdata)
    PY_MB_jun                                0x08002413   Data          23  spell.o(.constdata)
    PY_MB_ka                                 0x0800242a   Data           7  spell.o(.constdata)
    PY_MB_kai                                0x08002431   Data          11  spell.o(.constdata)
    PY_MB_kan                                0x0800243c   Data          15  spell.o(.constdata)
    PY_MB_kang                               0x0800244b   Data          15  spell.o(.constdata)
    PY_MB_kao                                0x0800245a   Data           9  spell.o(.constdata)
    PY_MB_ke                                 0x08002463   Data          31  spell.o(.constdata)
    PY_MB_ken                                0x08002482   Data           9  spell.o(.constdata)
    PY_MB_keng                               0x0800248b   Data           5  spell.o(.constdata)
    PY_MB_kong                               0x08002490   Data           9  spell.o(.constdata)
    PY_MB_kou                                0x08002499   Data           9  spell.o(.constdata)
    PY_MB_ku                                 0x080024a2   Data          15  spell.o(.constdata)
    PY_MB_kua                                0x080024b1   Data          11  spell.o(.constdata)
    PY_MB_kuai                               0x080024bc   Data           9  spell.o(.constdata)
    PY_MB_kuan                               0x080024c5   Data           5  spell.o(.constdata)
    PY_MB_kuang                              0x080024ca   Data          17  spell.o(.constdata)
    PY_MB_kui                                0x080024db   Data          23  spell.o(.constdata)
    PY_MB_kun                                0x080024f2   Data           9  spell.o(.constdata)
    PY_MB_kuo                                0x080024fb   Data           9  spell.o(.constdata)
    PY_MB_la                                 0x08002504   Data          15  spell.o(.constdata)
    PY_MB_lai                                0x08002513   Data           7  spell.o(.constdata)
    PY_MB_lan                                0x0800251a   Data          31  spell.o(.constdata)
    PY_MB_lang                               0x08002539   Data          15  spell.o(.constdata)
    PY_MB_lao                                0x08002548   Data          19  spell.o(.constdata)
    PY_MB_le                                 0x0800255b   Data           7  spell.o(.constdata)
    PY_MB_lei                                0x08002562   Data          23  spell.o(.constdata)
    PY_MB_leng                               0x08002579   Data           7  spell.o(.constdata)
    PY_MB_li                                 0x08002580   Data          69  spell.o(.constdata)
    PY_MB_lian                               0x080025c5   Data          29  spell.o(.constdata)
    PY_MB_liang                              0x080025e2   Data          25  spell.o(.constdata)
    PY_MB_liao                               0x080025fb   Data          25  spell.o(.constdata)
    PY_MB_lie                                0x08002614   Data          11  spell.o(.constdata)
    PY_MB_lin                                0x0800261f   Data          25  spell.o(.constdata)
    PY_MB_ling                               0x08002638   Data          29  spell.o(.constdata)
    PY_MB_liu                                0x08002655   Data          23  spell.o(.constdata)
    PY_MB_long                               0x0800266c   Data          19  spell.o(.constdata)
    PY_MB_lou                                0x0800267f   Data          13  spell.o(.constdata)
    PY_MB_lu                                 0x0800268c   Data          41  spell.o(.constdata)
    PY_MB_luan                               0x080026b5   Data          13  spell.o(.constdata)
    PY_MB_lue                                0x080026c2   Data           5  spell.o(.constdata)
    PY_MB_lun                                0x080026c7   Data          15  spell.o(.constdata)
    PY_MB_luo                                0x080026d6   Data          25  spell.o(.constdata)
    PY_MB_lv                                 0x080026ef   Data          29  spell.o(.constdata)
    PY_MB_ma                                 0x0800270c   Data          19  spell.o(.constdata)
    PY_MB_mai                                0x0800271f   Data          13  spell.o(.constdata)
    PY_MB_man                                0x0800272c   Data          19  spell.o(.constdata)
    PY_MB_mang                               0x0800273f   Data          13  spell.o(.constdata)
    PY_MB_mao                                0x0800274c   Data          25  spell.o(.constdata)
    PY_MB_me                                 0x08002765   Data           3  spell.o(.constdata)
    PY_MB_mei                                0x08002768   Data          33  spell.o(.constdata)
    PY_MB_men                                0x08002789   Data           7  spell.o(.constdata)
    PY_MB_meng                               0x08002790   Data          17  spell.o(.constdata)
    PY_MB_mi                                 0x080027a1   Data          29  spell.o(.constdata)
    PY_MB_mian                               0x080027be   Data          19  spell.o(.constdata)
    PY_MB_miao                               0x080027d1   Data          17  spell.o(.constdata)
    PY_MB_mie                                0x080027e2   Data           5  spell.o(.constdata)
    PY_MB_min                                0x080027e7   Data          13  spell.o(.constdata)
    PY_MB_ming                               0x080027f4   Data          13  spell.o(.constdata)
    PY_MB_miu                                0x08002801   Data           3  spell.o(.constdata)
    PY_MB_mo                                 0x08002804   Data          37  spell.o(.constdata)
    PY_MB_mou                                0x08002829   Data           7  spell.o(.constdata)
    PY_MB_mu                                 0x08002830   Data          31  spell.o(.constdata)
    PY_MB_na                                 0x0800284f   Data          15  spell.o(.constdata)
    PY_MB_nai                                0x0800285e   Data          11  spell.o(.constdata)
    PY_MB_nan                                0x08002869   Data           7  spell.o(.constdata)
    PY_MB_nang                               0x08002870   Data           3  spell.o(.constdata)
    PY_MB_nao                                0x08002873   Data          11  spell.o(.constdata)
    PY_MB_ne                                 0x0800287e   Data           3  spell.o(.constdata)
    PY_MB_nei                                0x08002881   Data           5  spell.o(.constdata)
    PY_MB_nen                                0x08002886   Data           3  spell.o(.constdata)
    PY_MB_neng                               0x08002889   Data           3  spell.o(.constdata)
    PY_MB_ni                                 0x0800288c   Data          23  spell.o(.constdata)
    PY_MB_nian                               0x080028a3   Data          15  spell.o(.constdata)
    PY_MB_niang                              0x080028b2   Data           5  spell.o(.constdata)
    PY_MB_niao                               0x080028b7   Data           5  spell.o(.constdata)
    PY_MB_nie                                0x080028bc   Data          15  spell.o(.constdata)
    PY_MB_nin                                0x080028cb   Data           3  spell.o(.constdata)
    PY_MB_ning                               0x080028ce   Data          13  spell.o(.constdata)
    PY_MB_niu                                0x080028db   Data           9  spell.o(.constdata)
    PY_MB_nong                               0x080028e4   Data           9  spell.o(.constdata)
    PY_MB_nu                                 0x080028ed   Data           7  spell.o(.constdata)
    PY_MB_nuan                               0x080028f4   Data           3  spell.o(.constdata)
    PY_MB_nue                                0x080028f7   Data           5  spell.o(.constdata)
    PY_MB_nuo                                0x080028fc   Data           9  spell.o(.constdata)
    PY_MB_nv                                 0x08002905   Data           3  spell.o(.constdata)
    PY_MB_o                                  0x08002908   Data           3  spell.o(.constdata)
    PY_MB_ou                                 0x0800290b   Data          15  spell.o(.constdata)
    PY_MB_pa                                 0x0800291a   Data          15  spell.o(.constdata)
    PY_MB_pai                                0x08002929   Data          13  spell.o(.constdata)
    PY_MB_pan                                0x08002936   Data          17  spell.o(.constdata)
    PY_MB_pang                               0x08002947   Data          11  spell.o(.constdata)
    PY_MB_pao                                0x08002952   Data          15  spell.o(.constdata)
    PY_MB_pei                                0x08002961   Data          19  spell.o(.constdata)
    PY_MB_pen                                0x08002974   Data           5  spell.o(.constdata)
    PY_MB_peng                               0x08002979   Data          29  spell.o(.constdata)
    PY_MB_pi                                 0x08002996   Data          37  spell.o(.constdata)
    PY_MB_pian                               0x080029bb   Data           9  spell.o(.constdata)
    PY_MB_piao                               0x080029c4   Data           9  spell.o(.constdata)
    PY_MB_pie                                0x080029cd   Data           5  spell.o(.constdata)
    PY_MB_pin                                0x080029d2   Data          11  spell.o(.constdata)
    PY_MB_ping                               0x080029dd   Data          19  spell.o(.constdata)
    PY_MB_po                                 0x080029f0   Data          17  spell.o(.constdata)
    PY_MB_pou                                0x08002a01   Data           3  spell.o(.constdata)
    PY_MB_pu                                 0x08002a04   Data          31  spell.o(.constdata)
    PY_MB_qi                                 0x08002a23   Data          73  spell.o(.constdata)
    PY_MB_qia                                0x08002a6c   Data           7  spell.o(.constdata)
    PY_MB_qian                               0x08002a73   Data          45  spell.o(.constdata)
    PY_MB_qiang                              0x08002aa0   Data          17  spell.o(.constdata)
    PY_MB_qiao                               0x08002ab1   Data          31  spell.o(.constdata)
    PY_MB_qie                                0x08002ad0   Data          11  spell.o(.constdata)
    PY_MB_qin                                0x08002adb   Data          23  spell.o(.constdata)
    PY_MB_qing                               0x08002af2   Data          27  spell.o(.constdata)
    PY_MB_qiong                              0x08002b0d   Data           5  spell.o(.constdata)
    PY_MB_qiu                                0x08002b12   Data          17  spell.o(.constdata)
    PY_MB_qu                                 0x08002b23   Data          27  spell.o(.constdata)
    PY_MB_quan                               0x08002b3e   Data          23  spell.o(.constdata)
    PY_MB_que                                0x08002b55   Data          17  spell.o(.constdata)
    PY_MB_qun                                0x08002b66   Data           5  spell.o(.constdata)
    PY_MB_ran                                0x08002b6b   Data           9  spell.o(.constdata)
    PY_MB_rang                               0x08002b74   Data          11  spell.o(.constdata)
    PY_MB_rao                                0x08002b7f   Data           7  spell.o(.constdata)
    PY_MB_re                                 0x08002b86   Data           5  spell.o(.constdata)
    PY_MB_ren                                0x08002b8b   Data          21  spell.o(.constdata)
    PY_MB_reng                               0x08002ba0   Data           5  spell.o(.constdata)
    PY_MB_ri                                 0x08002ba5   Data           3  spell.o(.constdata)
    PY_MB_rong                               0x08002ba8   Data          21  spell.o(.constdata)
    PY_MB_rou                                0x08002bbd   Data           7  spell.o(.constdata)
    PY_MB_ru                                 0x08002bc4   Data          21  spell.o(.constdata)
    PY_MB_ruan                               0x08002bd9   Data           5  spell.o(.constdata)
    PY_MB_rui                                0x08002bde   Data           7  spell.o(.constdata)
    PY_MB_run                                0x08002be5   Data           5  spell.o(.constdata)
    PY_MB_ruo                                0x08002bea   Data           5  spell.o(.constdata)
    PY_MB_sa                                 0x08002bef   Data           7  spell.o(.constdata)
    PY_MB_sai                                0x08002bf6   Data           9  spell.o(.constdata)
    PY_MB_san                                0x08002bff   Data           9  spell.o(.constdata)
    PY_MB_sang                               0x08002c08   Data           7  spell.o(.constdata)
    PY_MB_sao                                0x08002c0f   Data           9  spell.o(.constdata)
    PY_MB_se                                 0x08002c18   Data           7  spell.o(.constdata)
    PY_MB_sen                                0x08002c1f   Data           3  spell.o(.constdata)
    PY_MB_seng                               0x08002c22   Data           3  spell.o(.constdata)
    PY_MB_sha                                0x08002c25   Data          19  spell.o(.constdata)
    PY_MB_shai                               0x08002c38   Data           5  spell.o(.constdata)
    PY_MB_shan                               0x08002c3d   Data          35  spell.o(.constdata)
    PY_MB_shang                              0x08002c60   Data          17  spell.o(.constdata)
    PY_MB_shao                               0x08002c71   Data          23  spell.o(.constdata)
    PY_MB_she                                0x08002c88   Data          25  spell.o(.constdata)
    PY_MB_shen                               0x08002ca1   Data          35  spell.o(.constdata)
    PY_MB_sheng                              0x08002cc4   Data          23  spell.o(.constdata)
    PY_MB_shi                                0x08002cdb   Data          97  spell.o(.constdata)
    PY_MB_shou                               0x08002d3c   Data          21  spell.o(.constdata)
    PY_MB_shu                                0x08002d51   Data          67  spell.o(.constdata)
    PY_MB_shua                               0x08002d94   Data           5  spell.o(.constdata)
    PY_MB_shuai                              0x08002d99   Data           9  spell.o(.constdata)
    PY_MB_shuan                              0x08002da2   Data           5  spell.o(.constdata)
    PY_MB_shuang                             0x08002da7   Data           7  spell.o(.constdata)
    PY_MB_shui                               0x08002dae   Data           9  spell.o(.constdata)
    PY_MB_shun                               0x08002db7   Data           9  spell.o(.constdata)
    PY_MB_shuo                               0x08002dc0   Data           9  spell.o(.constdata)
    PY_MB_si                                 0x08002dc9   Data          31  spell.o(.constdata)
    PY_MB_song                               0x08002de8   Data          17  spell.o(.constdata)
    PY_MB_sou                                0x08002df9   Data           9  spell.o(.constdata)
    PY_MB_su                                 0x08002e02   Data          23  spell.o(.constdata)
    PY_MB_suan                               0x08002e19   Data           7  spell.o(.constdata)
    PY_MB_sui                                0x08002e20   Data          23  spell.o(.constdata)
    PY_MB_sun                                0x08002e37   Data           7  spell.o(.constdata)
    PY_MB_suo                                0x08002e3e   Data          17  spell.o(.constdata)
    PY_MB_ta                                 0x08002e4f   Data          19  spell.o(.constdata)
    PY_MB_tai                                0x08002e62   Data          19  spell.o(.constdata)
    PY_MB_tan                                0x08002e75   Data          37  spell.o(.constdata)
    PY_MB_tang                               0x08002e9a   Data          27  spell.o(.constdata)
    PY_MB_tao                                0x08002eb5   Data          23  spell.o(.constdata)
    PY_MB_te                                 0x08002ecc   Data           3  spell.o(.constdata)
    PY_MB_teng                               0x08002ecf   Data           9  spell.o(.constdata)
    PY_MB_ti                                 0x08002ed8   Data          31  spell.o(.constdata)
    PY_MB_tian                               0x08002ef7   Data          17  spell.o(.constdata)
    PY_MB_tiao                               0x08002f08   Data          13  spell.o(.constdata)
    PY_MB_tie                                0x08002f15   Data           7  spell.o(.constdata)
    PY_MB_ting                               0x08002f1c   Data          21  spell.o(.constdata)
    PY_MB_tong                               0x08002f31   Data          27  spell.o(.constdata)
    PY_MB_tou                                0x08002f4c   Data           9  spell.o(.constdata)
    PY_MB_tu                                 0x08002f55   Data          23  spell.o(.constdata)
    PY_MB_tuan                               0x08002f6c   Data           5  spell.o(.constdata)
    PY_MB_tui                                0x08002f71   Data          13  spell.o(.constdata)
    PY_MB_tun                                0x08002f7e   Data           9  spell.o(.constdata)
    PY_MB_tuo                                0x08002f87   Data          23  spell.o(.constdata)
    PY_MB_wa                                 0x08002f9e   Data          15  spell.o(.constdata)
    PY_MB_wai                                0x08002fad   Data           5  spell.o(.constdata)
    PY_MB_wan                                0x08002fb2   Data          35  spell.o(.constdata)
    PY_MB_wang                               0x08002fd5   Data          21  spell.o(.constdata)
    PY_MB_wei                                0x08002fea   Data          67  spell.o(.constdata)
    PY_MB_wen                                0x0800302d   Data          21  spell.o(.constdata)
    PY_MB_weng                               0x08003042   Data           7  spell.o(.constdata)
    PY_MB_wo                                 0x08003049   Data          19  spell.o(.constdata)
    PY_MB_wu                                 0x0800305c   Data          59  spell.o(.constdata)
    PY_MB_xi                                 0x08003097   Data          69  spell.o(.constdata)
    PY_MB_xia                                0x080030dc   Data          25  spell.o(.constdata)
    PY_MB_xian                               0x080030f5   Data          55  spell.o(.constdata)
    PY_MB_xiang                              0x0800312c   Data          41  spell.o(.constdata)
    PY_MB_xiao                               0x08003155   Data          35  spell.o(.constdata)
    PY_MB_xie                                0x08003178   Data          41  spell.o(.constdata)
    PY_MB_xin                                0x080031a1   Data          21  spell.o(.constdata)
    PY_MB_xing                               0x080031b6   Data          29  spell.o(.constdata)
    PY_MB_xiong                              0x080031d3   Data          15  spell.o(.constdata)
    PY_MB_xiu                                0x080031e2   Data          21  spell.o(.constdata)
    PY_MB_xu                                 0x080031f7   Data          39  spell.o(.constdata)
    PY_MB_xuan                               0x0800321e   Data          21  spell.o(.constdata)
    PY_MB_xue                                0x08003233   Data          15  spell.o(.constdata)
    PY_MB_xun                                0x08003242   Data          29  spell.o(.constdata)
    PY_MB_ya                                 0x0800325f   Data          33  spell.o(.constdata)
    PY_MB_yan                                0x08003280   Data          67  spell.o(.constdata)
    PY_MB_yang                               0x080032c3   Data          35  spell.o(.constdata)
    PY_MB_yao                                0x080032e6   Data          35  spell.o(.constdata)
    PY_MB_ye                                 0x08003309   Data          31  spell.o(.constdata)
    PY_MB_yi                                 0x08003328   Data         107  spell.o(.constdata)
    PY_MB_yin                                0x08003393   Data          33  spell.o(.constdata)
    PY_MB_ying                               0x080033b4   Data          37  spell.o(.constdata)
    PY_MB_yo                                 0x080033d9   Data           3  spell.o(.constdata)
    PY_MB_yong                               0x080033dc   Data          31  spell.o(.constdata)
    PY_MB_you                                0x080033fb   Data          41  spell.o(.constdata)
    PY_MB_yu                                 0x08003424   Data          89  spell.o(.constdata)
    PY_MB_yuan                               0x0800347d   Data          41  spell.o(.constdata)
    PY_MB_yue                                0x080034a6   Data          19  spell.o(.constdata)
    PY_MB_yun                                0x080034b9   Data          25  spell.o(.constdata)
    PY_MB_za                                 0x080034d2   Data           9  spell.o(.constdata)
    PY_MB_zai                                0x080034db   Data          17  spell.o(.constdata)
    PY_MB_zan                                0x080034ec   Data           9  spell.o(.constdata)
    PY_MB_zang                               0x080034f5   Data           7  spell.o(.constdata)
    PY_MB_zao                                0x080034fc   Data          29  spell.o(.constdata)
    PY_MB_ze                                 0x08003519   Data           9  spell.o(.constdata)
    PY_MB_zei                                0x08003522   Data           3  spell.o(.constdata)
    PY_MB_zen                                0x08003525   Data           3  spell.o(.constdata)
    PY_MB_zeng                               0x08003528   Data           7  spell.o(.constdata)
    PY_MB_zha                                0x0800352f   Data          27  spell.o(.constdata)
    PY_MB_zhai                               0x0800354a   Data          15  spell.o(.constdata)
    PY_MB_zhan                               0x08003559   Data          35  spell.o(.constdata)
    PY_MB_zhang                              0x0800357c   Data          33  spell.o(.constdata)
    PY_MB_zhao                               0x0800359d   Data          23  spell.o(.constdata)
    PY_MB_zhe                                0x080035b4   Data          23  spell.o(.constdata)
    PY_MB_zhen                               0x080035cb   Data          35  spell.o(.constdata)
    PY_MB_zheng                              0x080035ee   Data          29  spell.o(.constdata)
    PY_MB_zhi                                0x0800360b   Data          87  spell.o(.constdata)
    PY_MB_zhong                              0x08003662   Data          23  spell.o(.constdata)
    PY_MB_zhou                               0x08003679   Data          29  spell.o(.constdata)
    PY_MB_zhu                                0x08003696   Data          53  spell.o(.constdata)
    PY_MB_zhua                               0x080036cb   Data           3  spell.o(.constdata)
    PY_MB_zhuai                              0x080036ce   Data           3  spell.o(.constdata)
    PY_MB_zhuan                              0x080036d1   Data          11  spell.o(.constdata)
    PY_MB_zhuang                             0x080036dc   Data          17  spell.o(.constdata)
    PY_MB_zhui                               0x080036ed   Data          13  spell.o(.constdata)
    PY_MB_zhun                               0x080036fa   Data           5  spell.o(.constdata)
    PY_MB_zhuo                               0x080036ff   Data          21  spell.o(.constdata)
    PY_MB_zi                                 0x08003714   Data          29  spell.o(.constdata)
    PY_MB_zong                               0x08003731   Data          15  spell.o(.constdata)
    PY_MB_zou                                0x08003740   Data           9  spell.o(.constdata)
    PY_MB_zu                                 0x08003749   Data          17  spell.o(.constdata)
    PY_MB_zuan                               0x0800375a   Data           7  spell.o(.constdata)
    PY_MB_zui                                0x08003761   Data           9  spell.o(.constdata)
    PY_MB_zun                                0x0800376a   Data           5  spell.o(.constdata)
    PY_MB_zuo                                0x0800376f   Data          15  spell.o(.constdata)
    PY_MB_space                              0x0800377e   Data           1  spell.o(.constdata)
    PYRankTwoList_a                          0x08003780   Data          40  spell.o(.constdata)
    PYRankTwoList_b                          0x080037a8   Data         128  spell.o(.constdata)
    PYRankTwoList_c                          0x08003828   Data         264  spell.o(.constdata)
    PYRankTwoList_d                          0x08003930   Data         160  spell.o(.constdata)
    PYRankTwoList_e                          0x080039d0   Data          24  spell.o(.constdata)
    PYRankTwoList_f                          0x080039e8   Data          72  spell.o(.constdata)
    PYRankTwoList_g                          0x08003a30   Data         152  spell.o(.constdata)
    PYRankTwoList_h                          0x08003ac8   Data         152  spell.o(.constdata)
    PYRankTwoList_i                          0x08003b60   Data           8  spell.o(.constdata)
    PYRankTwoList_j                          0x08003b68   Data         112  spell.o(.constdata)
    PYRankTwoList_k                          0x08003bd8   Data         144  spell.o(.constdata)
    PYRankTwoList_l                          0x08003c68   Data         192  spell.o(.constdata)
    PYRankTwoList_m                          0x08003d28   Data         152  spell.o(.constdata)
    PYRankTwoList_n                          0x08003dc0   Data         184  spell.o(.constdata)
    PYRankTwoList_o                          0x08003e78   Data          16  spell.o(.constdata)
    PYRankTwoList_p                          0x08003e88   Data         136  spell.o(.constdata)
    PYRankTwoList_q                          0x08003f10   Data         112  spell.o(.constdata)
    PYRankTwoList_r                          0x08003f80   Data         112  spell.o(.constdata)
    PYRankTwoList_s                          0x08003ff0   Data         272  spell.o(.constdata)
    PYRankTwoList_t                          0x08004100   Data         152  spell.o(.constdata)
    PYRankTwoList_u                          0x08004198   Data           8  spell.o(.constdata)
    PYRankTwoList_v                          0x080041a0   Data           8  spell.o(.constdata)
    PYRankTwoList_w                          0x080041a8   Data          72  spell.o(.constdata)
    PYRankTwoList_x                          0x080041f0   Data         112  spell.o(.constdata)
    PYRankTwoList_y                          0x08004260   Data         120  spell.o(.constdata)
    PYRankTwoList_z                          0x080042d8   Data         288  spell.o(.constdata)
    PYRankTwoList_end                        0x080043f8   Data           8  spell.o(.constdata)
    Region$$Table$$Base                      0x080045e4   Number         0  anon$$obj.o(Region$$Table)
    Region$$Table$$Limit                     0x08004604   Number         0  anon$$obj.o(Region$$Table)
    USARTIndex                               0x20000000   Data           4  main.o(.data)
    PYRankThreeList                          0x20000004   Data         108  spell.o(.data)
    USARTSendQBoxHost                        0x20000070   Data           1  usart.o(.data)
    USARTSendQBoxTail                        0x20000071   Data           1  usart.o(.data)
    USARTSendQFree                           0x20000074   Data           4  usart.o(.data)
    USARTSendOVF                             0x20000078   Data           1  usart.o(.data)
    USARTRunningFlag                         0x20000079   Data           1  usart.o(.data)
    USARTRecvOVF                             0x2000007a   Data           1  usart.o(.data)
    Recv1Index                               0x2000007c   Data           4  usart.o(.data)
    Recv1Count                               0x20000080   Data           4  usart.o(.data)
    USARTRecvFlag                            0x20000084   Data           1  usart.o(.data)
    MemTcb                                   0x200000a4   Data          64  mem.o(.bss)
    USARTMemQ                                0x200000e4   Data        1024  mem.o(.bss)
    USARTSendTCB                             0x200004e4   Data         160  usart.o(.bss)
    USARTQRecvBuffer                         0x20000584   Data          32  usart.o(.bss)
    __initial_sp                             0x200009a8   Data           0  startup_stm32f10x_hd.o(STACK)



==============================================================================

Memory Map of the image

  Image Entry point : 0x08000131

  Load Region LR_IROM1 (Base: 0x08000000, Size: 0x000046a8, Max: 0x00040000, ABSOLUTE)

    Execution Region ER_IROM1 (Base: 0x08000000, Size: 0x00004604, Max: 0x00040000, ABSOLUTE)

    Base Addr    Size         Type   Attr      Idx    E Section Name        Object

    0x08000000   0x00000130   Data   RO         3383    RESET               startup_stm32f10x_hd.o
    0x08000130   0x00000000   Code   RO         3388  * .ARM.Collect$$$$00000000  mc_w.l(entry.o)
    0x08000130   0x00000004   Code   RO         3391    .ARM.Collect$$$$00000001  mc_w.l(entry2.o)
    0x08000134   0x00000004   Code   RO         3394    .ARM.Collect$$$$00000004  mc_w.l(entry5.o)
    0x08000138   0x00000000   Code   RO         3396    .ARM.Collect$$$$00000008  mc_w.l(entry7b.o)
    0x08000138   0x00000000   Code   RO         3398    .ARM.Collect$$$$0000000A  mc_w.l(entry8b.o)
    0x08000138   0x00000008   Code   RO         3399    .ARM.Collect$$$$0000000B  mc_w.l(entry9a.o)
    0x08000140   0x00000000   Code   RO         3401    .ARM.Collect$$$$0000000D  mc_w.l(entry10a.o)
    0x08000140   0x00000000   Code   RO         3403    .ARM.Collect$$$$0000000F  mc_w.l(entry11a.o)
    0x08000140   0x00000004   Code   RO         3392    .ARM.Collect$$$$00002712  mc_w.l(entry2.o)
    0x08000144   0x00000024   Code   RO         3384    .text               startup_stm32f10x_hd.o
    0x08000168   0x00000024   Code   RO         3405    .text               mc_w.l(init.o)
    0x0800018c   0x00000004   Code   RO           67    i.BusFault_Handler  stm32f10x_it.o
    0x08000190   0x0000001a   Code   RO          239    i.DMA1_Channel4_IRQHandler  usartconfig.o
    0x080001aa   0x00000002   PAD
    0x080001ac   0x0000001c   Code   RO         1561    i.DMA_ClearFlag     stm32f10x_dma.o
    0x080001c8   0x00000018   Code   RO         1563    i.DMA_Cmd           stm32f10x_dma.o
    0x080001e0   0x0000014c   Code   RO         1564    i.DMA_DeInit        stm32f10x_dma.o
    0x0800032c   0x0000002c   Code   RO         1567    i.DMA_GetITStatus   stm32f10x_dma.o
    0x08000358   0x00000012   Code   RO         1568    i.DMA_ITConfig      stm32f10x_dma.o
    0x0800036a   0x0000003c   Code   RO         1569    i.DMA_Init          stm32f10x_dma.o
    0x080003a6   0x00000002   Code   RO           68    i.DebugMon_Handler  stm32f10x_it.o
    0x080003a8   0x0000001c   Code   RO            1    i.DelayMs           main.o
    0x080003c4   0x00000116   Code   RO          573    i.GPIO_Init         stm32f10x_gpio.o
    0x080004da   0x00000004   Code   RO           69    i.HardFault_Handler  stm32f10x_it.o
    0x080004de   0x00000002   PAD
    0x080004e0   0x0000007c   Code   RO          130    i.MemCreate         mem.o
    0x0800055c   0x0000001c   Code   RO          131    i.MemDelete         mem.o
    0x08000578   0x0000002c   Code   RO          132    i.MemGet            mem.o
    0x080005a4   0x00000014   Code   RO          133    i.MemInit           mem.o
    0x080005b8   0x00000004   Code   RO           70    i.MemManage_Handler  stm32f10x_it.o
    0x080005bc   0x00000002   Code   RO           71    i.NMI_Handler       stm32f10x_it.o
    0x080005be   0x00000002   PAD
    0x080005c0   0x00000070   Code   RO          354    i.NVIC_Init         misc.o
    0x08000630   0x000000ac   Code   RO          163    i.PYSearch          spell.o
    0x080006dc   0x00000002   Code   RO           72    i.PendSV_Handler    stm32f10x_it.o
    0x080006de   0x00000002   PAD
    0x080006e0   0x00000020   Code   RO          682    i.RCC_AHBPeriphClockCmd  stm32f10x_rcc.o
    0x08000700   0x00000020   Code   RO          683    i.RCC_APB1PeriphClockCmd  stm32f10x_rcc.o
    0x08000720   0x00000020   Code   RO          684    i.RCC_APB1PeriphResetCmd  stm32f10x_rcc.o
    0x08000740   0x00000020   Code   RO          685    i.RCC_APB2PeriphClockCmd  stm32f10x_rcc.o
    0x08000760   0x00000020   Code   RO          686    i.RCC_APB2PeriphResetCmd  stm32f10x_rcc.o
    0x08000780   0x000000d4   Code   RO          693    i.RCC_GetClocksFreq  stm32f10x_rcc.o
    0x08000854   0x00000002   Code   RO           73    i.SVC_Handler       stm32f10x_it.o
    0x08000856   0x00000008   Code   RO         3347    i.SetSysClock       system_stm32f10x.o
    0x0800085e   0x00000002   PAD
    0x08000860   0x000000e0   Code   RO         3348    i.SetSysClockTo72   system_stm32f10x.o
    0x08000940   0x00000002   Code   RO           74    i.SysTick_Handler   stm32f10x_it.o
    0x08000942   0x00000002   PAD
    0x08000944   0x00000060   Code   RO         3350    i.SystemInit        system_stm32f10x.o
    0x080009a4   0x0000001c   Code   RO          240    i.TIM2_IRQHandler   usartconfig.o
    0x080009c0   0x00000018   Code   RO         2555    i.TIM_ARRPreloadConfig  stm32f10x_tim.o
    0x080009d8   0x00000006   Code   RO         2561    i.TIM_ClearFlag     stm32f10x_tim.o
    0x080009de   0x00000018   Code   RO         2567    i.TIM_Cmd           stm32f10x_tim.o
    0x080009f6   0x0000008c   Code   RO          241    i.TIM_Configuration  usartconfig.o
    0x08000a82   0x00000002   PAD
    0x08000a84   0x000001e8   Code   RO         2572    i.TIM_DeInit        stm32f10x_tim.o
    0x08000c6c   0x00000022   Code   RO         2588    i.TIM_GetITStatus   stm32f10x_tim.o
    0x08000c8e   0x00000012   Code   RO         2592    i.TIM_ITConfig      stm32f10x_tim.o
    0x08000ca0   0x00000022   Code   RO          242    i.TIM_NVIC_Configuration  usartconfig.o
    0x08000cc2   0x00000002   PAD
    0x08000cc4   0x00000098   Code   RO         2596    i.TIM_OC1Init       stm32f10x_tim.o
    0x08000d5c   0x00000014   Code   RO         2614    i.TIM_OCStructInit  stm32f10x_tim.o
    0x08000d70   0x00000012   Code   RO         2620    i.TIM_SelectInputTrigger  stm32f10x_tim.o
    0x08000d82   0x00000004   Code   RO         2632    i.TIM_SetCounter    stm32f10x_tim.o
    0x08000d86   0x00000002   PAD
    0x08000d88   0x000000a4   Code   RO         2638    i.TIM_TimeBaseInit  stm32f10x_tim.o
    0x08000e2c   0x00000012   Code   RO         2639    i.TIM_TimeBaseStructInit  stm32f10x_tim.o
    0x08000e3e   0x00000002   PAD
    0x08000e40   0x00000050   Code   RO          243    i.USART1_IRQHandler  usartconfig.o
    0x08000e90   0x0000000e   Code   RO          244    i.USART_ClearCounter  usartconfig.o
    0x08000e9e   0x00000012   Code   RO         3099    i.USART_ClearFlag   stm32f10x_usart.o
    0x08000eb0   0x00000018   Code   RO         3103    i.USART_Cmd         stm32f10x_usart.o
    0x08000ec8   0x00000058   Code   RO          245    i.USART_Configuration  usartconfig.o
    0x08000f20   0x00000012   Code   RO         3104    i.USART_DMACmd      stm32f10x_usart.o
    0x08000f32   0x00000002   PAD
    0x08000f34   0x000000d0   Code   RO          180    i.USART_DMAUpdate   usart.o
    0x08001004   0x00000094   Code   RO          246    i.USART_DMA_Configuration  usartconfig.o
    0x08001098   0x0000009c   Code   RO         3105    i.USART_DeInit      stm32f10x_usart.o
    0x08001134   0x0000001a   Code   RO          181    i.USART_DispFun     usart.o
    0x0800114e   0x0000001a   Code   RO         3106    i.USART_GetFlagStatus  stm32f10x_usart.o
    0x08001168   0x0000004a   Code   RO         3109    i.USART_ITConfig    stm32f10x_usart.o
    0x080011b2   0x00000002   PAD
    0x080011b4   0x000000d8   Code   RO         3110    i.USART_Init        stm32f10x_usart.o
    0x0800128c   0x00000020   Code   RO          247    i.USART_NVIC_Configuration  usartconfig.o
    0x080012ac   0x00000048   Code   RO          248    i.USART_Pin_Configuration  usartconfig.o
    0x080012f4   0x0000000a   Code   RO         3117    i.USART_ReceiveData  stm32f10x_usart.o
    0x080012fe   0x00000002   PAD
    0x08001300   0x00000010   Code   RO          249    i.USART_RecvByte    usartconfig.o
    0x08001310   0x00000030   Code   RO          182    i.USART_RecvData    usart.o
    0x08001340   0x00000010   Code   RO          183    i.USART_RecvFun     usart.o
    0x08001350   0x0000013c   Code   RO          184    i.USART_RecvResetBufferIndex  usart.o
    0x0800148c   0x00000068   Code   RO          185    i.USART_RecvUpdate  usart.o
    0x080014f4   0x00000014   Code   RO          250    i.USART_SendByte    usartconfig.o
    0x08001508   0x00000008   Code   RO         3120    i.USART_SendData    stm32f10x_usart.o
    0x08001510   0x0000013c   Code   RO          186    i.USART_SendUpdate  usart.o
    0x0800164c   0x00000010   Code   RO          251    i.USART_StartCounter  usartconfig.o
    0x0800165c   0x00000014   Code   RO          252    i.USART_StartRecvISR  usartconfig.o
    0x08001670   0x00000014   Code   RO          253    i.USART_StartSendISR  usartconfig.o
    0x08001684   0x0000000e   Code   RO          254    i.USART_StopCounter  usartconfig.o
    0x08001692   0x00000002   PAD
    0x08001694   0x00000014   Code   RO          256    i.USART_StopSendISR  usartconfig.o
    0x080016a8   0x00000018   Code   RO         3126    i.USART_StructInit  stm32f10x_usart.o
    0x080016c0   0x0000013c   Code   RO          187    i.USART_WriteDataToBuffer  usart.o
    0x080017fc   0x00000004   Code   RO           75    i.UsageFault_Handler  stm32f10x_it.o
    0x08001800   0x0000000e   Code   RO         3409    i.__scatterload_copy  mc_w.l(handlers.o)
    0x0800180e   0x00000002   Code   RO         3410    i.__scatterload_null  mc_w.l(handlers.o)
    0x08001810   0x0000000e   Code   RO         3411    i.__scatterload_zeroinit  mc_w.l(handlers.o)
    0x0800181e   0x00000002   PAD
    0x08001820   0x0000007c   Code   RO            2    i.main              main.o
    0x0800189c   0x00002b64   Data   RO          164    .constdata          spell.o
    0x08004400   0x000000cc   Data   RO            3    .conststring        main.o
    0x080044cc   0x00000115   Data   RO          165    .conststring        spell.o
    0x080045e1   0x00000003   PAD
    0x080045e4   0x00000020   Data   RO         3407    Region$$Table       anon$$obj.o


    Execution Region RW_IRAM1 (Base: 0x20000000, Size: 0x000009a8, Max: 0x0000c000, ABSOLUTE)

    Base Addr    Size         Type   Attr      Idx    E Section Name        Object

    0x20000000   0x00000004   Data   RW            4    .data               main.o
    0x20000004   0x0000006c   Data   RW          166    .data               spell.o
    0x20000070   0x0000001d   Data   RW          189    .data               usart.o
    0x2000008d   0x00000001   Data   RW          257    .data               usartconfig.o
    0x2000008e   0x00000014   Data   RW          713    .data               stm32f10x_rcc.o
    0x200000a2   0x00000002   PAD
    0x200000a4   0x00000440   Zero   RW          134    .bss                mem.o
    0x200004e4   0x000000c0   Zero   RW          188    .bss                usart.o
    0x200005a4   0x00000004   PAD
    0x200005a8   0x00000400   Zero   RW         3381    STACK               startup_stm32f10x_hd.o


==============================================================================

Image component sizes


      Code (inc. data)   RO Data    RW Data    ZI Data      Debug   Object Name

         0          0          0          0          0         32   core_cm3.o
       152         36        204          4          0     264630   main.o
       216          6          0          0       1088       3602   mem.o
       112         12          0          0          0       1244   misc.o
       172          6      11385        108          0      21774   spell.o
        36          8        304          0       1024        928   startup_stm32f10x_hd.o
       506         26          0          0          0       5835   stm32f10x_dma.o
       278          0          0          0          0       2172   stm32f10x_gpio.o
        26          0          0          0          0       4394   stm32f10x_it.o
       372         50          0         20          0       6936   stm32f10x_rcc.o
       970        126          0          0          0       9118   stm32f10x_tim.o
       574         28          0          0          0       8776   stm32f10x_usart.o
       328         28          0          0          0       2141   system_stm32f10x.o
      1350        158          0         29        192       6945   usart.o
       788         52          0          1          0      10453   usartconfig.o

    ----------------------------------------------------------------------
      5908        536      11928        164       2308     348980   Object Totals
         0          0         32          0          0          0   (incl. Generated)
        28          0          3          2          4          0   (incl. Padding)

    ----------------------------------------------------------------------

      Code (inc. data)   RO Data    RW Data    ZI Data      Debug   Library Member Name

         0          0          0          0          0          0   entry.o
         0          0          0          0          0          0   entry10a.o
         0          0          0          0          0          0   entry11a.o
         8          4          0          0          0          0   entry2.o
         4          0          0          0          0          0   entry5.o
         0          0          0          0          0          0   entry7b.o
         0          0          0          0          0          0   entry8b.o
         8          4          0          0          0          0   entry9a.o
        30          0          0          0          0          0   handlers.o
        36          8          0          0          0         68   init.o

    ----------------------------------------------------------------------
        88         16          0          0          0         68   Library Totals
         2          0          0          0          0          0   (incl. Padding)

    ----------------------------------------------------------------------

      Code (inc. data)   RO Data    RW Data    ZI Data      Debug   Library Name

        86         16          0          0          0         68   mc_w.l

    ----------------------------------------------------------------------
        88         16          0          0          0         68   Library Totals

    ----------------------------------------------------------------------

==============================================================================


      Code (inc. data)   RO Data    RW Data    ZI Data      Debug   

      5996        552      11928        164       2308     345248   Grand Totals
      5996        552      11928        164       2308     345248   ELF Image Totals
      5996        552      11928        164          0          0   ROM Totals

==============================================================================

    Total RO  Size (Code + RO Data)                17924 (  17.50kB)
    Total RW  Size (RW Data + ZI Data)              2472 (   2.41kB)
    Total ROM Size (Code + RO Data + RW Data)      18088 (  17.66kB)

==============================================================================

