Product: MDK-ARM Standard 5.10
Component: ARM Compiler 5.04 update 1 (build 49)
Tool: armlink [5040049]

==============================================================================

Section Cross References

    bsp.o(.text) refers to _printf_percent.o(.ARM.Collect$$_printf_percent$$00000000) for _printf_percent
    bsp.o(.text) refers to _printf_d.o(.ARM.Collect$$_printf_percent$$00000009) for _printf_d
    bsp.o(.text) refers to _printf_dec.o(.text) for _printf_int_dec
    bsp.o(.text) refers to stm32f10x_rcc.o(.text) for RCC_GetClocksFreq
    bsp.o(.text) refers to misc.o(.text) for SysTick_CLKSourceConfig
    bsp.o(.text) refers to system_stm32f10x.o(.text) for SystemInit
    bsp.o(.text) refers to nvic_init.o(.text) for Nvic_init
    bsp.o(.text) refers to usart1_init.o(.text) for USART1_Config
    bsp.o(.text) refers to usart2_init.o(.text) for USART2_Config
    bsp.o(.text) refers to usart3_init.o(.text) for USART3_Config
    bsp.o(.text) refers to usart4_init.o(.text) for USART4_Config
    bsp.o(.text) refers to printf_init.o(.text) for Set_PrintfPort
    bsp.o(.text) refers to canbus.o(.text) for CAN_BUS_init
    bsp.o(.text) refers to gpio_init.o(.text) for GPIO_Config
    bsp.o(.text) refers to bkp_init.o(.text) for BKP_Config
    bsp.o(.text) refers to i2ceeprom.o(.text) for I2C_EE_Init
    bsp.o(.text) refers to hx711.o(.text) for HX711_Config
    bsp.o(.text) refers to w5500.o(.text) for W5500_Config
    bsp.o(.text) refers to adc.o(.text) for AD1_Config
    bsp.o(.text) refers to stm32f10x_bkp.o(.text) for BKP_ReadBackupRegister
    bsp.o(.text) refers to noretval__2printf.o(.text) for __2printf
    gpio_init.o(.text) refers to stm32f10x_rcc.o(.text) for RCC_APB2PeriphClockCmd
    gpio_init.o(.text) refers to stm32f10x_gpio.o(.text) for GPIO_Init
    gpio_init.o(.text) refers to gpio_init.o(.data) for Output_Port
    static_init.o(.text) refers to stm32f10x_rcc.o(.text) for RCC_GetClocksFreq
    static_init.o(.text) refers to frleqf.o(x$fpl$frleqf) for __aeabi_cfrcmple
    static_init.o(.text) refers to rt_memclr_w.o(.text) for __aeabi_memclr4
    static_init.o(.text) refers to faddsub_clz.o(x$fpl$fsub) for __aeabi_fsub
    static_init.o(.text) refers to fmul.o(x$fpl$fmul) for __aeabi_fmul
    static_init.o(.text) refers to fdiv.o(x$fpl$fdiv) for __aeabi_fdiv
    static_init.o(.text) refers to faddsub_clz.o(x$fpl$fadd) for __aeabi_fadd
    static_init.o(.text) refers to rt_memcpy_w.o(.text) for __aeabi_memcpy4
    static_init.o(.text) refers to f2d.o(x$fpl$f2d) for __aeabi_f2d
    static_init.o(.text) refers to dleqf.o(x$fpl$dleqf) for __aeabi_cdcmple
    static_init.o(.text) refers to fflt_clz.o(x$fpl$fflt) for __aeabi_i2f
    static_init.o(.text) refers to dmul.o(x$fpl$dmul) for __aeabi_dmul
    static_init.o(.text) refers to daddsub_clz.o(x$fpl$dadd) for __aeabi_dadd
    static_init.o(.text) refers to stm32f10x_gpio.o(.text) for GPIO_Init
    static_init.o(.text) refers to stm32f10x_flash.o(.text) for FLASH_PrefetchBufferCmd
    static_init.o(.text) refers to static_init.o(.data) for i
    static_init.o(.text) refers to static_init.o(.bss) for BoBuff
    static_init.o(.data) refers to static_init.o(.bss) for BoBuff
    bkp_init.o(.text) refers to stm32f10x_rcc.o(.text) for RCC_APB1PeriphClockCmd
    bkp_init.o(.text) refers to stm32f10x_pwr.o(.text) for PWR_BackupAccessCmd
    bkp_init.o(.text) refers to stm32f10x_bkp.o(.text) for BKP_ClearFlag
    hx711.o(.text) refers to _printf_percent.o(.ARM.Collect$$_printf_percent$$00000000) for _printf_percent
    hx711.o(.text) refers to _printf_d.o(.ARM.Collect$$_printf_percent$$00000009) for _printf_d
    hx711.o(.text) refers to _printf_dec.o(.text) for _printf_int_dec
    hx711.o(.text) refers to _printf_f.o(.ARM.Collect$$_printf_percent$$00000003) for _printf_f
    hx711.o(.text) refers to printf1.o(x$fpl$printf1) for _printf_fp_dec
    hx711.o(.text) refers to stm32f10x_rcc.o(.text) for RCC_APB2PeriphClockCmd
    hx711.o(.text) refers to stm32f10x_gpio.o(.text) for GPIO_Init
    hx711.o(.text) refers to static_init.o(.text) for Delay_US
    hx711.o(.text) refers to rt_memclr_w.o(.text) for __aeabi_memclr4
    hx711.o(.text) refers to fflt_clz.o(x$fpl$fflt) for __aeabi_i2f
    hx711.o(.text) refers to fdiv.o(x$fpl$fdiv) for __aeabi_fdiv
    hx711.o(.text) refers to f2d.o(x$fpl$f2d) for __aeabi_f2d
    hx711.o(.text) refers to daddsub_clz.o(x$fpl$dadd) for __aeabi_dadd
    hx711.o(.text) refers to ddiv.o(x$fpl$ddiv) for __aeabi_ddiv
    hx711.o(.text) refers to d2f.o(x$fpl$d2f) for __aeabi_d2f
    hx711.o(.text) refers to dmul.o(x$fpl$dmul) for __aeabi_dmul
    hx711.o(.text) refers to dfix.o(x$fpl$dfix) for __aeabi_d2iz
    hx711.o(.text) refers to i2ceeprom.o(.text) for I2C_EE_BufferWrite
    hx711.o(.text) refers to noretval__2printf.o(.text) for __2printf
    hx711.o(.text) refers to fflt_clz.o(x$fpl$ffltu) for __aeabi_ui2f
    hx711.o(.text) refers to fleqf.o(x$fpl$fleqf) for __aeabi_cfcmple
[...]
    USART2_Init                              0x08002d95   Thumb Code    50  usart2_init.o(.text)
    USART2_NVIC_Init                         0x08002dc7   Thumb Code    34  usart2_init.o(.text)
    USART2_DMATxd_Init                       0x08002de9   Thumb Code   110  usart2_init.o(.text)
    TIM3_NVIC_Init                           0x08002e57   Thumb Code    34  usart2_init.o(.text)
    TIM3_Config                              0x08002e79   Thumb Code    74  usart2_init.o(.text)
    USART2_RX_Buffer_Clear                   0x08002ec3   Thumb Code     8  usart2_init.o(.text)
    USART2_Config                            0x08002ecb   Thumb Code    62  usart2_init.o(.text)
    USART2_SendByte                          0x08002f09   Thumb Code    28  usart2_init.o(.text)
    USART2_SendString                        0x08002f25   Thumb Code    64  usart2_init.o(.text)
    USART2_DMASendData                       0x08002f65   Thumb Code    56  usart2_init.o(.text)
    USART2_IRQHandler                        0x08002f9d   Thumb Code   104  usart2_init.o(.text)
    TIM3_IRQHandler                          0x08003005   Thumb Code    60  usart2_init.o(.text)
    DMA1_Channel7_IRQHandler                 0x08003041   Thumb Code    54  usart2_init.o(.text)
    IINCHIP_CSon                             0x08003095   Thumb Code    10  w5500.o(.text)
    IINCHIP_SpiSendData                      0x0800309f   Thumb Code    12  w5500.o(.text)
    IINCHIP_CSoff                            0x080030ab   Thumb Code    10  w5500.o(.text)
    IINCHIP_WRITE                            0x080030b5   Thumb Code    50  w5500.o(.text)
    setkeepalive                             0x080030e7   Thumb Code    20  w5500.o(.text)
    wiz_read_buf                             0x080030fb   Thumb Code    78  w5500.o(.text)
    getGAR                                   0x08003149   Thumb Code    16  w5500.o(.text)
    getSUBR                                  0x08003159   Thumb Code    18  w5500.o(.text)
    getSIPR                                  0x0800316b   Thumb Code    18  w5500.o(.text)
    setRCR                                   0x0800317d   Thumb Code    16  w5500.o(.text)
    setRTR                                   0x0800318d   Thumb Code    26  w5500.o(.text)
    sysinit                                  0x080031a7   Thumb Code   302  w5500.o(.text)
    wiz_write_buf                            0x080032d5   Thumb Code    80  w5500.o(.text)
    setSIPR                                  0x08003325   Thumb Code    18  w5500.o(.text)
    setGAR                                   0x08003337   Thumb Code    16  w5500.o(.text)
    setSUBR                                  0x08003347   Thumb Code    18  w5500.o(.text)
    setSHAR                                  0x08003359   Thumb Code    18  w5500.o(.text)
    Reset_W5500                              0x0800336b   Thumb Code    38  w5500.o(.text)
    W5500_Config                             0x08003391   Thumb Code   196  w5500.o(.text)
    getISR                                   0x08003455   Thumb Code     8  w5500.o(.text)
    putISR                                   0x0800345d   Thumb Code     6  w5500.o(.text)
    getIINCHIP_RxMAX                         0x08003463   Thumb Code    10  w5500.o(.text)
    getIINCHIP_TxMAX                         0x0800346d   Thumb Code    10  w5500.o(.text)
    IINCHIP_READ                             0x08003477   Thumb Code    50  w5500.o(.text)
    setMR                                    0x080034a9   Thumb Code    14  w5500.o(.text)
    iinchip_init                             0x080034b7   Thumb Code    10  w5500.o(.text)
    getGWIP                                  0x080034c1   Thumb Code    16  w5500.o(.text)
    getSHAR                                  0x080034d1   Thumb Code    18  w5500.o(.text)
    getIR                                    0x080034e3   Thumb Code   186  w5500.o(.text)
    clearIR                                  0x0800359d   Thumb Code    26  w5500.o(.text)
    setSn_MSS                                0x080035b7   Thumb Code    36  w5500.o(.text)
    setSn_TTL                                0x080035db   Thumb Code    22  w5500.o(.text)
    getSn_IR                                 0x080035f1   Thumb Code    18  w5500.o(.text)
    getSn_SR                                 0x08003603   Thumb Code    18  w5500.o(.text)
    getSn_TX_FSR                             0x08003615   Thumb Code    84  w5500.o(.text)
    getSn_RX_RSR                             0x08003669   Thumb Code    84  w5500.o(.text)
    send_data_processing                     0x080036bd   Thumb Code   116  w5500.o(.text)
    recv_data_processing                     0x08003731   Thumb Code   116  w5500.o(.text)
    setSn_IR                                 0x080037a5   Thumb Code    22  w5500.o(.text)
    AD1_GPIO_Init                            0x080037fd   Thumb Code    38  adc.o(.text)
    ADC_Configuration                        0x08003823   Thumb Code   200  adc.o(.text)
    DMA_Configuration                        0x080038eb   Thumb Code    76  adc.o(.text)
    AD1_Config                               0x08003937   Thumb Code    16  adc.o(.text)
    GetTemp                                  0x08003947   Thumb Code   102  adc.o(.text)
    GetVolt                                  0x080039ad   Thumb Code    22  adc.o(.text)
    HexStringToInt                           0x080039f5   Thumb Code   136  hmigt02.o(.text)
    Get_Key                                  0x08003a7d   Thumb Code   110  hmigt02.o(.text)
    USART3_GPIO_Init                         0x08003b09   Thumb Code    62  usart3_init.o(.text)
    USART3_Init                              0x08003b47   Thumb Code    50  usart3_init.o(.text)
    USART3_NVIC_Init                         0x08003b79   Thumb Code    34  usart3_init.o(.text)
    USART3_DMATxd_Init                       0x08003b9b   Thumb Code   110  usart3_init.o(.text)
    TIM4_NVIC_Init                           0x08003c09   Thumb Code    34  usart3_init.o(.text)
    TIM4_Config                              0x08003c2b   Thumb Code    74  usart3_init.o(.text)
    USART3_RX_Buffer_Clear                   0x08003c75   Thumb Code     8  usart3_init.o(.text)
    USART3_Config                            0x08003c7d   Thumb Code    62  usart3_init.o(.text)
    USART3_SendByte                          0x08003cbb   Thumb Code    28  usart3_init.o(.text)
    USART3_SendString                        0x08003cd7   Thumb Code    42  usart3_init.o(.text)
    USART3_DMASendData                       0x08003d01   Thumb Code    42  usart3_init.o(.text)
    USART3_IRQHandler                        0x08003d2b   Thumb Code   172  usart3_init.o(.text)
    TIM4_IRQHandler                          0x08003dd7   Thumb Code    26  usart3_init.o(.text)
    DMA1_Channel2_IRQHandler                 0x08003df1   Thumb Code    36  usart3_init.o(.text)
    USART4_GPIO_Init                         0x08003e31   Thumb Code    88  usart4_init.o(.text)
    USART4_Init                              0x08003e89   Thumb Code    50  usart4_init.o(.text)
    USART4_NVIC_Init                         0x08003ebb   Thumb Code    34  usart4_init.o(.text)
    USART4_RX_Buffer_Clear                   0x08003edd   Thumb Code     8  usart4_init.o(.text)
    USART4_Config                            0x08003ee5   Thumb Code    50  usart4_init.o(.text)
    UART4_SendByte                           0x08003f17   Thumb Code    28  usart4_init.o(.text)
    Send_Command                             0x08003f33   Thumb Code   228  usart4_init.o(.text)
    Get_Command                              0x08004017   Thumb Code   182  usart4_init.o(.text)
    UART4_IRQHandler                         0x080040cd   Thumb Code   186  usart4_init.o(.text)
    CAN_NVIC_Configuration                   0x080041a9   Thumb Code    62  canbus.o(.text)
    CAN_GPIO_Init                            0x080041e7   Thumb Code    88  canbus.o(.text)
    CAN_BUS1_configure                       0x0800423f   Thumb Code   146  canbus.o(.text)
    CAN_BUS_init                             0x080042d1   Thumb Code    22  canbus.o(.text)
    CanbusSendData                           0x080042e7   Thumb Code   164  canbus.o(.text)
    USB_HP_CAN1_TX_IRQHandler                0x0800438b   Thumb Code     2  canbus.o(.text)
    USB_LP_CAN1_RX0_IRQHandler               0x0800438d   Thumb Code   144  canbus.o(.text)
    ReturnClientStr                          0x08004471   Thumb Code    36  main.o(.text)
    Protocolanalysis                         0x08004495   Thumb Code   110  main.o(.text)
    main                                     0x08004503   Thumb Code  1652  main.o(.text)
    NVIC_PriorityGroupConfig                 0x08004ca1   Thumb Code    10  misc.o(.text)
    NVIC_Init                                0x08004cab   Thumb Code   100  misc.o(.text)
    NVIC_SetVectorTable                      0x08004d0f   Thumb Code    14  misc.o(.text)
    NVIC_SystemLPConfig                      0x08004d1d   Thumb Code    34  misc.o(.text)
    SysTick_CLKSourceConfig                  0x08004d3f   Thumb Code    40  misc.o(.text)
    ADC_DeInit                               0x08004d7d   Thumb Code    78  stm32f10x_adc.o(.text)
    ADC_Init                                 0x08004dcb   Thumb Code    70  stm32f10x_adc.o(.text)
    ADC_StructInit                           0x08004e11   Thumb Code    18  stm32f10x_adc.o(.text)
    ADC_Cmd                                  0x08004e23   Thumb Code    22  stm32f10x_adc.o(.text)
    ADC_DMACmd                               0x08004e39   Thumb Code    22  stm32f10x_adc.o(.text)
    ADC_ITConfig                             0x08004e4f   Thumb Code    24  stm32f10x_adc.o(.text)
    ADC_ResetCalibration                     0x08004e67   Thumb Code    10  stm32f10x_adc.o(.text)
    ADC_GetResetCalibrationStatus            0x08004e71   Thumb Code    20  stm32f10x_adc.o(.text)
    ADC_StartCalibration                     0x08004e85   Thumb Code    10  stm32f10x_adc.o(.text)
    ADC_GetCalibrationStatus                 0x08004e8f   Thumb Code    20  stm32f10x_adc.o(.text)
    ADC_SoftwareStartConvCmd                 0x08004ea3   Thumb Code    22  stm32f10x_adc.o(.text)
    ADC_GetSoftwareStartConvStatus           0x08004eb9   Thumb Code    20  stm32f10x_adc.o(.text)
    ADC_DiscModeChannelCountConfig           0x08004ecd   Thumb Code    24  stm32f10x_adc.o(.text)
    ADC_DiscModeCmd                          0x08004ee5   Thumb Code    22  stm32f10x_adc.o(.text)
    ADC_RegularChannelConfig                 0x08004efb   Thumb Code   184  stm32f10x_adc.o(.text)
    ADC_ExternalTrigConvCmd                  0x08004fb3   Thumb Code    22  stm32f10x_adc.o(.text)
    ADC_GetConversionValue                   0x08004fc9   Thumb Code     8  stm32f10x_adc.o(.text)
    ADC_GetDualModeConversionValue           0x08004fd1   Thumb Code     8  stm32f10x_adc.o(.text)
    ADC_AutoInjectedConvCmd                  0x08004fd9   Thumb Code    22  stm32f10x_adc.o(.text)
    ADC_InjectedDiscModeCmd                  0x08004fef   Thumb Code    22  stm32f10x_adc.o(.text)
    ADC_ExternalTrigInjectedConvConfig       0x08005005   Thumb Code    16  stm32f10x_adc.o(.text)
    ADC_ExternalTrigInjectedConvCmd          0x08005015   Thumb Code    22  stm32f10x_adc.o(.text)
    ADC_SoftwareStartInjectedConvCmd         0x0800502b   Thumb Code    22  stm32f10x_adc.o(.text)
    ADC_GetSoftwareStartInjectedConvCmdStatus 0x08005041   Thumb Code    20  stm32f10x_adc.o(.text)
    ADC_InjectedChannelConfig                0x08005055   Thumb Code   130  stm32f10x_adc.o(.text)
    ADC_InjectedSequencerLengthConfig        0x080050d7   Thumb Code    24  stm32f10x_adc.o(.text)
    ADC_SetInjectedOffset                    0x080050ef   Thumb Code    20  stm32f10x_adc.o(.text)
    ADC_GetInjectedConversionValue           0x08005103   Thumb Code    28  stm32f10x_adc.o(.text)
    ADC_AnalogWatchdogCmd                    0x0800511f   Thumb Code    16  stm32f10x_adc.o(.text)
    ADC_AnalogWatchdogThresholdsConfig       0x0800512f   Thumb Code     6  stm32f10x_adc.o(.text)
    ADC_AnalogWatchdogSingleChannelConfig    0x08005135   Thumb Code    16  stm32f10x_adc.o(.text)
    ADC_TempSensorVrefintCmd                 0x08005145   Thumb Code    64  stm32f10x_adc.o(.text)
    ADC_GetFlagStatus                        0x08005185   Thumb Code    18  stm32f10x_adc.o(.text)
    ADC_ClearFlag                            0x08005197   Thumb Code     6  stm32f10x_adc.o(.text)
    ADC_GetITStatus                          0x0800519d   Thumb Code    36  stm32f10x_adc.o(.text)
    ADC_ClearITPendingBit                    0x080051c1   Thumb Code    10  stm32f10x_adc.o(.text)
    BKP_DeInit                               0x080051cd   Thumb Code    16  stm32f10x_bkp.o(.text)
    BKP_TamperPinLevelConfig                 0x080051dd   Thumb Code     6  stm32f10x_bkp.o(.text)
    BKP_TamperPinCmd                         0x080051e3   Thumb Code     8  stm32f10x_bkp.o(.text)
    BKP_ITConfig                             0x080051eb   Thumb Code     8  stm32f10x_bkp.o(.text)
    BKP_RTCOutputConfig                      0x080051f3   Thumb Code    22  stm32f10x_bkp.o(.text)
    BKP_SetRTCCalibrationValue               0x08005209   Thumb Code    22  stm32f10x_bkp.o(.text)
    BKP_WriteBackupRegister                  0x0800521f   Thumb Code    24  stm32f10x_bkp.o(.text)
    BKP_ReadBackupRegister                   0x08005237   Thumb Code    26  stm32f10x_bkp.o(.text)
    BKP_GetFlagStatus                        0x08005251   Thumb Code    10  stm32f10x_bkp.o(.text)
    BKP_ClearFlag                            0x0800525b   Thumb Code    18  stm32f10x_bkp.o(.text)
    BKP_GetITStatus                          0x0800526d   Thumb Code    10  stm32f10x_bkp.o(.text)
    BKP_ClearITPendingBit                    0x08005277   Thumb Code    18  stm32f10x_bkp.o(.text)
    CAN_DeInit                               0x08005291   Thumb Code    50  stm32f10x_can.o(.text)
    CAN_Init                                 0x080052c3   Thumb Code   276  stm32f10x_can.o(.text)
    CAN_FilterInit                           0x080053d7   Thumb Code   258  stm32f10x_can.o(.text)
    CAN_StructInit                           0x080054d9   Thumb Code    32  stm32f10x_can.o(.text)
    CAN_SlaveStartBank                       0x080054f9   Thumb Code    48  stm32f10x_can.o(.text)
    CAN_DBGFreeze                            0x08005529   Thumb Code    22  stm32f10x_can.o(.text)
    CAN_TTComModeCmd                         0x0800553f   Thumb Code   118  stm32f10x_can.o(.text)
    CAN_Transmit                             0x080055b5   Thumb Code   304  stm32f10x_can.o(.text)
    CAN_TransmitStatus                       0x080056e5   Thumb Code   138  stm32f10x_can.o(.text)
    CAN_CancelTransmit                       0x0800576f   Thumb Code    48  stm32f10x_can.o(.text)
    CAN_Receive                              0x0800579f   Thumb Code   240  stm32f10x_can.o(.text)
    CAN_FIFORelease                          0x0800588f   Thumb Code    22  stm32f10x_can.o(.text)
    CAN_MessagePending                       0x080058a5   Thumb Code    30  stm32f10x_can.o(.text)
    CAN_OperatingModeRequest                 0x080058c3   Thumb Code   162  stm32f10x_can.o(.text)
    CAN_Sleep                                0x08005965   Thumb Code    30  stm32f10x_can.o(.text)
    CAN_WakeUp                               0x08005983   Thumb Code    48  stm32f10x_can.o(.text)
    CAN_GetLastErrorCode                     0x080059b3   Thumb Code    12  stm32f10x_can.o(.text)
    CAN_GetReceiveErrorCounter               0x080059bf   Thumb Code    10  stm32f10x_can.o(.text)
    CAN_GetLSBTransmitErrorCounter           0x080059c9   Thumb Code    12  stm32f10x_can.o(.text)
    CAN_ITConfig                             0x080059d5   Thumb Code    18  stm32f10x_can.o(.text)
    CAN_GetFlagStatus                        0x080059e7   Thumb Code   120  stm32f10x_can.o(.text)
    CAN_ClearFlag                            0x08005a5f   Thumb Code    52  stm32f10x_can.o(.text)
    CAN_GetITStatus                          0x08005aa5   Thumb Code   310  stm32f10x_can.o(.text)
    CAN_ClearITPendingBit                    0x08005bdb   Thumb Code   162  stm32f10x_can.o(.text)
    DMA_DeInit                               0x08005c81   Thumb Code   324  stm32f10x_dma.o(.text)
    DMA_Init                                 0x08005dc5   Thumb Code    60  stm32f10x_dma.o(.text)
    DMA_StructInit                           0x08005e01   Thumb Code    26  stm32f10x_dma.o(.text)
    DMA_Cmd                                  0x08005e1b   Thumb Code    24  stm32f10x_dma.o(.text)
    DMA_ITConfig                             0x08005e33   Thumb Code    18  stm32f10x_dma.o(.text)
    DMA_SetCurrDataCounter                   0x08005e45   Thumb Code     4  stm32f10x_dma.o(.text)
    DMA_GetCurrDataCounter                   0x08005e49   Thumb Code     8  stm32f10x_dma.o(.text)
    DMA_GetFlagStatus                        0x08005e51   Thumb Code    40  stm32f10x_dma.o(.text)
    DMA_ClearFlag                            0x08005e79   Thumb Code    22  stm32f10x_dma.o(.text)
    DMA_GetITStatus                          0x08005e8f   Thumb Code    40  stm32f10x_dma.o(.text)
    DMA_ClearITPendingBit                    0x08005eb7   Thumb Code    22  stm32f10x_dma.o(.text)
    FLASH_SetLatency                         0x08005ed5   Thumb Code    18  stm32f10x_flash.o(.text)
    FLASH_HalfCycleAccessCmd                 0x08005ee7   Thumb Code    22  stm32f10x_flash.o(.text)
    FLASH_PrefetchBufferCmd                  0x08005efd   Thumb Code    22  stm32f10x_flash.o(.text)
    FLASH_Unlock                             0x08005f13   Thumb Code    12  stm32f10x_flash.o(.text)
    FLASH_UnlockBank1                        0x08005f1f   Thumb Code    12  stm32f10x_flash.o(.text)
    FLASH_Lock                               0x08005f2b   Thumb Code    14  stm32f10x_flash.o(.text)
    FLASH_LockBank1                          0x08005f39   Thumb Code    14  stm32f10x_flash.o(.text)
    FLASH_GetBank1Status                     0x08005f47   Thumb Code    48  stm32f10x_flash.o(.text)
    FLASH_WaitForLastOperation               0x08005f77   Thumb Code    38  stm32f10x_flash.o(.text)
    FLASH_ErasePage                          0x08005f9d   Thumb Code    72  stm32f10x_flash.o(.text)
    FLASH_EraseAllPages                      0x08005fe5   Thumb Code    68  stm32f10x_flash.o(.text)
    FLASH_WaitForLastBank1Operation          0x08006029   Thumb Code    38  stm32f10x_flash.o(.text)
    FLASH_EraseAllBank1Pages                 0x0800604f   Thumb Code    68  stm32f10x_flash.o(.text)
    FLASH_GetReadOutProtectionStatus         0x08006093   Thumb Code    20  stm32f10x_flash.o(.text)
    FLASH_EraseOptionBytes                   0x080060a7   Thumb Code   150  stm32f10x_flash.o(.text)
    FLASH_ProgramWord                        0x0800613d   Thumb Code   102  stm32f10x_flash.o(.text)
    FLASH_ProgramHalfWord                    0x080061a3   Thumb Code    60  stm32f10x_flash.o(.text)
    FLASH_ProgramOptionByteData              0x080061df   Thumb Code    72  stm32f10x_flash.o(.text)
    FLASH_EnableWriteProtection              0x08006227   Thumb Code   200  stm32f10x_flash.o(.text)
    FLASH_ReadOutProtection                  0x080062ef   Thumb Code   156  stm32f10x_flash.o(.text)
    FLASH_UserOptionByteConfig               0x0800638b   Thumb Code    88  stm32f10x_flash.o(.text)
    FLASH_GetUserOptionByte                  0x080063e3   Thumb Code     8  stm32f10x_flash.o(.text)
    FLASH_GetWriteProtectionOptionByte       0x080063eb   Thumb Code     6  stm32f10x_flash.o(.text)
    FLASH_GetPrefetchBufferStatus            0x080063f1   Thumb Code    20  stm32f10x_flash.o(.text)
    FLASH_ITConfig                           0x08006405   Thumb Code    26  stm32f10x_flash.o(.text)
    FLASH_GetFlagStatus                      0x0800641f   Thumb Code    42  stm32f10x_flash.o(.text)
    FLASH_ClearFlag                          0x08006449   Thumb Code     6  stm32f10x_flash.o(.text)
    FLASH_GetStatus                          0x0800644f   Thumb Code    48  stm32f10x_flash.o(.text)
    GPIO_DeInit                              0x08006491   Thumb Code   172  stm32f10x_gpio.o(.text)
    GPIO_AFIODeInit                          0x0800653d   Thumb Code    20  stm32f10x_gpio.o(.text)
    GPIO_Init                                0x08006551   Thumb Code   278  stm32f10x_gpio.o(.text)
    GPIO_StructInit                          0x08006667   Thumb Code    16  stm32f10x_gpio.o(.text)
    GPIO_ReadInputDataBit                    0x08006677   Thumb Code    18  stm32f10x_gpio.o(.text)
    GPIO_ReadInputData                       0x08006689   Thumb Code     8  stm32f10x_gpio.o(.text)
    GPIO_ReadOutputDataBit                   0x08006691   Thumb Code    18  stm32f10x_gpio.o(.text)
    GPIO_ReadOutputData                      0x080066a3   Thumb Code     8  stm32f10x_gpio.o(.text)
    GPIO_SetBits                             0x080066ab   Thumb Code     4  stm32f10x_gpio.o(.text)
    GPIO_ResetBits                           0x080066af   Thumb Code     4  stm32f10x_gpio.o(.text)
    GPIO_WriteBit                            0x080066b3   Thumb Code    10  stm32f10x_gpio.o(.text)
    GPIO_Write                               0x080066bd   Thumb Code     4  stm32f10x_gpio.o(.text)
    GPIO_PinLockConfig                       0x080066c1   Thumb Code    18  stm32f10x_gpio.o(.text)
    GPIO_EventOutputConfig                   0x080066d3   Thumb Code    26  stm32f10x_gpio.o(.text)
    GPIO_EventOutputCmd                      0x080066ed   Thumb Code     6  stm32f10x_gpio.o(.text)
    GPIO_PinRemapConfig                      0x080066f3   Thumb Code   138  stm32f10x_gpio.o(.text)
    GPIO_EXTILineConfig                      0x0800677d   Thumb Code    66  stm32f10x_gpio.o(.text)
    GPIO_ETH_MediaInterfaceConfig            0x080067bf   Thumb Code     8  stm32f10x_gpio.o(.text)
    PWR_DeInit                               0x080067ed   Thumb Code    22  stm32f10x_pwr.o(.text)
    PWR_BackupAccessCmd                      0x08006803   Thumb Code     6  stm32f10x_pwr.o(.text)
    PWR_PVDCmd                               0x08006809   Thumb Code     6  stm32f10x_pwr.o(.text)
    PWR_PVDLevelConfig                       0x0800680f   Thumb Code    18  stm32f10x_pwr.o(.text)
    PWR_WakeUpPinCmd                         0x08006821   Thumb Code     8  stm32f10x_pwr.o(.text)
    PWR_EnterSTOPMode                        0x08006829   Thumb Code    54  stm32f10x_pwr.o(.text)
    PWR_EnterSTANDBYMode                     0x0800685f   Thumb Code    42  stm32f10x_pwr.o(.text)
    PWR_GetFlagStatus                        0x08006889   Thumb Code    20  stm32f10x_pwr.o(.text)
    PWR_ClearFlag                            0x0800689d   Thumb Code    14  stm32f10x_pwr.o(.text)
    RCC_DeInit                               0x080068b9   Thumb Code    64  stm32f10x_rcc.o(.text)
    RCC_HSEConfig                            0x080068f9   Thumb Code    70  stm32f10x_rcc.o(.text)
    RCC_GetFlagStatus                        0x0800693f   Thumb Code    56  stm32f10x_rcc.o(.text)
    RCC_WaitForHSEStartUp                    0x08006977   Thumb Code    56  stm32f10x_rcc.o(.text)
    RCC_AdjustHSICalibrationValue            0x080069af   Thumb Code    20  stm32f10x_rcc.o(.text)
    RCC_HSICmd                               0x080069c3   Thumb Code     6  stm32f10x_rcc.o(.text)
    RCC_PLLConfig                            0x080069c9   Thumb Code    24  stm32f10x_rcc.o(.text)
    RCC_PLLCmd                               0x080069e1   Thumb Code     6  stm32f10x_rcc.o(.text)
    RCC_SYSCLKConfig                         0x080069e7   Thumb Code    18  stm32f10x_rcc.o(.text)
    RCC_GetSYSCLKSource                      0x080069f9   Thumb Code    10  stm32f10x_rcc.o(.text)
    RCC_HCLKConfig                           0x08006a03   Thumb Code    18  stm32f10x_rcc.o(.text)
    RCC_PCLK1Config                          0x08006a15   Thumb Code    18  stm32f10x_rcc.o(.text)
    RCC_PCLK2Config                          0x08006a27   Thumb Code    20  stm32f10x_rcc.o(.text)
    RCC_ITConfig                             0x08006a3b   Thumb Code    26  stm32f10x_rcc.o(.text)
    RCC_USBCLKConfig                         0x08006a55   Thumb Code     8  stm32f10x_rcc.o(.text)
    RCC_ADCCLKConfig                         0x08006a5d   Thumb Code    18  stm32f10x_rcc.o(.text)
    RCC_LSEConfig                            0x08006a6f   Thumb Code    50  stm32f10x_rcc.o(.text)
    RCC_LSICmd                               0x08006aa1   Thumb Code     6  stm32f10x_rcc.o(.text)
    RCC_RTCCLKConfig                         0x08006aa7   Thumb Code    12  stm32f10x_rcc.o(.text)
    RCC_RTCCLKCmd                            0x08006ab3   Thumb Code     8  stm32f10x_rcc.o(.text)
    RCC_GetClocksFreq                        0x08006abb   Thumb Code   192  stm32f10x_rcc.o(.text)
    RCC_AHBPeriphClockCmd                    0x08006b7b   Thumb Code    26  stm32f10x_rcc.o(.text)
    RCC_APB2PeriphClockCmd                   0x08006b95   Thumb Code    26  stm32f10x_rcc.o(.text)
    RCC_APB1PeriphClockCmd                   0x08006baf   Thumb Code    26  stm32f10x_rcc.o(.text)
    RCC_APB2PeriphResetCmd                   0x08006bc9   Thumb Code    26  stm32f10x_rcc.o(.text)
    RCC_APB1PeriphResetCmd                   0x08006be3   Thumb Code    26  stm32f10x_rcc.o(.text)
    RCC_BackupResetCmd                       0x08006bfd   Thumb Code     8  stm32f10x_rcc.o(.text)
    RCC_ClockSecuritySystemCmd               0x08006c05   Thumb Code     6  stm32f10x_rcc.o(.text)
    RCC_MCOConfig                            0x08006c0b   Thumb Code     6  stm32f10x_rcc.o(.text)
    RCC_ClearFlag                            0x08006c11   Thumb Code    14  stm32f10x_rcc.o(.text)
    RCC_GetITStatus                          0x08006c1f   Thumb Code    20  stm32f10x_rcc.o(.text)
    RCC_ClearITPendingBit                    0x08006c33   Thumb Code     6  stm32f10x_rcc.o(.text)
    SPI_I2S_DeInit                           0x08006c5d   Thumb Code    76  stm32f10x_spi.o(.text)
    SPI_Init                                 0x08006ca9   Thumb Code    60  stm32f10x_spi.o(.text)
    I2S_Init                                 0x08006ce5   Thumb Code   226  stm32f10x_spi.o(.text)
    SPI_StructInit                           0x08006dc7   Thumb Code    24  stm32f10x_spi.o(.text)
    I2S_StructInit                           0x08006ddf   Thumb Code    20  stm32f10x_spi.o(.text)
    SPI_Cmd                                  0x08006df3   Thumb Code    24  stm32f10x_spi.o(.text)
    I2S_Cmd                                  0x08006e0b   Thumb Code    24  stm32f10x_spi.o(.text)
    SPI_I2S_ITConfig                         0x08006e23   Thumb Code    32  stm32f10x_spi.o(.text)
    SPI_I2S_DMACmd                           0x08006e43   Thumb Code    18  stm32f10x_spi.o(.text)
    SPI_I2S_SendData                         0x08006e55   Thumb Code     4  stm32f10x_spi.o(.text)
    SPI_I2S_ReceiveData                      0x08006e59   Thumb Code     6  stm32f10x_spi.o(.text)
    SPI_NSSInternalSoftwareConfig            0x08006e5f   Thumb Code    30  stm32f10x_spi.o(.text)
    SPI_SSOutputCmd                          0x08006e7d   Thumb Code    24  stm32f10x_spi.o(.text)
    SPI_DataSizeConfig                       0x08006e95   Thumb Code    18  stm32f10x_spi.o(.text)
    SPI_TransmitCRC                          0x08006ea7   Thumb Code    10  stm32f10x_spi.o(.text)
    SPI_CalculateCRC                         0x08006eb1   Thumb Code    24  stm32f10x_spi.o(.text)
    SPI_GetCRC                               0x08006ec9   Thumb Code    16  stm32f10x_spi.o(.text)
    SPI_GetCRCPolynomial                     0x08006ed9   Thumb Code     6  stm32f10x_spi.o(.text)
    SPI_BiDirectionalLineConfig              0x08006edf   Thumb Code    28  stm32f10x_spi.o(.text)
    SPI_I2S_GetFlagStatus                    0x08006efb   Thumb Code    18  stm32f10x_spi.o(.text)
    SPI_I2S_ClearFlag                        0x08006f0d   Thumb Code     6  stm32f10x_spi.o(.text)
    SPI_I2S_GetITStatus                      0x08006f13   Thumb Code    52  stm32f10x_spi.o(.text)
    SPI_I2S_ClearITPendingBit                0x08006f47   Thumb Code    20  stm32f10x_spi.o(.text)
    TIM_DeInit                               0x08006f69   Thumb Code   424  stm32f10x_tim.o(.text)
    TIM_TimeBaseInit                         0x08007111   Thumb Code   122  stm32f10x_tim.o(.text)
    TIM_OC1Init                              0x0800718b   Thumb Code   132  stm32f10x_tim.o(.text)
    TIM_OC2Init                              0x0800720f   Thumb Code   154  stm32f10x_tim.o(.text)
    TIM_OC3Init                              0x080072a9   Thumb Code   150  stm32f10x_tim.o(.text)
    TIM_OC4Init                              0x0800733f   Thumb Code   182  stm32f10x_tim.o(.text)
    TIM_SetIC4Prescaler                      0x080073f5   Thumb Code    26  stm32f10x_tim.o(.text)
    TIM_SetIC3Prescaler                      0x08007491   Thumb Code    18  stm32f10x_tim.o(.text)
    TIM_SetIC2Prescaler                      0x0800751d   Thumb Code    26  stm32f10x_tim.o(.text)
    TIM_SetIC1Prescaler                      0x080075b9   Thumb Code    18  stm32f10x_tim.o(.text)
    TIM_ICInit                               0x08007637   Thumb Code   150  stm32f10x_tim.o(.text)
    TIM_PWMIConfig                           0x080076cd   Thumb Code   124  stm32f10x_tim.o(.text)
    TIM_BDTRConfig                           0x08007749   Thumb Code    32  stm32f10x_tim.o(.text)
    TIM_TimeBaseStructInit                   0x08007769   Thumb Code    18  stm32f10x_tim.o(.text)
    TIM_OCStructInit                         0x0800777b   Thumb Code    20  stm32f10x_tim.o(.text)
    TIM_ICStructInit                         0x0800778f   Thumb Code    18  stm32f10x_tim.o(.text)
    TIM_BDTRStructInit                       0x080077a1   Thumb Code    40  stm32f10x_tim.o(.text)
    TIM_Cmd                                  0x080077c9   Thumb Code    24  stm32f10x_tim.o(.text)
    TIM_CtrlPWMOutputs                       0x080077e1   Thumb Code    30  stm32f10x_tim.o(.text)
    TIM_ITConfig                             0x080077ff   Thumb Code    18  stm32f10x_tim.o(.text)
    TIM_GenerateEvent                        0x08007811   Thumb Code     4  stm32f10x_tim.o(.text)
    TIM_DMAConfig                            0x08007815   Thumb Code    10  stm32f10x_tim.o(.text)
    TIM_DMACmd                               0x0800781f   Thumb Code    18  stm32f10x_tim.o(.text)
    TIM_InternalClockConfig                  0x08007831   Thumb Code    12  stm32f10x_tim.o(.text)
    TIM_SelectInputTrigger                   0x0800783d   Thumb Code    18  stm32f10x_tim.o(.text)
    TIM_ITRxExternalClockConfig              0x0800784f   Thumb Code    24  stm32f10x_tim.o(.text)
    TIM_TIxExternalClockConfig               0x08007867   Thumb Code    62  stm32f10x_tim.o(.text)
    TIM_ETRConfig                            0x080078a5   Thumb Code    28  stm32f10x_tim.o(.text)
    TIM_ETRClockMode1Config                  0x080078c1   Thumb Code    54  stm32f10x_tim.o(.text)
    TIM_ETRClockMode2Config                  0x080078f7   Thumb Code    32  stm32f10x_tim.o(.text)
    TIM_PrescalerConfig                      0x08007917   Thumb Code     6  stm32f10x_tim.o(.text)
    TIM_CounterModeConfig                    0x0800791d   Thumb Code    18  stm32f10x_tim.o(.text)
    TIM_EncoderInterfaceConfig               0x0800792f   Thumb Code    66  stm32f10x_tim.o(.text)
    TIM_ForcedOC1Config                      0x08007971   Thumb Code    18  stm32f10x_tim.o(.text)
    TIM_ForcedOC2Config                      0x08007983   Thumb Code    26  stm32f10x_tim.o(.text)
    TIM_ForcedOC3Config                      0x0800799d   Thumb Code    18  stm32f10x_tim.o(.text)
    TIM_ForcedOC4Config                      0x080079af   Thumb Code    26  stm32f10x_tim.o(.text)
    TIM_ARRPreloadConfig                     0x080079c9   Thumb Code    24  stm32f10x_tim.o(.text)
    TIM_SelectCOM                            0x080079e1   Thumb Code    24  stm32f10x_tim.o(.text)
    TIM_SelectCCDMA                          0x080079f9   Thumb Code    24  stm32f10x_tim.o(.text)
    TIM_CCPreloadControl                     0x08007a11   Thumb Code    24  stm32f10x_tim.o(.text)
    TIM_OC1PreloadConfig                     0x08007a29   Thumb Code    18  stm32f10x_tim.o(.text)
    TIM_OC2PreloadConfig                     0x08007a3b   Thumb Code    26  stm32f10x_tim.o(.text)
    TIM_OC3PreloadConfig                     0x08007a55   Thumb Code    18  stm32f10x_tim.o(.text)
    TIM_OC4PreloadConfig                     0x08007a67   Thumb Code    26  stm32f10x_tim.o(.text)
    TIM_OC1FastConfig                        0x08007a81   Thumb Code    18  stm32f10x_tim.o(.text)
    TIM_OC2FastConfig                        0x08007a93   Thumb Code    26  stm32f10x_tim.o(.text)
    TIM_OC3FastConfig                        0x08007aad   Thumb Code    18  stm32f10x_tim.o(.text)
    TIM_OC4FastConfig                        0x08007abf   Thumb Code    26  stm32f10x_tim.o(.text)
    TIM_ClearOC1Ref                          0x08007ad9   Thumb Code    18  stm32f10x_tim.o(.text)
    TIM_ClearOC2Ref                          0x08007aeb   Thumb Code    24  stm32f10x_tim.o(.text)
    TIM_ClearOC3Ref                          0x08007b03   Thumb Code    18  stm32f10x_tim.o(.text)
    TIM_ClearOC4Ref                          0x08007b15   Thumb Code    24  stm32f10x_tim.o(.text)
    TIM_OC1PolarityConfig                    0x08007b2d   Thumb Code    18  stm32f10x_tim.o(.text)
    TIM_OC1NPolarityConfig                   0x08007b3f   Thumb Code    18  stm32f10x_tim.o(.text)
    TIM_OC2PolarityConfig                    0x08007b51   Thumb Code    26  stm32f10x_tim.o(.text)
    TIM_OC2NPolarityConfig                   0x08007b6b   Thumb Code    26  stm32f10x_tim.o(.text)
    TIM_OC3PolarityConfig                    0x08007b85   Thumb Code    26  stm32f10x_tim.o(.text)
    TIM_OC3NPolarityConfig                   0x08007b9f   Thumb Code    26  stm32f10x_tim.o(.text)
    TIM_OC4PolarityConfig                    0x08007bb9   Thumb Code    26  stm32f10x_tim.o(.text)
    TIM_CCxCmd                               0x08007bd3   Thumb Code    30  stm32f10x_tim.o(.text)
    TIM_CCxNCmd                              0x08007bf1   Thumb Code    30  stm32f10x_tim.o(.text)
    TIM_SelectOCxM                           0x08007c0f   Thumb Code    82  stm32f10x_tim.o(.text)
    TIM_UpdateDisableConfig                  0x08007c61   Thumb Code    24  stm32f10x_tim.o(.text)
    TIM_UpdateRequestConfig                  0x08007c79   Thumb Code    24  stm32f10x_tim.o(.text)
    TIM_SelectHallSensor                     0x08007c91   Thumb Code    24  stm32f10x_tim.o(.text)
    TIM_SelectOnePulseMode                   0x08007ca9   Thumb Code    18  stm32f10x_tim.o(.text)
    TIM_SelectOutputTrigger                  0x08007cbb   Thumb Code    18  stm32f10x_tim.o(.text)
    TIM_SelectSlaveMode                      0x08007ccd   Thumb Code    18  stm32f10x_tim.o(.text)
    TIM_SelectMasterSlaveMode                0x08007cdf   Thumb Code    18  stm32f10x_tim.o(.text)
    TIM_SetCounter                           0x08007cf1   Thumb Code     4  stm32f10x_tim.o(.text)
    TIM_SetAutoreload                        0x08007cf5   Thumb Code     4  stm32f10x_tim.o(.text)
    TIM_SetCompare1                          0x08007cf9   Thumb Code     4  stm32f10x_tim.o(.text)
    TIM_SetCompare2                          0x08007cfd   Thumb Code     4  stm32f10x_tim.o(.text)
    TIM_SetCompare3                          0x08007d01   Thumb Code     4  stm32f10x_tim.o(.text)
    TIM_SetCompare4                          0x08007d05   Thumb Code     6  stm32f10x_tim.o(.text)
    TIM_SetClockDivision                     0x08007d0b   Thumb Code    18  stm32f10x_tim.o(.text)
    TIM_GetCapture1                          0x08007d1d   Thumb Code     6  stm32f10x_tim.o(.text)
    TIM_GetCapture2                          0x08007d23   Thumb Code     6  stm32f10x_tim.o(.text)
    TIM_GetCapture3                          0x08007d29   Thumb Code     6  stm32f10x_tim.o(.text)
    TIM_GetCapture4                          0x08007d2f   Thumb Code     8  stm32f10x_tim.o(.text)
    TIM_GetCounter                           0x08007d37   Thumb Code     6  stm32f10x_tim.o(.text)
    TIM_GetPrescaler                         0x08007d3d   Thumb Code     6  stm32f10x_tim.o(.text)
    TIM_GetFlagStatus                        0x08007d43   Thumb Code    18  stm32f10x_tim.o(.text)
    TIM_ClearFlag                            0x08007d55   Thumb Code     6  stm32f10x_tim.o(.text)
    TIM_GetITStatus                          0x08007d5b   Thumb Code    34  stm32f10x_tim.o(.text)
    TIM_ClearITPendingBit                    0x08007d7d   Thumb Code     6  stm32f10x_tim.o(.text)
    USART_DeInit                             0x08007d85   Thumb Code   134  stm32f10x_usart.o(.text)
    USART_Init                               0x08007e0b   Thumb Code   210  stm32f10x_usart.o(.text)
    USART_StructInit                         0x08007edd   Thumb Code    24  stm32f10x_usart.o(.text)
    USART_ClockInit                          0x08007ef5   Thumb Code    34  stm32f10x_usart.o(.text)
    USART_ClockStructInit                    0x08007f17   Thumb Code    12  stm32f10x_usart.o(.text)
    USART_Cmd                                0x08007f23   Thumb Code    24  stm32f10x_usart.o(.text)
    USART_ITConfig                           0x08007f3b   Thumb Code    74  stm32f10x_usart.o(.text)
    USART_DMACmd                             0x08007f85   Thumb Code    18  stm32f10x_usart.o(.text)
    USART_SetAddress                         0x08007f97   Thumb Code    18  stm32f10x_usart.o(.text)
    USART_WakeUpConfig                       0x08007fa9   Thumb Code    18  stm32f10x_usart.o(.text)
    USART_ReceiverWakeUpCmd                  0x08007fbb   Thumb Code    24  stm32f10x_usart.o(.text)
    USART_LINBreakDetectLengthConfig         0x08007fd3   Thumb Code    18  stm32f10x_usart.o(.text)
    USART_LINCmd                             0x08007fe5   Thumb Code    24  stm32f10x_usart.o(.text)
    USART_SendData                           0x08007ffd   Thumb Code     8  stm32f10x_usart.o(.text)
    USART_ReceiveData                        0x08008005   Thumb Code    10  stm32f10x_usart.o(.text)
    USART_SendBreak                          0x0800800f   Thumb Code    10  stm32f10x_usart.o(.text)
    USART_SetGuardTime                       0x08008019   Thumb Code    16  stm32f10x_usart.o(.text)
    USART_SetPrescaler                       0x08008029   Thumb Code    16  stm32f10x_usart.o(.text)
    USART_SmartCardCmd                       0x08008039   Thumb Code    24  stm32f10x_usart.o(.text)
    USART_SmartCardNACKCmd                   0x08008051   Thumb Code    24  stm32f10x_usart.o(.text)
    USART_HalfDuplexCmd                      0x08008069   Thumb Code    24  stm32f10x_usart.o(.text)
    USART_OverSampling8Cmd                   0x08008081   Thumb Code    22  stm32f10x_usart.o(.text)
    USART_OneBitMethodCmd                    0x08008097   Thumb Code    24  stm32f10x_usart.o(.text)
    USART_IrDAConfig                         0x080080af   Thumb Code    18  stm32f10x_usart.o(.text)
    USART_IrDACmd                            0x080080c1   Thumb Code    24  stm32f10x_usart.o(.text)
    USART_GetFlagStatus                      0x080080d9   Thumb Code    26  stm32f10x_usart.o(.text)
    USART_ClearFlag                          0x080080f3   Thumb Code    18  stm32f10x_usart.o(.text)
    USART_GetITStatus                        0x08008105   Thumb Code    84  stm32f10x_usart.o(.text)
    USART_ClearITPendingBit                  0x08008159   Thumb Code    52  stm32f10x_usart.o(.text)
    SystemInit                               0x0800826b   Thumb Code    78  system_stm32f10x.o(.text)
    SystemCoreClockUpdate                    0x080082b9   Thumb Code   142  system_stm32f10x.o(.text)
    Reset_Handler                            0x0800836d   Thumb Code     8  startup_stm32f10x_hd.o(.text)
    ADC1_2_IRQHandler                        0x08008387   Thumb Code     0  startup_stm32f10x_hd.o(.text)
    ADC3_IRQHandler                          0x08008387   Thumb Code     0  startup_stm32f10x_hd.o(.text)
    CAN1_RX1_IRQHandler                      0x08008387   Thumb Code     0  startup_stm32f10x_hd.o(.text)
    CAN1_SCE_IRQHandler                      0x08008387   Thumb Code     0  startup_stm32f10x_hd.o(.text)
    DMA1_Channel1_IRQHandler                 0x08008387   Thumb Code     0  startup_stm32f10x_hd.o(.text)
    DMA1_Channel3_IRQHandler                 0x08008387   Thumb Code     0  startup_stm32f10x_hd.o(.text)
    DMA1_Channel5_IRQHandler                 0x08008387   Thumb Code     0  startup_stm32f10x_hd.o(.text)
    DMA1_Channel6_IRQHandler                 0x08008387   Thumb Code     0  startup_stm32f10x_hd.o(.text)
    DMA2_Channel1_IRQHandler                 0x08008387   Thumb Code     0  startup_stm32f10x_hd.o(.text)
    DMA2_Channel2_IRQHandler                 0x08008387   Thumb Code     0  startup_stm32f10x_hd.o(.text)
    DMA2_Channel3_IRQHandler                 0x08008387   Thumb Code     0  startup_stm32f10x_hd.o(.text)
    DMA2_Channel4_5_IRQHandler               0x08008387   Thumb Code     0  startup_stm32f10x_hd.o(.text)
    EXTI0_IRQHandler                         0x08008387   Thumb Code     0  startup_stm32f10x_hd.o(.text)
    EXTI1_IRQHandler                         0x08008387   Thumb Code     0  startup_stm32f10x_hd.o(.text)
    EXTI2_IRQHandler                         0x08008387   Thumb Code     0  startup_stm32f10x_hd.o(.text)
    EXTI3_IRQHandler                         0x08008387   Thumb Code     0  startup_stm32f10x_hd.o(.text)
    EXTI4_IRQHandler                         0x08008387   Thumb Code     0  startup_stm32f10x_hd.o(.text)
    FLASH_IRQHandler                         0x08008387   Thumb Code     0  startup_stm32f10x_hd.o(.text)
    FSMC_IRQHandler                          0x08008387   Thumb Code     0  startup_stm32f10x_hd.o(.text)
    I2C1_ER_IRQHandler                       0x08008387   Thumb Code     0  startup_stm32f10x_hd.o(.text)
    I2C1_EV_IRQHandler                       0x08008387   Thumb Code     0  startup_stm32f10x_hd.o(.text)
    I2C2_ER_IRQHandler                       0x08008387   Thumb Code     0  startup_stm32f10x_hd.o(.text)
    I2C2_EV_IRQHandler                       0x08008387   Thumb Code     0  startup_stm32f10x_hd.o(.text)
    PVD_IRQHandler                           0x08008387   Thumb Code     0  startup_stm32f10x_hd.o(.text)
    RCC_IRQHandler                           0x08008387   Thumb Code     0  startup_stm32f10x_hd.o(.text)
    RTCAlarm_IRQHandler                      0x08008387   Thumb Code     0  startup_stm32f10x_hd.o(.text)
    RTC_IRQHandler                           0x08008387   Thumb Code     0  startup_stm32f10x_hd.o(.text)
    SDIO_IRQHandler                          0x08008387   Thumb Code     0  startup_stm32f10x_hd.o(.text)
    SPI1_IRQHandler                          0x08008387   Thumb Code     0  startup_stm32f10x_hd.o(.text)
    SPI2_IRQHandler                          0x08008387   Thumb Code     0  startup_stm32f10x_hd.o(.text)
    SPI3_IRQHandler                          0x08008387   Thumb Code     0  startup_stm32f10x_hd.o(.text)
    TAMPER_IRQHandler                        0x08008387   Thumb Code     0  startup_stm32f10x_hd.o(.text)
    TIM1_BRK_IRQHandler                      0x08008387   Thumb Code     0  startup_stm32f10x_hd.o(.text)
    TIM1_CC_IRQHandler                       0x08008387   Thumb Code     0  startup_stm32f10x_hd.o(.text)
    TIM1_TRG_COM_IRQHandler                  0x08008387   Thumb Code     0  startup_stm32f10x_hd.o(.text)
    TIM2_IRQHandler                          0x08008387   Thumb Code     0  startup_stm32f10x_hd.o(.text)
    TIM5_IRQHandler                          0x08008387   Thumb Code     0  startup_stm32f10x_hd.o(.text)
    TIM6_IRQHandler                          0x08008387   Thumb Code     0  startup_stm32f10x_hd.o(.text)
    TIM7_IRQHandler                          0x08008387   Thumb Code     0  startup_stm32f10x_hd.o(.text)
    TIM8_BRK_IRQHandler                      0x08008387   Thumb Code     0  startup_stm32f10x_hd.o(.text)
    TIM8_CC_IRQHandler                       0x08008387   Thumb Code     0  startup_stm32f10x_hd.o(.text)
    TIM8_TRG_COM_IRQHandler                  0x08008387   Thumb Code     0  startup_stm32f10x_hd.o(.text)
    TIM8_UP_IRQHandler                       0x08008387   Thumb Code     0  startup_stm32f10x_hd.o(.text)
    UART5_IRQHandler                         0x08008387   Thumb Code     0  startup_stm32f10x_hd.o(.text)
    USBWakeUp_IRQHandler                     0x08008387   Thumb Code     0  startup_stm32f10x_hd.o(.text)
    WWDG_IRQHandler                          0x08008387   Thumb Code     0  startup_stm32f10x_hd.o(.text)
    __user_initial_stackheap                 0x08008389   Thumb Code     0  startup_stm32f10x_hd.o(.text)
    __use_no_semihosting                     0x080083ad   Thumb Code     2  use_no_semi_2.o(.text)
    toupper                                  0x080083af   Thumb Code    30  toupper.o(.text)
    __2printf                                0x080083cd   Thumb Code    20  noretval__2printf.o(.text)
    _printf_str                              0x080083e5   Thumb Code    82  _printf_str.o(.text)
    _printf_int_dec                          0x08008439   Thumb Code   100  _printf_dec.o(.text)
    __printf                                 0x080084ad   Thumb Code   352  __printf_ss_wp.o(.text)
    strcpy                                   0x0800860d   Thumb Code    72  strcpy.o(.text)
    strlen                                   0x08008655   Thumb Code    62  strlen.o(.text)
    __aeabi_memcpy                           0x08008693   Thumb Code     0  rt_memcpy_v6.o(.text)
    __rt_memcpy                              0x08008693   Thumb Code   138  rt_memcpy_v6.o(.text)
    _memcpy_lastbytes                        0x080086f9   Thumb Code     0  rt_memcpy_v6.o(.text)
    __aeabi_memcpy4                          0x0800871d   Thumb Code     0  rt_memcpy_w.o(.text)
    __aeabi_memcpy8                          0x0800871d   Thumb Code     0  rt_memcpy_w.o(.text)
    __rt_memcpy_w                            0x0800871d   Thumb Code   100  rt_memcpy_w.o(.text)
    _memcpy_lastbytes_aligned                0x08008765   Thumb Code     0  rt_memcpy_w.o(.text)
    __aeabi_memclr4                          0x08008781   Thumb Code     0  rt_memclr_w.o(.text)
    __aeabi_memclr8                          0x08008781   Thumb Code     0  rt_memclr_w.o(.text)
    __rt_memclr_w                            0x08008781   Thumb Code    78  rt_memclr_w.o(.text)
    _memset_w                                0x08008785   Thumb Code     0  rt_memclr_w.o(.text)
    strncpy                                  0x080087cf   Thumb Code    86  strncpy.o(.text)
    strcmp                                   0x08008825   Thumb Code   128  strcmpv7m.o(.text)
    __use_two_region_memory                  0x080088a5   Thumb Code     2  heapauxi.o(.text)
    __rt_heap_escrow$2region                 0x080088a7   Thumb Code     2  heapauxi.o(.text)
    __rt_heap_expand$2region                 0x080088a9   Thumb Code     2  heapauxi.o(.text)
    __I$use$semihosting                      0x080088ab   Thumb Code     0  use_no_semi.o(.text)
    __use_no_semihosting_swi                 0x080088ab   Thumb Code     2  use_no_semi.o(.text)
    __rt_ctype_table                         0x080088ad   Thumb Code    16  rt_ctype_table.o(.text)
    __read_errno                             0x080088bd   Thumb Code    10  _rserrno.o(.text)
    __set_errno                              0x080088c7   Thumb Code    12  _rserrno.o(.text)
    _printf_int_common                       0x080088d3   Thumb Code   178  _printf_intcommon.o(.text)
    __lib_sel_fp_printf                      0x08008985   Thumb Code     2  _printf_fp_dec.o(.text)
    _printf_fp_dec_real                      0x08008b33   Thumb Code   616  _printf_fp_dec.o(.text)
    _printf_cs_common                        0x08008d9b   Thumb Code    20  _printf_char.o(.text)
    _printf_char                             0x08008daf   Thumb Code    16  _printf_char.o(.text)
    _printf_string                           0x08008dbf   Thumb Code     8  _printf_char.o(.text)
    _printf_char_file                        0x08008dc9   Thumb Code    32  _printf_char_file.o(.text)
    __aeabi_memclr                           0x08008ded   Thumb Code     0  rt_memclr.o(.text)
    __rt_memclr                              0x08008ded   Thumb Code    68  rt_memclr.o(.text)
    _memset                                  0x08008df1   Thumb Code     0  rt_memclr.o(.text)
    __rt_locale                              0x08008e31   Thumb Code     8  rt_locale_intlibspace.o(.text)
    __aeabi_errno_addr                       0x08008e39   Thumb Code     8  rt_errno_addr_intlibspace.o(.text)
    __errno$intlibspace                      0x08008e39   Thumb Code     0  rt_errno_addr_intlibspace.o(.text)
    __rt_errno_addr$intlibspace              0x08008e39   Thumb Code     0  rt_errno_addr_intlibspace.o(.text)
    _ll_udiv10                               0x08008e41   Thumb Code   138  lludiv10.o(.text)
    _printf_char_common                      0x08008ed7   Thumb Code    32  _printf_char_common.o(.text)
    _printf_fp_infnan                        0x08008efd   Thumb Code   112  _printf_fp_infnan.o(.text)
    _btod_etento                             0x08008f7d   Thumb Code   212  bigflt0.o(.text)
    ferror                                   0x08009055   Thumb Code     8  ferror.o(.text)
    __user_libspace                          0x0800905d   Thumb Code     8  libspace.o(.text)
    __user_perproc_libspace                  0x0800905d   Thumb Code     0  libspace.o(.text)
    __user_perthread_libspace                0x0800905d   Thumb Code     0  libspace.o(.text)
    __user_setup_stackheap                   0x08009065   Thumb Code    74  sys_stackheap_outer.o(.text)
    exit                                     0x080090af   Thumb Code    12  exit.o(.text)
    _btod_d2e                                0x080090bb   Thumb Code    62  btod.o(CL$$btod_d2e)
    _d2e_denorm_low                          0x080090f9   Thumb Code    70  btod.o(CL$$btod_d2e_denorm_low)
    _d2e_norm_op1                            0x0800913f   Thumb Code    96  btod.o(CL$$btod_d2e_norm_op1)
    __btod_div_common                        0x0800919f   Thumb Code   696  btod.o(CL$$btod_div_common)
    _e2e                                     0x080094d7   Thumb Code   198  btod.o(CL$$btod_e2e)
    _btod_ediv                               0x0800959d   Thumb Code    40  btod.o(CL$$btod_ediv)
    _btod_emul                               0x080095c5   Thumb Code    40  btod.o(CL$$btod_emul)
    __btod_mult_common                       0x080095ed   Thumb Code   580  btod.o(CL$$btod_mult_common)
    __ARM_fpclassify                         0x08009831   Thumb Code    40  fpclassify.o(i.__ARM_fpclassify)
    __kernel_poly                            0x08009859   Thumb Code   170  poly.o(i.__kernel_poly)
    __mathlib_dbl_underflow                  0x08009905   Thumb Code    10  dunder.o(i.__mathlib_dbl_underflow)
    _is_digit                                0x08009915   Thumb Code    14  __printf_wp.o(i._is_digit)
    pow                                      0x08009925   Thumb Code  2510  pow.o(i.pow)
    sqrt                                     0x0800a305   Thumb Code    76  sqrt.o(i.sqrt)
    _get_lc_ctype                            0x0800a351   Thumb Code    44  lc_ctype_c.o(locale$$code)
    _get_lc_numeric                          0x0800a37d   Thumb Code    44  lc_numeric_c.o(locale$$code)
    __aeabi_d2f                              0x0800a3a9   Thumb Code     0  d2f.o(x$fpl$d2f)
    _d2f                                     0x0800a3a9   Thumb Code    98  d2f.o(x$fpl$d2f)
    __aeabi_dadd                             0x0800a40d   Thumb Code     0  daddsub_clz.o(x$fpl$dadd)
    _dadd                                    0x0800a40d   Thumb Code   332  daddsub_clz.o(x$fpl$dadd)
    __fpl_dcheck_NaN1                        0x0800a55d   Thumb Code    10  dcheck1.o(x$fpl$dcheck1)
    __fpl_dcmp_Inf                           0x0800a56d   Thumb Code    24  dcmpi.o(x$fpl$dcmpinf)
    __aeabi_ddiv                             0x0800a585   Thumb Code     0  ddiv.o(x$fpl$ddiv)
    _ddiv                                    0x0800a585   Thumb Code   552  ddiv.o(x$fpl$ddiv)
    __aeabi_d2iz                             0x0800a835   Thumb Code     0  dfix.o(x$fpl$dfix)
    _dfix                                    0x0800a835   Thumb Code    94  dfix.o(x$fpl$dfix)
    __aeabi_d2uiz                            0x0800a895   Thumb Code     0  dfixu.o(x$fpl$dfixu)
    _dfixu                                   0x0800a895   Thumb Code    90  dfixu.o(x$fpl$dfixu)
    __aeabi_i2d                              0x0800a8ef   Thumb Code     0  dflt_clz.o(x$fpl$dflt)
    _dflt                                    0x0800a8ef   Thumb Code    46  dflt_clz.o(x$fpl$dflt)
    __aeabi_ui2d                             0x0800a91d   Thumb Code     0  dflt_clz.o(x$fpl$dfltu)
    _dfltu                                   0x0800a91d   Thumb Code    38  dflt_clz.o(x$fpl$dfltu)
    __aeabi_cdcmple                          0x0800a945   Thumb Code     0  dleqf.o(x$fpl$dleqf)
    _dcmple                                  0x0800a945   Thumb Code   120  dleqf.o(x$fpl$dleqf)
    __fpl_dcmple_InfNaN                      0x0800a9a7   Thumb Code     0  dleqf.o(x$fpl$dleqf)
    __aeabi_dmul                             0x0800a9bd   Thumb Code     0  dmul.o(x$fpl$dmul)
    _dmul                                    0x0800a9bd   Thumb Code   332  dmul.o(x$fpl$dmul)
    __fpl_dnaninf                            0x0800ab11   Thumb Code   156  dnaninf.o(x$fpl$dnaninf)
    __fpl_dretinf                            0x0800abad   Thumb Code    12  dretinf.o(x$fpl$dretinf)
    __aeabi_cdrcmple                         0x0800abb9   Thumb Code     0  drleqf.o(x$fpl$drleqf)
    _drcmple                                 0x0800abb9   Thumb Code   108  drleqf.o(x$fpl$drleqf)
    __aeabi_drsub                            0x0800ac25   Thumb Code     0  daddsub_clz.o(x$fpl$drsb)
    _drsb                                    0x0800ac25   Thumb Code    22  daddsub_clz.o(x$fpl$drsb)
    _dsqrt                                   0x0800ac3d   Thumb Code   456  dsqrt_noumaal.o(x$fpl$dsqrt)
    __aeabi_dsub                             0x0800ae09   Thumb Code     0  daddsub_clz.o(x$fpl$dsub)
    _dsub                                    0x0800ae09   Thumb Code   464  daddsub_clz.o(x$fpl$dsub)
    __aeabi_f2d                              0x0800afdd   Thumb Code     0  f2d.o(x$fpl$f2d)
    _f2d                                     0x0800afdd   Thumb Code    86  f2d.o(x$fpl$f2d)
    __aeabi_fadd                             0x0800b035   Thumb Code     0  faddsub_clz.o(x$fpl$fadd)
    _fadd                                    0x0800b035   Thumb Code   196  faddsub_clz.o(x$fpl$fadd)
    __fpl_fcmp_Inf                           0x0800b0f9   Thumb Code    24  fcmpi.o(x$fpl$fcmpinf)
    __aeabi_fdiv                             0x0800b111   Thumb Code     0  fdiv.o(x$fpl$fdiv)
    _fdiv                                    0x0800b111   Thumb Code   384  fdiv.o(x$fpl$fdiv)
    __aeabi_i2f                              0x0800b295   Thumb Code     0  fflt_clz.o(x$fpl$fflt)
    _fflt                                    0x0800b295   Thumb Code    48  fflt_clz.o(x$fpl$fflt)
    __aeabi_ui2f                             0x0800b2c5   Thumb Code     0  fflt_clz.o(x$fpl$ffltu)
    _ffltu                                   0x0800b2c5   Thumb Code    38  fflt_clz.o(x$fpl$ffltu)
    __aeabi_cfcmple                          0x0800b2ed   Thumb Code     0  fleqf.o(x$fpl$fleqf)
    _fcmple                                  0x0800b2ed   Thumb Code   104  fleqf.o(x$fpl$fleqf)
    __fpl_fcmple_InfNaN                      0x0800b33f   Thumb Code     0  fleqf.o(x$fpl$fleqf)
    __aeabi_fmul                             0x0800b355   Thumb Code     0  fmul.o(x$fpl$fmul)
    _fmul                                    0x0800b355   Thumb Code   258  fmul.o(x$fpl$fmul)
    __fpl_fnaninf                            0x0800b457   Thumb Code   140  fnaninf.o(x$fpl$fnaninf)
    __fpl_fretinf                            0x0800b4e3   Thumb Code    10  fretinf.o(x$fpl$fretinf)
    __aeabi_cfrcmple                         0x0800b4ed   Thumb Code     0  frleqf.o(x$fpl$frleqf)
    _frcmple                                 0x0800b4ed   Thumb Code    98  frleqf.o(x$fpl$frleqf)
    __aeabi_fsub                             0x0800b551   Thumb Code     0  faddsub_clz.o(x$fpl$fsub)
    _fsub                                    0x0800b551   Thumb Code   234  faddsub_clz.o(x$fpl$fsub)
    _printf_fp_dec                           0x0800b63b   Thumb Code     4  printf1.o(x$fpl$printf1)
    __fpl_return_NaN                         0x0800b63f   Thumb Code   100  retnan.o(x$fpl$retnan)
    __ARM_scalbn                             0x0800b6a3   Thumb Code    92  scalbn.o(x$fpl$scalbn)
    __fpl_cmpreturn                          0x0800b6ff   Thumb Code    48  trapv.o(x$fpl$trapveneer)
    __I$use$fp                               0x0800b72e   Number         0  usenofp.o(x$fpl$usenofp)
    auchCRCHi                                0x0800b72e   Data         256  modbus.o(.constdata)
    auchCRCLo                                0x0800b82e   Data         256  modbus.o(.constdata)
    Ascill_16                                0x0800b92e   Data          16  iai_motor.o(.constdata)
    __mathlib_zero                           0x0800b9c8   Data           8  qnan.o(.constdata)
    Region$$Table$$Base                      0x0800ba64   Number         0  anon$$obj.o(Region$$Table)
    Region$$Table$$Limit                     0x0800ba84   Number         0  anon$$obj.o(Region$$Table)
    __ctype                                  0x0800ba91   Data           0  lc_ctype_c.o(locale$$data)
    Input_Port                               0x20000000   Data           4  gpio_init.o(.data)
    Output_Port                              0x20000004   Data           4  gpio_init.o(.data)
    test                                     0x20000008   Data           1  static_init.o(.data)
    HardFault_Handler_X                      0x20000009   Data           1  static_init.o(.data)
    CalibrationSave                          0x2000000c   Data          84  static_init.o(.data)
    ADB                                      0x20000064   Data          20  static_init.o(.data)
    ZeroValue                                0x20000078   Data           4  hx711.o(.data)
    Ratio                                    0x2000007c   Data           4  hx711.o(.data)
    UnionFloat                               0x20000080   Data           4  hx711.o(.data)
    UnionLong                                0x20000084   Data           4  hx711.o(.data)
    __stdout                                 0x2000008c   Data           4  printf_init.o(.data)
    txsize                                   0x2000009b   Data           8  w5500.o(.data)
    rxsize                                   0x200000a3   Data           8  w5500.o(.data)
    Rx4_Flag                                 0x200000ab   Data           1  usart4_init.o(.data)
    path0                                    0x200000b0   Data         512  main.o(.data)
    pc_port_monitor                          0x200002b0   Data           2  main.o(.data)
    pc_port_commun                           0x200002b2   Data           2  main.o(.data)
    Host_order                               0x200002b4   Data           4  main.o(.data)
    keynum                                   0x200002b8   Data           4  main.o(.data)
    SystemCoreClock                          0x200002d4   Data           4  system_stm32f10x.o(.data)
    AHBPrescTable                            0x200002d8   Data          16  system_stm32f10x.o(.data)
    Modbus_Port                              0x200002f4   Data          64  modbus.o(.bss)
    Modbus_ReadOnly_Var                      0x20000334   Data         128  modbus.o(.bss)
    Modbus_Public_Var                        0x200003b4   Data         512  modbus.o(.bss)
    USART1Struct                             0x200005b4   Data         248  usart1_init.o(.bss)
    USARTStructure2                          0x20000724   Data         203  usart2_init.o(.bss)
    USART2_TX_BUFF                           0x200007ef   Data         100  usart2_init.o(.bss)
    ADCPrimevalValue                         0x20000874   Data          12  adc.o(.bss)
    USARTStructure3                          0x20000880   Data         102  usart3_init.o(.bss)
    USART3_TX_BUFF                           0x200008e6   Data         100  usart3_init.o(.bss)
    Rx4_String                               0x2000094a   Data          60  usart4_init.o(.bss)
    USARTStructure4                          0x20000986   Data         102  usart4_init.o(.bss)
    RxMessage                                0x200009ec   Data          20  canbus.o(.bss)
    buffer1                                  0x20000a00   Data        4096  main.o(.bss)
    buffer                                   0x20001a00   Data        4096  main.o(.bss)
    __libspace_start                         0x20002a00   Data          96  libspace.o(.bss)
    __temporary_stack_top$libspace           0x20002a60   Data           0  libspace.o(.bss)



==============================================================================

Memory Map of the image

  Image Entry point : 0x08000131

  Load Region LR_IROM1 (Base: 0x08000000, Size: 0x0000be98, Max: 0x00080000, ABSOLUTE, COMPRESSED[0x0000bc0c])

    Execution Region ER_IROM1 (Base: 0x08000000, Size: 0x0000bbb0, Max: 0x00080000, ABSOLUTE)

    Base Addr    Size         Type   Attr      Idx    E Section Name        Object

    0x08000000   0x00000130   Data   RO         1380    RESET               startup_stm32f10x_hd.o
    0x08000130   0x00000008   Code   RO         1441  * !!!main             c_w.l(__main.o)
    0x08000138   0x00000034   Code   RO         1771    !!!scatter          c_w.l(__scatter.o)
    0x0800016c   0x0000005a   Code   RO         1769    !!dczerorl2         c_w.l(__dczerorl2.o)
    0x080001c6   0x00000002   PAD
    0x080001c8   0x0000001c   Code   RO         1773    !!handler_zi        c_w.l(__scatter_zi.o)
    0x080001e4   0x00000000   Code   RO         1424    .ARM.Collect$$_printf_percent$$00000000  c_w.l(_printf_percent.o)
    0x080001e4   0x00000006   Code   RO         1423    .ARM.Collect$$_printf_percent$$00000003  c_w.l(_printf_f.o)
    0x080001ea   0x00000006   Code   RO         1422    .ARM.Collect$$_printf_percent$$00000009  c_w.l(_printf_d.o)
    0x080001f0   0x00000006   Code   RO         1421    .ARM.Collect$$_printf_percent$$00000013  c_w.l(_printf_c.o)
    0x080001f6   0x00000004   Code   RO         1524    .ARM.Collect$$_printf_percent$$00000017  c_w.l(_printf_percent_end.o)
    0x080001fa   0x00000002   Code   RO         1645    .ARM.Collect$$libinit$$00000000  c_w.l(libinit.o)
    0x080001fc   0x00000000   Code   RO         1647    .ARM.Collect$$libinit$$00000002  c_w.l(libinit2.o)
    0x080001fc   0x00000000   Code   RO         1650    .ARM.Collect$$libinit$$00000008  c_w.l(libinit2.o)
    0x080001fc   0x00000000   Code   RO         1652    .ARM.Collect$$libinit$$0000000A  c_w.l(libinit2.o)
    0x080001fc   0x00000000   Code   RO         1654    .ARM.Collect$$libinit$$0000000C  c_w.l(libinit2.o)
    0x080001fc   0x00000006   Code   RO         1655    .ARM.Collect$$libinit$$0000000D  c_w.l(libinit2.o)
    0x08000202   0x00000000   Code   RO         1657    .ARM.Collect$$libinit$$0000000F  c_w.l(libinit2.o)
    0x08000202   0x0000000c   Code   RO         1658    .ARM.Collect$$libinit$$00000010  c_w.l(libinit2.o)
    0x0800020e   0x00000000   Code   RO         1659    .ARM.Collect$$libinit$$00000011  c_w.l(libinit2.o)
    0x0800020e   0x00000000   Code   RO         1661    .ARM.Collect$$libinit$$00000013  c_w.l(libinit2.o)
    0x0800020e   0x0000000a   Code   RO         1662    .ARM.Collect$$libinit$$00000014  c_w.l(libinit2.o)
    0x08000218   0x00000000   Code   RO         1663    .ARM.Collect$$libinit$$00000015  c_w.l(libinit2.o)
    0x08000218   0x00000000   Code   RO         1665    .ARM.Collect$$libinit$$00000017  c_w.l(libinit2.o)
    0x08000218   0x00000000   Code   RO         1667    .ARM.Collect$$libinit$$00000019  c_w.l(libinit2.o)
    0x08000218   0x00000000   Code   RO         1669    .ARM.Collect$$libinit$$0000001B  c_w.l(libinit2.o)
    0x08000218   0x00000000   Code   RO         1671    .ARM.Collect$$libinit$$0000001D  c_w.l(libinit2.o)
    0x08000218   0x00000000   Code   RO         1673    .ARM.Collect$$libinit$$0000001F  c_w.l(libinit2.o)
    0x08000218   0x00000000   Code   RO         1675    .ARM.Collect$$libinit$$00000021  c_w.l(libinit2.o)
    0x08000218   0x00000000   Code   RO         1677    .ARM.Collect$$libinit$$00000023  c_w.l(libinit2.o)
    0x08000218   0x00000000   Code   RO         1681    .ARM.Collect$$libinit$$0000002A  c_w.l(libinit2.o)
    0x08000218   0x00000000   Code   RO         1683    .ARM.Collect$$libinit$$0000002C  c_w.l(libinit2.o)
    0x08000218   0x00000000   Code   RO         1685    .ARM.Collect$$libinit$$0000002E  c_w.l(libinit2.o)
    0x08000218   0x00000000   Code   RO         1687    .ARM.Collect$$libinit$$00000030  c_w.l(libinit2.o)
    0x08000218   0x00000002   Code   RO         1688    .ARM.Collect$$libinit$$00000031  c_w.l(libinit2.o)
    0x0800021a   0x00000002   Code   RO         1720    .ARM.Collect$$libshutdown$$00000000  c_w.l(libshutdown.o)
    0x0800021c   0x00000000   Code   RO         1730    .ARM.Collect$$libshutdown$$00000003  c_w.l(libshutdown2.o)
    0x0800021c   0x00000000   Code   RO         1733    .ARM.Collect$$libshutdown$$00000006  c_w.l(libshutdown2.o)
    0x0800021c   0x00000000   Code   RO         1736    .ARM.Collect$$libshutdown$$00000009  c_w.l(libshutdown2.o)
    0x0800021c   0x00000000   Code   RO         1738    .ARM.Collect$$libshutdown$$0000000B  c_w.l(libshutdown2.o)
    0x0800021c   0x00000000   Code   RO         1741    .ARM.Collect$$libshutdown$$0000000E  c_w.l(libshutdown2.o)
    0x0800021c   0x00000002   Code   RO         1742    .ARM.Collect$$libshutdown$$0000000F  c_w.l(libshutdown2.o)
    0x0800021e   0x00000000   Code   RO         1511    .ARM.Collect$$rtentry$$00000000  c_w.l(rtentry.o)
    0x0800021e   0x00000000   Code   RO         1560    .ARM.Collect$$rtentry$$00000002  c_w.l(rtentry2.o)
    0x0800021e   0x00000006   Code   RO         1572    .ARM.Collect$$rtentry$$00000004  c_w.l(rtentry4.o)
    0x08000224   0x00000000   Code   RO         1562    .ARM.Collect$$rtentry$$00000009  c_w.l(rtentry2.o)
    0x08000224   0x00000004   Code   RO         1563    .ARM.Collect$$rtentry$$0000000A  c_w.l(rtentry2.o)
    0x08000228   0x00000000   Code   RO         1565    .ARM.Collect$$rtentry$$0000000C  c_w.l(rtentry2.o)
    0x08000228   0x00000008   Code   RO         1566    .ARM.Collect$$rtentry$$0000000D  c_w.l(rtentry2.o)
    0x08000230   0x00000002   Code   RO         1691    .ARM.Collect$$rtexit$$00000000  c_w.l(rtexit.o)
    0x08000232   0x00000000   Code   RO         1700    .ARM.Collect$$rtexit$$00000002  c_w.l(rtexit2.o)
    0x08000232   0x00000004   Code   RO         1701    .ARM.Collect$$rtexit$$00000003  c_w.l(rtexit2.o)
    0x08000236   0x00000006   Code   RO         1702    .ARM.Collect$$rtexit$$00000004  c_w.l(rtexit2.o)
    0x0800023c   0x000000e0   Code   RO            3    .text               bsp.o
    0x0800031c   0x00000b50   Code   RO          224    .text               gpio_init.o
    0x08000e6c   0x00000022   Code   RO          257    .text               stm32f10x_it.o
    0x08000e8e   0x00000002   PAD
    0x08000e90   0x000007fc   Code   RO          281    .text               static_init.o
    0x0800168c   0x0000002a   Code   RO          318    .text               bkp_init.o
    0x080016b6   0x00000002   PAD
    0x080016b8   0x000002c0   Code   RO          338    .text               hx711.o
    0x08001978   0x000003e4   Code   RO          364    .text               i2ceeprom.o
    0x08001d5c   0x000003d8   Code   RO          384    .text               modbus.o
    0x08002134   0x00000016   Code   RO          411    .text               nvic_init.o
    0x0800214a   0x00000002   PAD
    0x0800214c   0x000000f8   Code   RO          431    .text               printf_init.o
    0x08002244   0x0000068c   Code   RO          458    .text               socket.o
    0x080028d0   0x00000148   Code   RO          507    .text               spi1_init.o
    0x08002a18   0x00000328   Code   RO          547    .text               usart1_init.o
    0x08002d40   0x00000354   Code   RO          574    .text               usart2_init.o
    0x08003094   0x00000768   Code   RO          600    .text               w5500.o
    0x080037fc   0x000001f8   Code   RO          641    .text               adc.o
    0x080039f4   0x00000114   Code   RO          667    .text               hmigt02.o
    0x08003b08   0x00000328   Code   RO          693    .text               usart3_init.o
    0x08003e30   0x00000378   Code   RO          776    .text               usart4_init.o
    0x080041a8   0x000002c8   Code   RO          804    .text               canbus.o
    0x08004470   0x00000830   Code   RO          831    .text               main.o
    0x08004ca0   0x000000dc   Code   RO          863    .text               misc.o
    0x08004d7c   0x0000044e   Code   RO          883    .text               stm32f10x_adc.o
    0x080051ca   0x00000002   PAD
    0x080051cc   0x000000c4   Code   RO          903    .text               stm32f10x_bkp.o
    0x08005290   0x000009f0   Code   RO          923    .text               stm32f10x_can.o
    0x08005c80   0x00000254   Code   RO         1023    .text               stm32f10x_dma.o
    0x08005ed4   0x000005bc   Code   RO         1063    .text               stm32f10x_flash.o
    0x08006490   0x0000035c   Code   RO         1103    .text               stm32f10x_gpio.o
    0x080067ec   0x000000cc   Code   RO         1163    .text               stm32f10x_pwr.o
    0x080068b8   0x000003a4   Code   RO         1183    .text               stm32f10x_rcc.o
    0x08006c5c   0x0000030c   Code   RO         1245    .text               stm32f10x_spi.o
    0x08006f68   0x00000e1a   Code   RO         1265    .text               stm32f10x_tim.o
    0x08007d82   0x00000002   PAD
    0x08007d84   0x00000408   Code   RO         1285    .text               stm32f10x_usart.o
    0x0800818c   0x000001e0   Code   RO         1335    .text               system_stm32f10x.o
    0x0800836c   0x00000040   Code   RO         1381    .text               startup_stm32f10x_hd.o
    0x080083ac   0x00000002   Code   RO         1387    .text               c_w.l(use_no_semi_2.o)
    0x080083ae   0x0000001e   Code   RO         1389    .text               c_w.l(toupper.o)
    0x080083cc   0x00000018   Code   RO         1393    .text               c_w.l(noretval__2printf.o)
    0x080083e4   0x00000052   Code   RO         1397    .text               c_w.l(_printf_str.o)
    0x08008436   0x00000002   PAD
    0x08008438   0x00000074   Code   RO         1399    .text               c_w.l(_printf_dec.o)
    0x080084ac   0x00000160   Code   RO         1416    .text               c_w.l(__printf_ss_wp.o)
    0x0800860c   0x00000048   Code   RO         1425    .text               c_w.l(strcpy.o)
    0x08008654   0x0000003e   Code   RO         1427    .text               c_w.l(strlen.o)
    0x08008692   0x0000008a   Code   RO         1429    .text               c_w.l(rt_memcpy_v6.o)
    0x0800871c   0x00000064   Code   RO         1431    .text               c_w.l(rt_memcpy_w.o)
    0x08008780   0x0000004e   Code   RO         1433    .text               c_w.l(rt_memclr_w.o)
    0x080087ce   0x00000056   Code   RO         1435    .text               c_w.l(strncpy.o)
    0x08008824   0x00000080   Code   RO         1437    .text               c_w.l(strcmpv7m.o)
    0x080088a4   0x00000006   Code   RO         1439    .text               c_w.l(heapauxi.o)
    0x080088aa   0x00000002   Code   RO         1509    .text               c_w.l(use_no_semi.o)
    0x080088ac   0x00000010   Code   RO         1512    .text               c_w.l(rt_ctype_table.o)
    0x080088bc   0x00000016   Code   RO         1514    .text               c_w.l(_rserrno.o)
    0x080088d2   0x000000b2   Code   RO         1516    .text               c_w.l(_printf_intcommon.o)
    0x08008984   0x00000416   Code   RO         1518    .text               c_w.l(_printf_fp_dec.o)
    0x08008d9a   0x0000002c   Code   RO         1520    .text               c_w.l(_printf_char.o)
    0x08008dc6   0x00000002   PAD
    0x08008dc8   0x00000024   Code   RO         1522    .text               c_w.l(_printf_char_file.o)
    0x08008dec   0x00000044   Code   RO         1525    .text               c_w.l(rt_memclr.o)
    0x08008e30   0x00000008   Code   RO         1577    .text               c_w.l(rt_locale_intlibspace.o)
    0x08008e38   0x00000008   Code   RO         1582    .text               c_w.l(rt_errno_addr_intlibspace.o)
    0x08008e40   0x0000008a   Code   RO         1584    .text               c_w.l(lludiv10.o)
    0x08008eca   0x00000002   PAD
    0x08008ecc   0x00000030   Code   RO         1586    .text               c_w.l(_printf_char_common.o)
    0x08008efc   0x00000080   Code   RO         1588    .text               c_w.l(_printf_fp_infnan.o)
    0x08008f7c   0x000000d8   Code   RO         1590    .text               c_w.l(bigflt0.o)
    0x08009054   0x00000008   Code   RO         1615    .text               c_w.l(ferror.o)
    0x0800905c   0x00000008   Code   RO         1631    .text               c_w.l(libspace.o)
    0x08009064   0x0000004a   Code   RO         1634    .text               c_w.l(sys_stackheap_outer.o)
    0x080090ae   0x0000000c   Code   RO         1638    .text               c_w.l(exit.o)
    0x080090ba   0x0000003e   Code   RO         1593    CL$$btod_d2e        c_w.l(btod.o)
    0x080090f8   0x00000046   Code   RO         1595    CL$$btod_d2e_denorm_low  c_w.l(btod.o)
    0x0800913e   0x00000060   Code   RO         1594    CL$$btod_d2e_norm_op1  c_w.l(btod.o)
    0x0800919e   0x00000338   Code   RO         1603    CL$$btod_div_common  c_w.l(btod.o)
    0x080094d6   0x000000c6   Code   RO         1600    CL$$btod_e2e        c_w.l(btod.o)
    0x0800959c   0x00000028   Code   RO         1597    CL$$btod_ediv       c_w.l(btod.o)
    0x080095c4   0x00000028   Code   RO         1596    CL$$btod_emul       c_w.l(btod.o)
    0x080095ec   0x00000244   Code   RO         1602    CL$$btod_mult_common  c_w.l(btod.o)
    0x08009830   0x00000028   Code   RO         1546    i.__ARM_fpclassify  m_ws.l(fpclassify.o)
    0x08009858   0x000000aa   Code   RO         1548    i.__kernel_poly     m_ws.l(poly.o)
    0x08009902   0x00000002   PAD
    0x08009904   0x00000010   Code   RO         1544    i.__mathlib_dbl_underflow  m_ws.l(dunder.o)
    0x08009914   0x0000000e   Code   RO         1411    i._is_digit         c_w.l(__printf_wp.o)
    0x08009922   0x00000002   PAD
    0x08009924   0x000009e0   Code   RO         1500    i.pow               m_ws.l(pow.o)
    0x0800a304   0x0000004c   Code   RO         1552    i.sqrt              m_ws.l(sqrt.o)
    0x0800a350   0x0000002c   Code   RO         1620    locale$$code        c_w.l(lc_ctype_c.o)
    0x0800a37c   0x0000002c   Code   RO         1623    locale$$code        c_w.l(lc_numeric_c.o)
    0x0800a3a8   0x00000062   Code   RO         1443    x$fpl$d2f           fz_ws.l(d2f.o)
    0x0800a40a   0x00000002   PAD
    0x0800a40c   0x00000150   Code   RO         1445    x$fpl$dadd          fz_ws.l(daddsub_clz.o)
    0x0800a55c   0x00000010   Code   RO         1625    x$fpl$dcheck1       fz_ws.l(dcheck1.o)
    0x0800a56c   0x00000018   Code   RO         1527    x$fpl$dcmpinf       fz_ws.l(dcmpi.o)
    0x0800a584   0x000002b0   Code   RO         1452    x$fpl$ddiv          fz_ws.l(ddiv.o)
    0x0800a834   0x0000005e   Code   RO         1455    x$fpl$dfix          fz_ws.l(dfix.o)
    0x0800a892   0x00000002   PAD
    0x0800a894   0x0000005a   Code   RO         1459    x$fpl$dfixu         fz_ws.l(dfixu.o)
    0x0800a8ee   0x0000002e   Code   RO         1464    x$fpl$dflt          fz_ws.l(dflt_clz.o)
    0x0800a91c   0x00000026   Code   RO         1463    x$fpl$dfltu         fz_ws.l(dflt_clz.o)
    0x0800a942   0x00000002   PAD
    0x0800a944   0x00000078   Code   RO         1469    x$fpl$dleqf         fz_ws.l(dleqf.o)
    0x0800a9bc   0x00000154   Code   RO         1471    x$fpl$dmul          fz_ws.l(dmul.o)
    0x0800ab10   0x0000009c   Code   RO         1529    x$fpl$dnaninf       fz_ws.l(dnaninf.o)
    0x0800abac   0x0000000c   Code   RO         1531    x$fpl$dretinf       fz_ws.l(dretinf.o)
    0x0800abb8   0x0000006c   Code   RO         1533    x$fpl$drleqf        fz_ws.l(drleqf.o)
    0x0800ac24   0x00000016   Code   RO         1446    x$fpl$drsb          fz_ws.l(daddsub_clz.o)
    0x0800ac3a   0x00000002   PAD
    0x0800ac3c   0x000001cc   Code   RO         1627    x$fpl$dsqrt         fz_ws.l(dsqrt_noumaal.o)
    0x0800ae08   0x000001d4   Code   RO         1447    x$fpl$dsub          fz_ws.l(daddsub_clz.o)
    0x0800afdc   0x00000056   Code   RO         1473    x$fpl$f2d           fz_ws.l(f2d.o)
    0x0800b032   0x00000002   PAD
    0x0800b034   0x000000c4   Code   RO         1475    x$fpl$fadd          fz_ws.l(faddsub_clz.o)
    0x0800b0f8   0x00000018   Code   RO         1535    x$fpl$fcmpinf       fz_ws.l(fcmpi.o)
    0x0800b110   0x00000184   Code   RO         1482    x$fpl$fdiv          fz_ws.l(fdiv.o)
    0x0800b294   0x00000030   Code   RO         1486    x$fpl$fflt          fz_ws.l(fflt_clz.o)
    0x0800b2c4   0x00000026   Code   RO         1485    x$fpl$ffltu         fz_ws.l(fflt_clz.o)
    0x0800b2ea   0x00000002   PAD
    0x0800b2ec   0x00000068   Code   RO         1491    x$fpl$fleqf         fz_ws.l(fleqf.o)
    0x0800b354   0x00000102   Code   RO         1493    x$fpl$fmul          fz_ws.l(fmul.o)
    0x0800b456   0x0000008c   Code   RO         1537    x$fpl$fnaninf       fz_ws.l(fnaninf.o)
    0x0800b4e2   0x0000000a   Code   RO         1539    x$fpl$fretinf       fz_ws.l(fretinf.o)
    0x0800b4ec   0x00000062   Code   RO         1495    x$fpl$frleqf        fz_ws.l(frleqf.o)
    0x0800b54e   0x00000002   PAD
    0x0800b550   0x000000ea   Code   RO         1477    x$fpl$fsub          fz_ws.l(faddsub_clz.o)
    0x0800b63a   0x00000004   Code   RO         1497    x$fpl$printf1       fz_ws.l(printf1.o)
    0x0800b63e   0x00000064   Code   RO         1689    x$fpl$retnan        fz_ws.l(retnan.o)
    0x0800b6a2   0x0000005c   Code   RO         1541    x$fpl$scalbn        fz_ws.l(scalbn.o)
    0x0800b6fe   0x00000030   Code   RO         1697    x$fpl$trapveneer    fz_ws.l(trapv.o)
    0x0800b72e   0x00000000   Code   RO         1543    x$fpl$usenofp       fz_ws.l(usenofp.o)
    0x0800b72e   0x00000200   Data   RO          386    .constdata          modbus.o
    0x0800b92e   0x00000010   Data   RO          750    .constdata          iai_motor.o
    0x0800b93e   0x00000002   PAD
    0x0800b940   0x00000088   Data   RO         1501    .constdata          m_ws.l(pow.o)
    0x0800b9c8   0x00000008   Data   RO         1550    .constdata          m_ws.l(qnan.o)
    0x0800b9d0   0x00000094   Data   RO         1591    .constdata          c_w.l(bigflt0.o)
    0x0800ba64   0x00000020   Data   RO         1767    Region$$Table       anon$$obj.o
    0x0800ba84   0x00000110   Data   RO         1619    locale$$data        c_w.l(lc_ctype_c.o)
    0x0800bb94   0x0000001c   Data   RO         1622    locale$$data        c_w.l(lc_numeric_c.o)


    Execution Region RW_IRAM1 (Base: 0x20000000, Size: 0x00003060, Max: 0x00010000, ABSOLUTE, COMPRESSED[0x0000005c])

    Base Addr    Size         Type   Attr      Idx    E Section Name        Object

    0x20000000   0x00000008   Data   RW          225    .data               gpio_init.o
    0x20000008   0x00000070   Data   RW          283    .data               static_init.o
    0x20000078   0x00000010   Data   RW          339    .data               hx711.o
    0x20000088   0x00000008   Data   RW          432    .data               printf_init.o
    0x20000090   0x00000002   Data   RW          459    .data               socket.o
    0x20000092   0x00000001   Data   RW          549    .data               usart1_init.o
    0x20000093   0x00000018   Data   RW          602    .data               w5500.o
    0x200000ab   0x00000002   Data   RW          778    .data               usart4_init.o
    0x200000ad   0x00000003   PAD
    0x200000b0   0x0000020d   Data   RW          833    .data               main.o
    0x200002bd   0x00000014   Data   RW         1184    .data               stm32f10x_rcc.o
    0x200002d1   0x00000003   PAD
    0x200002d4   0x00000014   Data   RW         1336    .data               system_stm32f10x.o
    0x200002e8   0x0000000c   Zero   RW          282    .bss                static_init.o
    0x200002f4   0x000002c0   Zero   RW          385    .bss                modbus.o
    0x200005b4   0x00000170   Zero   RW          548    .bss                usart1_init.o
    0x20000724   0x0000012f   Zero   RW          575    .bss                usart2_init.o
    0x20000853   0x00000001   PAD
    0x20000854   0x00000020   Zero   RW          601    .bss                w5500.o
    0x20000874   0x0000000c   Zero   RW          642    .bss                adc.o
    0x20000880   0x000000ca   Zero   RW          694    .bss                usart3_init.o
    0x2000094a   0x000000a2   Zero   RW          777    .bss                usart4_init.o
    0x200009ec   0x00000014   Zero   RW          805    .bss                canbus.o
    0x20000a00   0x00002000   Zero   RW          832    .bss                main.o
    0x20002a00   0x00000060   Zero   RW         1632    .bss                c_w.l(libspace.o)
    0x20002a60   0x00000200   Zero   RW         1379    HEAP                startup_stm32f10x_hd.o
    0x20002c60   0x00000400   Zero   RW         1378    STACK               startup_stm32f10x_hd.o


==============================================================================

Image component sizes


      Code (inc. data)   RO Data    RW Data    ZI Data      Debug   Object Name

       504         50          0          0         12       2082   adc.o
        42          0          0          0          0        457   bkp_init.o
       224         34          0          0          0     317926   bsp.o
       712         84          0          0         20       3532   canbus.o
      2896         86          0          8          0       7346   gpio_init.o
       276         30          0          0          0       1029   hmigt02.o
       704         88          0         16          0       2639   hx711.o
       996          4          0          0          0       4050   i2ceeprom.o
         0          0         16          0          0        556   iai_motor.o
      2096        600          0        525       8192      24863   main.o
       220         22          0          0          0       1901   misc.o
       984         26        512          0        704       2249   modbus.o
        22          0          0          0          0        444   nvic_init.o
       248         30          0          8          0       3092   printf_init.o
      1676         48          0          2          0       4190   socket.o
       328         12          0          0          0       1012   spi1_init.o
        64         26        304          0       1536        904   startup_stm32f10x_hd.o
      2044         32          0        112         12      11316   static_init.o
      1102         26          0          0          0      10937   stm32f10x_adc.o
       196          8          0          0          0       3564   stm32f10x_bkp.o
      2544         38          0          0          0       7960   stm32f10x_can.o
       596          8          0          0          0       4430   stm32f10x_dma.o
      1468         34          0          0          0       8130   stm32f10x_flash.o
       860         38          0          0          0       5745   stm32f10x_gpio.o
        34          0          0          0          0       1705   stm32f10x_it.o
       204         14          0          0          0       1955   stm32f10x_pwr.o
       932         36          0         20          0       8936   stm32f10x_rcc.o
       780         14          0          0          0       6630   stm32f10x_spi.o
      3610         88          0          0          0      22236   stm32f10x_tim.o
      1032         22          0          0          0       8472   stm32f10x_usart.o
       480         38          0         20          0       2035   system_stm32f10x.o
       808         30          0          1        368       3876   usart1_init.o
       852         30          0          0        303       4244   usart2_init.o
       808         28          0          0        202       4248   usart3_init.o
       888         34          0          2        162       3865   usart4_init.o
      1896        240          0         24         32       9533   w5500.o

    ----------------------------------------------------------------------
     33136       1898        866        744      11544     508089   Object Totals
         0          0         32          0          0          0   (incl. Generated)
        10          0          2          6          1          0   (incl. Padding)

    ----------------------------------------------------------------------

      Code (inc. data)   RO Data    RW Data    ZI Data      Debug   Library Member Name

        90          0          0          0          0          0   __dczerorl2.o
         8          0          0          0          0         68   __main.o
       352          0          0          0          0         88   __printf_ss_wp.o
        14          0          0          0          0         68   __printf_wp.o
        52          8          0          0          0          0   __scatter.o
        28          0          0          0          0          0   __scatter_zi.o
         6          0          0          0          0          0   _printf_c.o
        44          0          0          0          0        108   _printf_char.o
        48          6          0          0          0         96   _printf_char_common.o
        36          4          0          0          0         80   _printf_char_file.o
         6          0          0          0          0          0   _printf_d.o
       116         16          0          0          0         92   _printf_dec.o
         6          0          0          0          0          0   _printf_f.o
      1046          0          0          0          0        216   _printf_fp_dec.o
       128         16          0          0          0         84   _printf_fp_infnan.o
       178          0          0          0          0         88   _printf_intcommon.o
         0          0          0          0          0          0   _printf_percent.o
         4          0          0          0          0          0   _printf_percent_end.o
        82          0          0          0          0         80   _printf_str.o
        22          0          0          0          0        100   _rserrno.o
       216          4        148          0          0         96   bigflt0.o
      1910        128          0          0          0        672   btod.o
        12          0          0          0          0         72   exit.o
         8          0          0          0          0         68   ferror.o
         6          0          0          0          0        152   heapauxi.o
        44         10        272          0          0         76   lc_ctype_c.o
        44         10         28          0          0         76   lc_numeric_c.o
         2          0          0          0          0          0   libinit.o
        30          0          0          0          0          0   libinit2.o
         2          0          0          0          0          0   libshutdown.o
         2          0          0          0          0          0   libshutdown2.o
         8          4          0          0         96         68   libspace.o
       138          0          0          0          0         80   lludiv10.o
        24          4          0          0          0         84   noretval__2printf.o
        16          4          0          0          0         76   rt_ctype_table.o
         8          4          0          0          0         68   rt_errno_addr_intlibspace.o
         8          4          0          0          0         68   rt_locale_intlibspace.o
        68          0          0          0          0         68   rt_memclr.o
        78          0          0          0          0         80   rt_memclr_w.o
       138          0          0          0          0         68   rt_memcpy_v6.o
       100          0          0          0          0         80   rt_memcpy_w.o
         0          0          0          0          0          0   rtentry.o
        12          0          0          0          0          0   rtentry2.o
         6          0          0          0          0          0   rtentry4.o
         2          0          0          0          0          0   rtexit.o
        10          0          0          0          0          0   rtexit2.o
       128          0          0          0          0         68   strcmpv7m.o
        72          0          0          0          0         80   strcpy.o
        62          0          0          0          0         76   strlen.o
        86          0          0          0          0         76   strncpy.o
        74          0          0          0          0         80   sys_stackheap_outer.o
        30          0          0          0          0         76   toupper.o
         2          0          0          0          0         68   use_no_semi.o
         2          0          0          0          0         68   use_no_semi_2.o
        98          4          0          0          0         92   d2f.o
       826         16          0          0          0        348   daddsub_clz.o
        16          4          0          0          0         68   dcheck1.o
        24          0          0          0          0         68   dcmpi.o
       688        140          0          0          0        208   ddiv.o
        94          4          0          0          0         92   dfix.o
        90          4          0          0          0         92   dfixu.o
        84          0          0          0          0        136   dflt_clz.o
       120          4          0          0          0         92   dleqf.o
       340         12          0          0          0        104   dmul.o
       156          4          0          0          0         92   dnaninf.o
        12          0          0          0          0         68   dretinf.o
       108          0          0          0          0         80   drleqf.o
       460         56          0          0          0        120   dsqrt_noumaal.o
        86          4          0          0          0         84   f2d.o
       430          8          0          0          0        168   faddsub_clz.o
        24          0          0          0          0         68   fcmpi.o
       388         76          0          0          0         96   fdiv.o
        86          0          0          0          0        136   fflt_clz.o
       104          4          0          0          0         84   fleqf.o
       258          4          0          0          0         84   fmul.o
       140          4          0          0          0         84   fnaninf.o
        10          0          0          0          0         68   fretinf.o
        98          0          0          0          0         68   frleqf.o
         4          0          0          0          0         68   printf1.o
       100          0          0          0          0         68   retnan.o
        92          0          0          0          0         68   scalbn.o
        48          0          0          0          0         68   trapv.o
         0          0          0          0          0          0   usenofp.o
        16          6          0          0          0         68   dunder.o
        40          0          0          0          0         68   fpclassify.o
       170          0          0          0          0         96   poly.o
      2528        190        136          0          0        332   pow.o
         0          0          8          0          0          0   qnan.o
        76          0          0          0          0         84   sqrt.o

    ----------------------------------------------------------------------
     13454        766        592          0         96       7232   Library Totals
        26          0          0          0          0          0   (incl. Padding)

    ----------------------------------------------------------------------

      Code (inc. data)   RO Data    RW Data    ZI Data      Debug   Library Name

      5614        222        448          0         96       3712   c_w.l
      4984        348          0          0          0       2872   fz_ws.l
      2830        196        144          0          0        648   m_ws.l

    ----------------------------------------------------------------------
     13454        766        592          0         96       7232   Library Totals

    ----------------------------------------------------------------------

==============================================================================


      Code (inc. data)   RO Data    RW Data    ZI Data      Debug   

     46590       2664       1458        744      11640     507569   Grand Totals
     46590       2664       1458         92      11640     507569   ELF Image Totals (compressed)
     46590       2664       1458         92          0          0   ROM Totals

==============================================================================

    Total RO  Size (Code + RO Data)                48048 (  46.92kB)
    Total RW  Size (RW Data + ZI Data)             12384 (  12.09kB)
    Total ROM Size (Code + RO Data + RW Data)      48140 (  47.01kB)

==============================================================================

