Component: ARM Compiler 5.05 update 1 (build 106) Tool: armlink [4d0efa]

==============================================================================

Section Cross References

    main.o(i.GUI_Menu) refers to gui.o(i.Gui_DrawLine) for Gui_DrawLine
    main.o(i.GUI_Menu) refers to gui.o(i.LCD_ShowString) for LCD_ShowString
    main.o(i.GUI_Menu) refers to gui.o(i.DisplayButtonUp) for DisplayButtonUp
    main.o(i.GUI_Menu) refers to gui.o(i.Gui_Circle) for Gui_Circle
    main.o(i.GUI_Menu) refers to gui.o(.data) for BACK_COLOR
    main.o(i.main) refers to _printf_percent.o(.ARM.Collect$$_printf_percent$$00000000) for _printf_percent
    main.o(i.main) refers to _printf_s.o(.ARM.Collect$$_printf_percent$$00000014) for _printf_s
    main.o(i.main) refers to _printf_str.o(.text) for _printf_str
    main.o(i.main) refers to delay.o(i.delay_init) for delay_init
    main.o(i.main) refers to misc.o(i.NVIC_PriorityGroupConfig) for NVIC_PriorityGroupConfig
    main.o(i.main) refers to usart.o(i.uart_init) for uart_init
    main.o(i.main) refers to usart2.o(i.usart2_init) for usart2_init
    main.o(i.main) refers to flash.o(i.W25QXX_Init) for W25QXX_Init
    main.o(i.main) refers to led.o(i.LED_Init) for LED_Init
    main.o(i.main) refers to key.o(i.KEY_Init) for KEY_Init
    main.o(i.main) refers to lcd_driver.o(i.Lcd_Init) for Lcd_Init
    main.o(i.main) refers to lcd_driver.o(i.Lcd_Clear) for Lcd_Clear
    main.o(i.main) refers to flash.o(i.W25QXX_ReadID) for W25QXX_ReadID
    main.o(i.main) refers to delay.o(i.delay_ms) for delay_ms
    main.o(i.main) refers to lcd_driver.o(i.Lcd_SetRegion) for Lcd_SetRegion
    main.o(i.main) refers to flash.o(i.W25QXX_Read) for W25QXX_Read
    main.o(i.main) refers to lcd_driver.o(i.LCD_WriteData_16Bit) for LCD_WriteData_16Bit
    main.o(i.main) refers to __2printf.o(.text) for __2printf
    main.o(i.main) refers to usart2.o(i.u2_printf) for u2_printf
    main.o(i.main) refers to gui.o(i.LCD_ShowString) for LCD_ShowString
    main.o(i.main) refers to rt_memclr.o(.text) for __aeabi_memclr
    main.o(i.main) refers to usart.o(.data) for symbol_enable
    main.o(i.main) refers to main.o(.data) for datatemp
    main.o(i.main) refers to usart2.o(.data) for USART2_RX_STA
    main.o(i.main) refers to usart2.o(.bss) for USART2_RX_BUF
    system_stm32f10x.o(i.SetSysClock) refers to system_stm32f10x.o(i.SetSysClockTo72) for SetSysClockTo72
    system_stm32f10x.o(i.SystemCoreClockUpdate) refers to system_stm32f10x.o(.data) for SystemCoreClock
    system_stm32f10x.o(i.SystemInit) refers to system_stm32f10x.o(i.SetSysClock) for SetSysClock
    delay.o(i.delay_init) refers to misc.o(i.SysTick_CLKSourceConfig) for SysTick_CLKSourceConfig
    delay.o(i.delay_init) refers to system_stm32f10x.o(.data) for SystemCoreClock
    delay.o(i.delay_init) refers to delay.o(.data) for fac_us
    delay.o(i.delay_ms) refers to delay.o(.data) for fac_ms
    delay.o(i.delay_us) refers to delay.o(.data) for fac_us
    usart.o(i.USART1_IRQHandler) refers (Special) to use_no_semi_2.o(.text) for __use_no_semihosting
    usart.o(i.USART1_IRQHandler) refers to stm32f10x_usart.o(i.USART_GetITStatus) for USART_GetITStatus
    usart.o(i.USART1_IRQHandler) refers to stm32f10x_usart.o(i.USART_ReceiveData) for USART_ReceiveData
    usart.o(i.USART1_IRQHandler) refers to usart.o(.data) for USART_RX_STA
    usart.o(i.USART1_IRQHandler) refers to usart.o(.bss) for USART_RX_BUF
    usart.o(i._sys_exit) refers (Special) to use_no_semi_2.o(.text) for __use_no_semihosting
    usart.o(i.fputc) refers (Special) to use_no_semi_2.o(.text) for __use_no_semihosting
    usart.o(i.uart_init) refers (Special) to use_no_semi_2.o(.text) for __use_no_semihosting
    usart.o(i.uart_init) refers to stm32f10x_rcc.o(i.RCC_APB2PeriphClockCmd) for RCC_APB2PeriphClockCmd
    usart.o(i.uart_init) refers to stm32f10x_gpio.o(i.GPIO_Init) for GPIO_Init
    usart.o(i.uart_init) refers to misc.o(i.NVIC_Init) for NVIC_Init
    usart.o(i.uart_init) refers to stm32f10x_usart.o(i.USART_Init) for USART_Init
    usart.o(i.uart_init) refers to stm32f10x_usart.o(i.USART_ITConfig) for USART_ITConfig
    usart.o(i.uart_init) refers to stm32f10x_usart.o(i.USART_Cmd) for USART_Cmd
    usart.o(.bss) refers (Special) to use_no_semi_2.o(.text) for __use_no_semihosting
    usart.o(.data) refers (Special) to use_no_semi_2.o(.text) for __use_no_semihosting
    led.o(i.LED_Init) refers to stm32f10x_rcc.o(i.RCC_APB2PeriphClockCmd) for RCC_APB2PeriphClockCmd
    led.o(i.LED_Init) refers to stm32f10x_gpio.o(i.GPIO_Init) for GPIO_Init
    led.o(i.LED_Init) refers to stm32f10x_gpio.o(i.GPIO_SetBits) for GPIO_SetBits
    gui.o(i.DisapperButtonUp) refers to gui.o(i.Gui_DrawLine) for Gui_DrawLine
    gui.o(i.DisplayButtonDown) refers to gui.o(i.Gui_DrawLine) for Gui_DrawLine
    gui.o(i.DisplayButtonDown2) refers to gui.o(i.Gui_DrawLine) for Gui_DrawLine
    gui.o(i.DisplayButtonUp) refers to gui.o(i.Gui_DrawLine) for Gui_DrawLine
[...]
    ..\STM32F10x_FWLib\src\stm32f10x_fsmc.c  0x00000000   Number         0  stm32f10x_fsmc.o ABSOLUTE
    ..\STM32F10x_FWLib\src\stm32f10x_gpio.c  0x00000000   Number         0  stm32f10x_gpio.o ABSOLUTE
    ..\STM32F10x_FWLib\src\stm32f10x_i2c.c   0x00000000   Number         0  stm32f10x_i2c.o ABSOLUTE
    ..\STM32F10x_FWLib\src\stm32f10x_iwdg.c  0x00000000   Number         0  stm32f10x_iwdg.o ABSOLUTE
    ..\STM32F10x_FWLib\src\stm32f10x_pwr.c   0x00000000   Number         0  stm32f10x_pwr.o ABSOLUTE
    ..\STM32F10x_FWLib\src\stm32f10x_rcc.c   0x00000000   Number         0  stm32f10x_rcc.o ABSOLUTE
    ..\STM32F10x_FWLib\src\stm32f10x_sdio.c  0x00000000   Number         0  stm32f10x_sdio.o ABSOLUTE
    ..\STM32F10x_FWLib\src\stm32f10x_spi.c   0x00000000   Number         0  stm32f10x_spi.o ABSOLUTE
    ..\STM32F10x_FWLib\src\stm32f10x_tim.c   0x00000000   Number         0  stm32f10x_tim.o ABSOLUTE
    ..\STM32F10x_FWLib\src\stm32f10x_usart.c 0x00000000   Number         0  stm32f10x_usart.o ABSOLUTE
    ..\SYSTEM\delay\delay.c                  0x00000000   Number         0  delay.o ABSOLUTE
    ..\SYSTEM\sys\sys.c                      0x00000000   Number         0  sys.o ABSOLUTE
    ..\SYSTEM\usart\usart.c                  0x00000000   Number         0  usart.o ABSOLUTE
    ..\\CORE\\core_cm3.c                     0x00000000   Number         0  core_cm3.o ABSOLUTE
    ..\\SYSTEM\\sys\\sys.c                   0x00000000   Number         0  sys.o ABSOLUTE
    dc.s                                     0x00000000   Number         0  dc.o ABSOLUTE
    main.c                                   0x00000000   Number         0  main.o ABSOLUTE
    stm32f10x_it.c                           0x00000000   Number         0  stm32f10x_it.o ABSOLUTE
    system_stm32f10x.c                       0x00000000   Number         0  system_stm32f10x.o ABSOLUTE
    RESET                                    0x08000000   Section      236  startup_stm32f10x_md.o(RESET)
    !!!main                                  0x080000ec   Section        8  __main.o(!!!main)
    !!!scatter                               0x080000f4   Section       52  __scatter.o(!!!scatter)
    !!handler_copy                           0x08000128   Section       26  __scatter_copy.o(!!handler_copy)
    !!handler_zi                             0x08000144   Section       28  __scatter_zi.o(!!handler_zi)
    .ARM.Collect$$_printf_percent$$00000000  0x08000160   Section        0  _printf_percent.o(.ARM.Collect$$_printf_percent$$00000000)
    .ARM.Collect$$_printf_percent$$00000001  0x08000160   Section        6  _printf_n.o(.ARM.Collect$$_printf_percent$$00000001)
    .ARM.Collect$$_printf_percent$$00000002  0x08000166   Section        6  _printf_p.o(.ARM.Collect$$_printf_percent$$00000002)
    .ARM.Collect$$_printf_percent$$00000003  0x0800016c   Section        6  _printf_f.o(.ARM.Collect$$_printf_percent$$00000003)
    .ARM.Collect$$_printf_percent$$00000004  0x08000172   Section        6  _printf_e.o(.ARM.Collect$$_printf_percent$$00000004)
    .ARM.Collect$$_printf_percent$$00000005  0x08000178   Section        6  _printf_g.o(.ARM.Collect$$_printf_percent$$00000005)
    .ARM.Collect$$_printf_percent$$00000006  0x0800017e   Section        6  _printf_a.o(.ARM.Collect$$_printf_percent$$00000006)
    .ARM.Collect$$_printf_percent$$00000007  0x08000184   Section       10  _printf_ll.o(.ARM.Collect$$_printf_percent$$00000007)
    .ARM.Collect$$_printf_percent$$00000008  0x0800018e   Section        6  _printf_i.o(.ARM.Collect$$_printf_percent$$00000008)
    .ARM.Collect$$_printf_percent$$00000009  0x08000194   Section        6  _printf_d.o(.ARM.Collect$$_printf_percent$$00000009)
    .ARM.Collect$$_printf_percent$$0000000A  0x0800019a   Section        6  _printf_u.o(.ARM.Collect$$_printf_percent$$0000000A)
    .ARM.Collect$$_printf_percent$$0000000B  0x080001a0   Section        6  _printf_o.o(.ARM.Collect$$_printf_percent$$0000000B)
    .ARM.Collect$$_printf_percent$$0000000C  0x080001a6   Section        6  _printf_x.o(.ARM.Collect$$_printf_percent$$0000000C)
    .ARM.Collect$$_printf_percent$$0000000D  0x080001ac   Section        6  _printf_lli.o(.ARM.Collect$$_printf_percent$$0000000D)
    .ARM.Collect$$_printf_percent$$0000000E  0x080001b2   Section        6  _printf_lld.o(.ARM.Collect$$_printf_percent$$0000000E)
    .ARM.Collect$$_printf_percent$$0000000F  0x080001b8   Section        6  _printf_llu.o(.ARM.Collect$$_printf_percent$$0000000F)
    .ARM.Collect$$_printf_percent$$00000010  0x080001be   Section        6  _printf_llo.o(.ARM.Collect$$_printf_percent$$00000010)
    .ARM.Collect$$_printf_percent$$00000011  0x080001c4   Section        6  _printf_llx.o(.ARM.Collect$$_printf_percent$$00000011)
    .ARM.Collect$$_printf_percent$$00000012  0x080001ca   Section       10  _printf_l.o(.ARM.Collect$$_printf_percent$$00000012)
    .ARM.Collect$$_printf_percent$$00000013  0x080001d4   Section        6  _printf_c.o(.ARM.Collect$$_printf_percent$$00000013)
    .ARM.Collect$$_printf_percent$$00000014  0x080001da   Section        6  _printf_s.o(.ARM.Collect$$_printf_percent$$00000014)
    .ARM.Collect$$_printf_percent$$00000015  0x080001e0   Section        6  _printf_lc.o(.ARM.Collect$$_printf_percent$$00000015)
    .ARM.Collect$$_printf_percent$$00000016  0x080001e6   Section        6  _printf_ls.o(.ARM.Collect$$_printf_percent$$00000016)
    .ARM.Collect$$_printf_percent$$00000017  0x080001ec   Section        4  _printf_percent_end.o(.ARM.Collect$$_printf_percent$$00000017)
    .ARM.Collect$$libinit$$00000000          0x080001f0   Section        2  libinit.o(.ARM.Collect$$libinit$$00000000)
    .ARM.Collect$$libinit$$00000002          0x080001f2   Section        0  libinit2.o(.ARM.Collect$$libinit$$00000002)
    .ARM.Collect$$libinit$$00000004          0x080001f2   Section        0  libinit2.o(.ARM.Collect$$libinit$$00000004)
    .ARM.Collect$$libinit$$0000000A          0x080001f2   Section        0  libinit2.o(.ARM.Collect$$libinit$$0000000A)
    .ARM.Collect$$libinit$$0000000C          0x080001f2   Section        0  libinit2.o(.ARM.Collect$$libinit$$0000000C)
    .ARM.Collect$$libinit$$0000000E          0x080001f2   Section        0  libinit2.o(.ARM.Collect$$libinit$$0000000E)
    .ARM.Collect$$libinit$$0000000F          0x080001f2   Section        6  libinit2.o(.ARM.Collect$$libinit$$0000000F)
    .ARM.Collect$$libinit$$00000011          0x080001f8   Section        0  libinit2.o(.ARM.Collect$$libinit$$00000011)
    .ARM.Collect$$libinit$$00000012          0x080001f8   Section       12  libinit2.o(.ARM.Collect$$libinit$$00000012)
    .ARM.Collect$$libinit$$00000013          0x08000204   Section        0  libinit2.o(.ARM.Collect$$libinit$$00000013)
    .ARM.Collect$$libinit$$00000015          0x08000204   Section        0  libinit2.o(.ARM.Collect$$libinit$$00000015)
    .ARM.Collect$$libinit$$00000016          0x08000204   Section       10  libinit2.o(.ARM.Collect$$libinit$$00000016)
    .ARM.Collect$$libinit$$00000017          0x0800020e   Section        0  libinit2.o(.ARM.Collect$$libinit$$00000017)
    .ARM.Collect$$libinit$$00000019          0x0800020e   Section        0  libinit2.o(.ARM.Collect$$libinit$$00000019)
    .ARM.Collect$$libinit$$0000001B          0x0800020e   Section        0  libinit2.o(.ARM.Collect$$libinit$$0000001B)
    .ARM.Collect$$libinit$$0000001D          0x0800020e   Section        0  libinit2.o(.ARM.Collect$$libinit$$0000001D)
    .ARM.Collect$$libinit$$0000001F          0x0800020e   Section        0  libinit2.o(.ARM.Collect$$libinit$$0000001F)
    .ARM.Collect$$libinit$$00000021          0x0800020e   Section        0  libinit2.o(.ARM.Collect$$libinit$$00000021)
    .ARM.Collect$$libinit$$00000023          0x0800020e   Section        0  libinit2.o(.ARM.Collect$$libinit$$00000023)
    .ARM.Collect$$libinit$$00000025          0x0800020e   Section        0  libinit2.o(.ARM.Collect$$libinit$$00000025)
    .ARM.Collect$$libinit$$0000002C          0x0800020e   Section        0  libinit2.o(.ARM.Collect$$libinit$$0000002C)
    .ARM.Collect$$libinit$$0000002E          0x0800020e   Section        0  libinit2.o(.ARM.Collect$$libinit$$0000002E)
    .ARM.Collect$$libinit$$00000030          0x0800020e   Section        0  libinit2.o(.ARM.Collect$$libinit$$00000030)
    .ARM.Collect$$libinit$$00000032          0x0800020e   Section        0  libinit2.o(.ARM.Collect$$libinit$$00000032)
    .ARM.Collect$$libinit$$00000033          0x0800020e   Section        2  libinit2.o(.ARM.Collect$$libinit$$00000033)
    .ARM.Collect$$libshutdown$$00000000      0x08000210   Section        2  libshutdown.o(.ARM.Collect$$libshutdown$$00000000)
    .ARM.Collect$$libshutdown$$00000003      0x08000212   Section        0  libshutdown2.o(.ARM.Collect$$libshutdown$$00000003)
    .ARM.Collect$$libshutdown$$00000006      0x08000212   Section        0  libshutdown2.o(.ARM.Collect$$libshutdown$$00000006)
    .ARM.Collect$$libshutdown$$00000009      0x08000212   Section        0  libshutdown2.o(.ARM.Collect$$libshutdown$$00000009)
    .ARM.Collect$$libshutdown$$0000000B      0x08000212   Section        0  libshutdown2.o(.ARM.Collect$$libshutdown$$0000000B)
    .ARM.Collect$$libshutdown$$0000000E      0x08000212   Section        0  libshutdown2.o(.ARM.Collect$$libshutdown$$0000000E)
    .ARM.Collect$$libshutdown$$0000000F      0x08000212   Section        2  libshutdown2.o(.ARM.Collect$$libshutdown$$0000000F)
    .ARM.Collect$$rtentry$$00000000          0x08000214   Section        0  __rtentry.o(.ARM.Collect$$rtentry$$00000000)
    .ARM.Collect$$rtentry$$00000002          0x08000214   Section        0  __rtentry2.o(.ARM.Collect$$rtentry$$00000002)
    .ARM.Collect$$rtentry$$00000004          0x08000214   Section        6  __rtentry4.o(.ARM.Collect$$rtentry$$00000004)
    .ARM.Collect$$rtentry$$00000009          0x0800021a   Section        0  __rtentry2.o(.ARM.Collect$$rtentry$$00000009)
    .ARM.Collect$$rtentry$$0000000A          0x0800021a   Section        4  __rtentry2.o(.ARM.Collect$$rtentry$$0000000A)
    .ARM.Collect$$rtentry$$0000000C          0x0800021e   Section        0  __rtentry2.o(.ARM.Collect$$rtentry$$0000000C)
    .ARM.Collect$$rtentry$$0000000D          0x0800021e   Section        8  __rtentry2.o(.ARM.Collect$$rtentry$$0000000D)
    .ARM.Collect$$rtexit$$00000000           0x08000226   Section        2  rtexit.o(.ARM.Collect$$rtexit$$00000000)
    .ARM.Collect$$rtexit$$00000002           0x08000228   Section        0  rtexit2.o(.ARM.Collect$$rtexit$$00000002)
    .ARM.Collect$$rtexit$$00000003           0x08000228   Section        4  rtexit2.o(.ARM.Collect$$rtexit$$00000003)
    .ARM.Collect$$rtexit$$00000004           0x0800022c   Section        6  rtexit2.o(.ARM.Collect$$rtexit$$00000004)
    .text                                    0x08000234   Section       64  startup_stm32f10x_md.o(.text)
    .text                                    0x08000274   Section        2  use_no_semi_2.o(.text)
    .text                                    0x08000278   Section        0  c89vsprintf.o(.text)
    .text                                    0x0800029c   Section        0  __2printf.o(.text)
    .text                                    0x080002b4   Section        0  _printf_str.o(.text)
    .text                                    0x08000308   Section        0  _printf_dec.o(.text)
    .text                                    0x08000380   Section        0  _printf_hex_int_ll_ptr.o(.text)
    _printf_hex_common                       0x08000381   Thumb Code     0  _printf_hex_int_ll_ptr.o(.text)
    .text                                    0x08000414   Section        0  __printf_flags_ss_wp.o(.text)
    .text                                    0x0800059c   Section        0  strlen.o(.text)
    .text                                    0x080005da   Section       68  rt_memclr.o(.text)
    .text                                    0x08000620   Section      128  strcmpv7m.o(.text)
    .text                                    0x080006a0   Section        0  heapauxi.o(.text)
    .text                                    0x080006a6   Section        2  use_no_semi.o(.text)
    .text                                    0x080006a8   Section        0  _printf_pad.o(.text)
    .text                                    0x080006f6   Section        0  _printf_truncate.o(.text)
    .text                                    0x0800071a   Section        0  _printf_intcommon.o(.text)
    .text                                    0x080007cc   Section        0  _printf_charcount.o(.text)
    .text                                    0x080007f4   Section        0  _printf_char_common.o(.text)
    _printf_input_char                       0x080007f5   Thumb Code    10  _printf_char_common.o(.text)
    .text                                    0x08000824   Section        0  _sputc.o(.text)
    .text                                    0x0800082e   Section        0  _printf_char.o(.text)
    .text                                    0x0800085c   Section        0  _printf_char_file.o(.text)
    .text                                    0x08000880   Section        0  _printf_wctomb.o(.text)
    .text                                    0x0800093c   Section        0  _printf_longlong_dec.o(.text)
    .text                                    0x080009b8   Section        0  _printf_oct_int_ll.o(.text)
    _printf_longlong_oct_internal            0x080009b9   Thumb Code     0  _printf_oct_int_ll.o(.text)
    .text                                    0x08000a28   Section       78  rt_memclr_w.o(.text)
    .text                                    0x08000a76   Section      138  lludiv10.o(.text)
    .text                                    0x08000b00   Section        0  _printf_fp_dec.o(.text)
    _fp_digits                               0x08000b03   Thumb Code   428  _printf_fp_dec.o(.text)
    .text                                    0x08000f1a   Section        0  _printf_wchar.o(.text)
    .text                                    0x08000f46   Section        0  ferror.o(.text)
    .text                                    0x08000f4e   Section        0  _wcrtomb.o(.text)
    .text                                    0x08000f8e   Section       74  sys_stackheap_outer.o(.text)
    .text                                    0x08000fd8   Section       16  rt_ctype_table.o(.text)
    .text                                    0x08000fe8   Section        8  rt_locale_intlibspace.o(.text)
    .text                                    0x08000ff0   Section        0  _printf_fp_infnan.o(.text)
    .text                                    0x08001070   Section        0  bigflt0.o(.text)
    .text                                    0x0800114c   Section        0  exit.o(.text)
    .text                                    0x08001158   Section        8  libspace.o(.text)
    CL$$btod_d2e                             0x08001160   Section       62  btod.o(CL$$btod_d2e)
    CL$$btod_d2e_denorm_low                  0x0800119e   Section       70  btod.o(CL$$btod_d2e_denorm_low)
    CL$$btod_d2e_norm_op1                    0x080011e4   Section       96  btod.o(CL$$btod_d2e_norm_op1)
    CL$$btod_div_common                      0x08001244   Section      824  btod.o(CL$$btod_div_common)
    CL$$btod_e2e                             0x0800157c   Section      198  btod.o(CL$$btod_e2e)
    CL$$btod_ediv                            0x08001642   Section       40  btod.o(CL$$btod_ediv)
    CL$$btod_emul                            0x0800166a   Section       40  btod.o(CL$$btod_emul)
    CL$$btod_mult_common                     0x08001692   Section      580  btod.o(CL$$btod_mult_common)
    i.BusFault_Handler                       0x080018d6   Section        0  stm32f10x_it.o(i.BusFault_Handler)
    i.DebugMon_Handler                       0x080018da   Section        0  stm32f10x_it.o(i.DebugMon_Handler)
    i.GPIO_Init                              0x080018dc   Section        0  stm32f10x_gpio.o(i.GPIO_Init)
    i.GPIO_SetBits                           0x080019f2   Section        0  stm32f10x_gpio.o(i.GPIO_SetBits)
    i.Gui_DrawPoint                          0x080019f6   Section        0  lcd_driver.o(i.Gui_DrawPoint)
    i.HardFault_Handler                      0x08001a16   Section        0  stm32f10x_it.o(i.HardFault_Handler)
    i.KEY_Init                               0x08001a1c   Section        0  key.o(i.KEY_Init)
    i.LCD_GPIO_Init                          0x08001a44   Section        0  lcd_driver.o(i.LCD_GPIO_Init)
    i.LCD_ShowChar                           0x08001a94   Section        0  gui.o(i.LCD_ShowChar)
    i.LCD_ShowString                         0x08001bb4   Section        0  gui.o(i.LCD_ShowString)
    i.LCD_WriteData_16Bit                    0x08001c1c   Section        0  lcd_driver.o(i.LCD_WriteData_16Bit)
    i.LED_Init                               0x08001c4c   Section        0  led.o(i.LED_Init)
    i.Lcd_Clear                              0x08001c84   Section        0  lcd_driver.o(i.Lcd_Clear)
    i.Lcd_Init                               0x08001cb6   Section        0  lcd_driver.o(i.Lcd_Init)
    i.Lcd_Reset                              0x08001ed8   Section        0  lcd_driver.o(i.Lcd_Reset)
    i.Lcd_SetRegion                          0x08001efc   Section        0  lcd_driver.o(i.Lcd_SetRegion)
    i.Lcd_WriteData                          0x08001f54   Section        0  lcd_driver.o(i.Lcd_WriteData)
    i.Lcd_WriteIndex                         0x08001f7c   Section        0  lcd_driver.o(i.Lcd_WriteIndex)
    i.MemManage_Handler                      0x08001fa4   Section        0  stm32f10x_it.o(i.MemManage_Handler)
    i.NMI_Handler                            0x08001fa8   Section        0  stm32f10x_it.o(i.NMI_Handler)
    i.NVIC_Init                              0x08001fac   Section        0  misc.o(i.NVIC_Init)
    i.NVIC_PriorityGroupConfig               0x0800201c   Section        0  misc.o(i.NVIC_PriorityGroupConfig)
    i.PendSV_Handler                         0x08002030   Section        0  stm32f10x_it.o(i.PendSV_Handler)
    i.RCC_APB1PeriphClockCmd                 0x08002034   Section        0  stm32f10x_rcc.o(i.RCC_APB1PeriphClockCmd)
    i.RCC_APB1PeriphResetCmd                 0x08002054   Section        0  stm32f10x_rcc.o(i.RCC_APB1PeriphResetCmd)
    i.RCC_APB2PeriphClockCmd                 0x08002074   Section        0  stm32f10x_rcc.o(i.RCC_APB2PeriphClockCmd)
    i.RCC_APB2PeriphResetCmd                 0x08002094   Section        0  stm32f10x_rcc.o(i.RCC_APB2PeriphResetCmd)
    i.RCC_GetClocksFreq                      0x080020b4   Section        0  stm32f10x_rcc.o(i.RCC_GetClocksFreq)
    i.SPI2_Init                              0x08002188   Section        0  flash.o(i.SPI2_Init)
    i.SPI2_ReadWriteByte                     0x0800221c   Section        0  flash.o(i.SPI2_ReadWriteByte)
    i.SPI2_SetSpeed                          0x08002270   Section        0  flash.o(i.SPI2_SetSpeed)
    i.SPI_Cmd                                0x08002298   Section        0  stm32f10x_spi.o(i.SPI_Cmd)
    i.SPI_I2S_GetFlagStatus                  0x080022b0   Section        0  stm32f10x_spi.o(i.SPI_I2S_GetFlagStatus)
    i.SPI_I2S_ReceiveData                    0x080022c2   Section        0  stm32f10x_spi.o(i.SPI_I2S_ReceiveData)
    i.SPI_I2S_SendData                       0x080022c8   Section        0  stm32f10x_spi.o(i.SPI_I2S_SendData)
    i.SPI_Init                               0x080022cc   Section        0  stm32f10x_spi.o(i.SPI_Init)
    i.SPI_WriteData                          0x08002308   Section        0  lcd_driver.o(i.SPI_WriteData)
    i.SVC_Handler                            0x08002348   Section        0  stm32f10x_it.o(i.SVC_Handler)
    i.SetSysClock                            0x0800234a   Section        0  system_stm32f10x.o(i.SetSysClock)
    SetSysClock                              0x0800234b   Thumb Code     8  system_stm32f10x.o(i.SetSysClock)
    i.SetSysClockTo72                        0x08002354   Section        0  system_stm32f10x.o(i.SetSysClockTo72)
    SetSysClockTo72                          0x08002355   Thumb Code   214  system_stm32f10x.o(i.SetSysClockTo72)
    i.SysTick_CLKSourceConfig                0x08002434   Section        0  misc.o(i.SysTick_CLKSourceConfig)
    i.SysTick_Handler                        0x0800245c   Section        0  stm32f10x_it.o(i.SysTick_Handler)
    i.SystemInit                             0x08002460   Section        0  system_stm32f10x.o(i.SystemInit)
    i.USART1_IRQHandler                      0x080024c0   Section        0  usart.o(i.USART1_IRQHandler)
    i.USART2_IRQHandler                      0x08002548   Section        0  usart2.o(i.USART2_IRQHandler)
    i.USART_ClearITPendingBit                0x08002598   Section        0  stm32f10x_usart.o(i.USART_ClearITPendingBit)
    i.USART_Cmd                              0x080025b6   Section        0  stm32f10x_usart.o(i.USART_Cmd)
    i.USART_DeInit                           0x080025d0   Section        0  stm32f10x_usart.o(i.USART_DeInit)
    i.USART_GetFlagStatus                    0x0800266c   Section        0  stm32f10x_usart.o(i.USART_GetFlagStatus)
    i.USART_GetITStatus                      0x08002686   Section        0  stm32f10x_usart.o(i.USART_GetITStatus)
    i.USART_ITConfig                         0x080026da   Section        0  stm32f10x_usart.o(i.USART_ITConfig)
    i.USART_Init                             0x08002724   Section        0  stm32f10x_usart.o(i.USART_Init)
    i.USART_ReceiveData                      0x080027fc   Section        0  stm32f10x_usart.o(i.USART_ReceiveData)
    i.USART_SendData                         0x08002806   Section        0  stm32f10x_usart.o(i.USART_SendData)
    i.UsageFault_Handler                     0x0800280e   Section        0  stm32f10x_it.o(i.UsageFault_Handler)
    i.W25QXX_Init                            0x08002814   Section        0  flash.o(i.W25QXX_Init)
    i.W25QXX_Read                            0x0800286c   Section        0  flash.o(i.W25QXX_Read)
    i.W25QXX_ReadID                          0x080028bc   Section        0  flash.o(i.W25QXX_ReadID)
    i.__ARM_fpclassify                       0x08002904   Section        0  fpclassify.o(i.__ARM_fpclassify)
    i._is_digit                              0x0800292c   Section        0  __printf_wp.o(i._is_digit)
    i._sys_exit                              0x0800293a   Section        0  usart.o(i._sys_exit)
    i.delay_init                             0x08002940   Section        0  delay.o(i.delay_init)
    i.delay_ms                               0x08002984   Section        0  delay.o(i.delay_ms)
    i.fputc                                  0x080029d0   Section        0  usart.o(i.fputc)
    i.main                                   0x080029ec   Section        0  main.o(i.main)
    i.u2_printf                              0x08002d28   Section        0  usart2.o(i.u2_printf)
    i.uart_init                              0x08002d78   Section        0  usart.o(i.uart_init)
    i.usart2_init                            0x08002e18   Section        0  usart2.o(i.usart2_init)
    locale$$code                             0x08002ecc   Section       44  lc_numeric_c.o(locale$$code)
    locale$$code                             0x08002ef8   Section       44  lc_ctype_c.o(locale$$code)
    x$fpl$printf1                            0x08002f24   Section        4  printf1.o(x$fpl$printf1)
    .constdata                               0x08002f28   Section     9279  gui.o(.constdata)
    x$fpl$usenofp                            0x08002f28   Section        0  usenofp.o(x$fpl$usenofp)
    .constdata                               0x08005367   Section       40  _printf_hex_int_ll_ptr.o(.constdata)
    uc_hextab                                0x08005367   Data          20  _printf_hex_int_ll_ptr.o(.constdata)
    lc_hextab                                0x0800537b   Data          20  _printf_hex_int_ll_ptr.o(.constdata)
    .constdata                               0x0800538f   Section       17  __printf_flags_ss_wp.o(.constdata)
    maptable                                 0x0800538f   Data          17  __printf_flags_ss_wp.o(.constdata)
    .constdata                               0x080053a0   Section        8  _printf_wctomb.o(.constdata)
    initial_mbstate                          0x080053a0   Data           8  _printf_wctomb.o(.constdata)
    .constdata                               0x080053a8   Section      148  bigflt0.o(.constdata)
    tenpwrs_x                                0x080053a8   Data          60  bigflt0.o(.constdata)
    tenpwrs_i                                0x080053e4   Data          64  bigflt0.o(.constdata)
    locale$$data                             0x0800545c   Section       28  lc_numeric_c.o(locale$$data)
    __lcnum_c_name                           0x08005460   Data           2  lc_numeric_c.o(locale$$data)
    __lcnum_c_start                          0x08005468   Data           0  lc_numeric_c.o(locale$$data)
    __lcnum_c_point                          0x08005474   Data           0  lc_numeric_c.o(locale$$data)
    __lcnum_c_thousands                      0x08005476   Data           0  lc_numeric_c.o(locale$$data)
    __lcnum_c_grouping                       0x08005477   Data           0  lc_numeric_c.o(locale$$data)
    locale$$data                             0x08005478   Section      272  lc_ctype_c.o(locale$$data)
    __lcnum_c_end                            0x08005478   Data           0  lc_numeric_c.o(locale$$data)
    __lcctype_c_name                         0x0800547c   Data           2  lc_ctype_c.o(locale$$data)
    __lcctype_c_start                        0x08005484   Data           0  lc_ctype_c.o(locale$$data)
    __lcctype_c_end                          0x08005588   Data           0  lc_ctype_c.o(locale$$data)
    .data                                    0x20000000   Section      112  main.o(.data)
    .data                                    0x20000070   Section       20  system_stm32f10x.o(.data)
    .data                                    0x20000084   Section        4  delay.o(.data)
    fac_us                                   0x20000084   Data           1  delay.o(.data)
    fac_ms                                   0x20000086   Data           2  delay.o(.data)
    .data                                    0x20000088   Section       12  usart.o(.data)
    .data                                    0x20000094   Section        4  gui.o(.data)
    .data                                    0x20000098   Section        2  flash.o(.data)
    .data                                    0x2000009a   Section        2  usart2.o(.data)
    .data                                    0x2000009c   Section       20  stm32f10x_rcc.o(.data)
    APBAHBPrescTable                         0x2000009c   Data          16  stm32f10x_rcc.o(.data)
    ADCPrescTable                            0x200000ac   Data           4  stm32f10x_rcc.o(.data)
    .bss                                     0x200000b0   Section      200  usart.o(.bss)
    .bss                                     0x20000178   Section     1200  usart2.o(.bss)
    .bss                                     0x20000628   Section       96  libspace.o(.bss)
    HEAP                                     0x20000688   Section      512  startup_stm32f10x_md.o(HEAP)
    Heap_Mem                                 0x20000688   Data         512  startup_stm32f10x_md.o(HEAP)
    STACK                                    0x20000888   Section     1024  startup_stm32f10x_md.o(STACK)
    Stack_Mem                                0x20000888   Data        1024  startup_stm32f10x_md.o(STACK)
    __initial_sp                             0x20000c88   Data           0  startup_stm32f10x_md.o(STACK)
    .ARM.__AT_0x68000000                     0x68000000   Section    983040  malloc.o(.ARM.__AT_0x68000000)
    .ARM.__AT_0x680F0000                     0x680f0000   Section    61440  malloc.o(.ARM.__AT_0x680F0000)

    Global Symbols

    Symbol Name                              Value     Ov Type        Size  Object(Section)

    BuildAttributes$$THM_ISAv4$P$D$K$B$S$PE$A:L22UL41UL21$X:L11$S22US41US21$IEEE1$IW$USESV6$~STKCKD$USESV7$~SHL$OTIME$ROPI$IEEEJ$EBA8$UX$STANDARDLIB$REQ8$PRES8$EABIv2 0x00000000   Number         0  anon$$obj.o ABSOLUTE
    __ARM_use_no_argv                        0x00000000   Number         0  main.o ABSOLUTE
    _printf_flags                            0x00000000   Number         0  printf_stubs.o ABSOLUTE
    _printf_return_value                     0x00000000   Number         0  printf_stubs.o ABSOLUTE
    _printf_sizespec                         0x00000000   Number         0  printf_stubs.o ABSOLUTE
    _printf_widthprec                        0x00000000   Number         0  printf_stubs.o ABSOLUTE
    __ARM_exceptions_init                     - Undefined Weak Reference
    __alloca_initialize                       - Undefined Weak Reference
    __arm_preinit_                            - Undefined Weak Reference
    __cpp_initialize__aeabi_                  - Undefined Weak Reference
    __cxa_finalize                            - Undefined Weak Reference
    __sigvec_lookup                           - Undefined Weak Reference
    _atexit_init                              - Undefined Weak Reference
    _call_atexit_fns                          - Undefined Weak Reference
    _clock_init                               - Undefined Weak Reference
    _fp_trap_init                             - Undefined Weak Reference
    _fp_trap_shutdown                         - Undefined Weak Reference
    _get_lc_collate                           - Undefined Weak Reference
    _get_lc_monetary                          - Undefined Weak Reference
    _get_lc_time                              - Undefined Weak Reference
    _getenv_init                              - Undefined Weak Reference
    _handle_redirection                       - Undefined Weak Reference
    _init_alloc                               - Undefined Weak Reference
    _init_user_alloc                          - Undefined Weak Reference
    _initio                                   - Undefined Weak Reference
    _mutex_acquire                            - Undefined Weak Reference
    _mutex_release                            - Undefined Weak Reference
    _printf_fp_hex                            - Undefined Weak Reference
    _printf_mbtowc                            - Undefined Weak Reference
    _printf_wc                                - Undefined Weak Reference
    _rand_init                                - Undefined Weak Reference
    _signal_finish                            - Undefined Weak Reference
    _signal_init                              - Undefined Weak Reference
    _terminate_alloc                          - Undefined Weak Reference
    _terminate_user_alloc                     - Undefined Weak Reference
    _terminateio                              - Undefined Weak Reference
    __Vectors_Size                           0x000000ec   Number         0  startup_stm32f10x_md.o ABSOLUTE
    __Vectors                                0x08000000   Data           4  startup_stm32f10x_md.o(RESET)
    __Vectors_End                            0x080000ec   Data           0  startup_stm32f10x_md.o(RESET)
    __main                                   0x080000ed   Thumb Code     8  __main.o(!!!main)
    __scatterload                            0x080000f5   Thumb Code     0  __scatter.o(!!!scatter)
    __scatterload_rt2                        0x080000f5   Thumb Code    44  __scatter.o(!!!scatter)
    __scatterload_rt2_thumb_only             0x080000f5   Thumb Code     0  __scatter.o(!!!scatter)
    __scatterload_null                       0x08000103   Thumb Code     0  __scatter.o(!!!scatter)
    __scatterload_copy                       0x08000129   Thumb Code    26  __scatter_copy.o(!!handler_copy)
    __scatterload_zeroinit                   0x08000145   Thumb Code    28  __scatter_zi.o(!!handler_zi)
    _printf_n                                0x08000161   Thumb Code     0  _printf_n.o(.ARM.Collect$$_printf_percent$$00000001)
    _printf_percent                          0x08000161   Thumb Code     0  _printf_percent.o(.ARM.Collect$$_printf_percent$$00000000)
    _printf_p                                0x08000167   Thumb Code     0  _printf_p.o(.ARM.Collect$$_printf_percent$$00000002)
    _printf_f                                0x0800016d   Thumb Code     0  _printf_f.o(.ARM.Collect$$_printf_percent$$00000003)
    _printf_e                                0x08000173   Thumb Code     0  _printf_e.o(.ARM.Collect$$_printf_percent$$00000004)
    _printf_g                                0x08000179   Thumb Code     0  _printf_g.o(.ARM.Collect$$_printf_percent$$00000005)
    _printf_a                                0x0800017f   Thumb Code     0  _printf_a.o(.ARM.Collect$$_printf_percent$$00000006)
    _printf_ll                               0x08000185   Thumb Code     0  _printf_ll.o(.ARM.Collect$$_printf_percent$$00000007)
    _printf_i                                0x0800018f   Thumb Code     0  _printf_i.o(.ARM.Collect$$_printf_percent$$00000008)
    _printf_d                                0x08000195   Thumb Code     0  _printf_d.o(.ARM.Collect$$_printf_percent$$00000009)
    _printf_u                                0x0800019b   Thumb Code     0  _printf_u.o(.ARM.Collect$$_printf_percent$$0000000A)
    _printf_o                                0x080001a1   Thumb Code     0  _printf_o.o(.ARM.Collect$$_printf_percent$$0000000B)
    _printf_x                                0x080001a7   Thumb Code     0  _printf_x.o(.ARM.Collect$$_printf_percent$$0000000C)
    _printf_lli                              0x080001ad   Thumb Code     0  _printf_lli.o(.ARM.Collect$$_printf_percent$$0000000D)
    _printf_lld                              0x080001b3   Thumb Code     0  _printf_lld.o(.ARM.Collect$$_printf_percent$$0000000E)
    _printf_llu                              0x080001b9   Thumb Code     0  _printf_llu.o(.ARM.Collect$$_printf_percent$$0000000F)
    _printf_llo                              0x080001bf   Thumb Code     0  _printf_llo.o(.ARM.Collect$$_printf_percent$$00000010)
    _printf_llx                              0x080001c5   Thumb Code     0  _printf_llx.o(.ARM.Collect$$_printf_percent$$00000011)
    _printf_l                                0x080001cb   Thumb Code     0  _printf_l.o(.ARM.Collect$$_printf_percent$$00000012)
    _printf_c                                0x080001d5   Thumb Code     0  _printf_c.o(.ARM.Collect$$_printf_percent$$00000013)
    _printf_s                                0x080001db   Thumb Code     0  _printf_s.o(.ARM.Collect$$_printf_percent$$00000014)
    _printf_lc                               0x080001e1   Thumb Code     0  _printf_lc.o(.ARM.Collect$$_printf_percent$$00000015)
    _printf_ls                               0x080001e7   Thumb Code     0  _printf_ls.o(.ARM.Collect$$_printf_percent$$00000016)
    _printf_percent_end                      0x080001ed   Thumb Code     0  _printf_percent_end.o(.ARM.Collect$$_printf_percent$$00000017)
    __rt_lib_init                            0x080001f1   Thumb Code     0  libinit.o(.ARM.Collect$$libinit$$00000000)
    __rt_lib_init_fp_1                       0x080001f3   Thumb Code     0  libinit2.o(.ARM.Collect$$libinit$$00000002)
    __rt_lib_init_heap_1                     0x080001f3   Thumb Code     0  libinit2.o(.ARM.Collect$$libinit$$0000000A)
    __rt_lib_init_lc_common                  0x080001f3   Thumb Code     0  libinit2.o(.ARM.Collect$$libinit$$0000000F)
    __rt_lib_init_preinit_1                  0x080001f3   Thumb Code     0  libinit2.o(.ARM.Collect$$libinit$$00000004)
    __rt_lib_init_rand_1                     0x080001f3   Thumb Code     0  libinit2.o(.ARM.Collect$$libinit$$0000000E)
    __rt_lib_init_user_alloc_1               0x080001f3   Thumb Code     0  libinit2.o(.ARM.Collect$$libinit$$0000000C)
    __rt_lib_init_lc_collate_1               0x080001f9   Thumb Code     0  libinit2.o(.ARM.Collect$$libinit$$00000011)
    __rt_lib_init_lc_ctype_2                 0x080001f9   Thumb Code     0  libinit2.o(.ARM.Collect$$libinit$$00000012)
    __rt_lib_init_lc_ctype_1                 0x08000205   Thumb Code     0  libinit2.o(.ARM.Collect$$libinit$$00000013)
    __rt_lib_init_lc_monetary_1              0x08000205   Thumb Code     0  libinit2.o(.ARM.Collect$$libinit$$00000015)
    __rt_lib_init_lc_numeric_2               0x08000205   Thumb Code     0  libinit2.o(.ARM.Collect$$libinit$$00000016)
    __rt_lib_init_alloca_1                   0x0800020f   Thumb Code     0  libinit2.o(.ARM.Collect$$libinit$$0000002E)
    __rt_lib_init_argv_1                     0x0800020f   Thumb Code     0  libinit2.o(.ARM.Collect$$libinit$$0000002C)
    __rt_lib_init_atexit_1                   0x0800020f   Thumb Code     0  libinit2.o(.ARM.Collect$$libinit$$0000001B)
    __rt_lib_init_clock_1                    0x0800020f   Thumb Code     0  libinit2.o(.ARM.Collect$$libinit$$00000021)
    __rt_lib_init_cpp_1                      0x0800020f   Thumb Code     0  libinit2.o(.ARM.Collect$$libinit$$00000032)
    __rt_lib_init_exceptions_1               0x0800020f   Thumb Code     0  libinit2.o(.ARM.Collect$$libinit$$00000030)
    __rt_lib_init_fp_trap_1                  0x0800020f   Thumb Code     0  libinit2.o(.ARM.Collect$$libinit$$0000001F)
    __rt_lib_init_getenv_1                   0x0800020f   Thumb Code     0  libinit2.o(.ARM.Collect$$libinit$$00000023)
    __rt_lib_init_lc_numeric_1               0x0800020f   Thumb Code     0  libinit2.o(.ARM.Collect$$libinit$$00000017)
    __rt_lib_init_lc_time_1                  0x0800020f   Thumb Code     0  libinit2.o(.ARM.Collect$$libinit$$00000019)
    __rt_lib_init_return                     0x0800020f   Thumb Code     0  libinit2.o(.ARM.Collect$$libinit$$00000033)
    __rt_lib_init_signal_1                   0x0800020f   Thumb Code     0  libinit2.o(.ARM.Collect$$libinit$$0000001D)
    __rt_lib_init_stdio_1                    0x0800020f   Thumb Code     0  libinit2.o(.ARM.Collect$$libinit$$00000025)
    __rt_lib_shutdown                        0x08000211   Thumb Code     0  libshutdown.o(.ARM.Collect$$libshutdown$$00000000)
    __rt_lib_shutdown_fp_trap_1              0x08000213   Thumb Code     0  libshutdown2.o(.ARM.Collect$$libshutdown$$00000006)
    __rt_lib_shutdown_heap_1                 0x08000213   Thumb Code     0  libshutdown2.o(.ARM.Collect$$libshutdown$$0000000E)
    __rt_lib_shutdown_return                 0x08000213   Thumb Code     0  libshutdown2.o(.ARM.Collect$$libshutdown$$0000000F)
    __rt_lib_shutdown_signal_1               0x08000213   Thumb Code     0  libshutdown2.o(.ARM.Collect$$libshutdown$$00000009)
    __rt_lib_shutdown_stdio_1                0x08000213   Thumb Code     0  libshutdown2.o(.ARM.Collect$$libshutdown$$00000003)
    __rt_lib_shutdown_user_alloc_1           0x08000213   Thumb Code     0  libshutdown2.o(.ARM.Collect$$libshutdown$$0000000B)
    __rt_entry                               0x08000215   Thumb Code     0  __rtentry.o(.ARM.Collect$$rtentry$$00000000)
    __rt_entry_presh_1                       0x08000215   Thumb Code     0  __rtentry2.o(.ARM.Collect$$rtentry$$00000002)
    __rt_entry_sh                            0x08000215   Thumb Code     0  __rtentry4.o(.ARM.Collect$$rtentry$$00000004)
    __rt_entry_li                            0x0800021b   Thumb Code     0  __rtentry2.o(.ARM.Collect$$rtentry$$0000000A)
    __rt_entry_postsh_1                      0x0800021b   Thumb Code     0  __rtentry2.o(.ARM.Collect$$rtentry$$00000009)
    __rt_entry_main                          0x0800021f   Thumb Code     0  __rtentry2.o(.ARM.Collect$$rtentry$$0000000D)
    __rt_entry_postli_1                      0x0800021f   Thumb Code     0  __rtentry2.o(.ARM.Collect$$rtentry$$0000000C)
    __rt_exit                                0x08000227   Thumb Code     0  rtexit.o(.ARM.Collect$$rtexit$$00000000)
    __rt_exit_ls                             0x08000229   Thumb Code     0  rtexit2.o(.ARM.Collect$$rtexit$$00000003)
    __rt_exit_prels_1                        0x08000229   Thumb Code     0  rtexit2.o(.ARM.Collect$$rtexit$$00000002)
    __rt_exit_exit                           0x0800022d   Thumb Code     0  rtexit2.o(.ARM.Collect$$rtexit$$00000004)
    Reset_Handler                            0x08000235   Thumb Code     8  startup_stm32f10x_md.o(.text)
    ADC1_2_IRQHandler                        0x0800024f   Thumb Code     0  startup_stm32f10x_md.o(.text)
    CAN1_RX1_IRQHandler                      0x0800024f   Thumb Code     0  startup_stm32f10x_md.o(.text)
    CAN1_SCE_IRQHandler                      0x0800024f   Thumb Code     0  startup_stm32f10x_md.o(.text)
    DMA1_Channel1_IRQHandler                 0x0800024f   Thumb Code     0  startup_stm32f10x_md.o(.text)
    DMA1_Channel2_IRQHandler                 0x0800024f   Thumb Code     0  startup_stm32f10x_md.o(.text)
    DMA1_Channel3_IRQHandler                 0x0800024f   Thumb Code     0  startup_stm32f10x_md.o(.text)
    DMA1_Channel4_IRQHandler                 0x0800024f   Thumb Code     0  startup_stm32f10x_md.o(.text)
    DMA1_Channel5_IRQHandler                 0x0800024f   Thumb Code     0  startup_stm32f10x_md.o(.text)
    DMA1_Channel6_IRQHandler                 0x0800024f   Thumb Code     0  startup_stm32f10x_md.o(.text)
    DMA1_Channel7_IRQHandler                 0x0800024f   Thumb Code     0  startup_stm32f10x_md.o(.text)
    EXTI0_IRQHandler                         0x0800024f   Thumb Code     0  startup_stm32f10x_md.o(.text)
    EXTI15_10_IRQHandler                     0x0800024f   Thumb Code     0  startup_stm32f10x_md.o(.text)
    EXTI1_IRQHandler                         0x0800024f   Thumb Code     0  startup_stm32f10x_md.o(.text)
    EXTI2_IRQHandler                         0x0800024f   Thumb Code     0  startup_stm32f10x_md.o(.text)
    EXTI3_IRQHandler                         0x0800024f   Thumb Code     0  startup_stm32f10x_md.o(.text)
    EXTI4_IRQHandler                         0x0800024f   Thumb Code     0  startup_stm32f10x_md.o(.text)
    EXTI9_5_IRQHandler                       0x0800024f   Thumb Code     0  startup_stm32f10x_md.o(.text)
    FLASH_IRQHandler                         0x0800024f   Thumb Code     0  startup_stm32f10x_md.o(.text)
    I2C1_ER_IRQHandler                       0x0800024f   Thumb Code     0  startup_stm32f10x_md.o(.text)
    I2C1_EV_IRQHandler                       0x0800024f   Thumb Code     0  startup_stm32f10x_md.o(.text)
    I2C2_ER_IRQHandler                       0x0800024f   Thumb Code     0  startup_stm32f10x_md.o(.text)
    I2C2_EV_IRQHandler                       0x0800024f   Thumb Code     0  startup_stm32f10x_md.o(.text)
    PVD_IRQHandler                           0x0800024f   Thumb Code     0  startup_stm32f10x_md.o(.text)
    RCC_IRQHandler                           0x0800024f   Thumb Code     0  startup_stm32f10x_md.o(.text)
    RTCAlarm_IRQHandler                      0x0800024f   Thumb Code     0  startup_stm32f10x_md.o(.text)
    RTC_IRQHandler                           0x0800024f   Thumb Code     0  startup_stm32f10x_md.o(.text)
    SPI1_IRQHandler                          0x0800024f   Thumb Code     0  startup_stm32f10x_md.o(.text)
    SPI2_IRQHandler                          0x0800024f   Thumb Code     0  startup_stm32f10x_md.o(.text)
    TAMPER_IRQHandler                        0x0800024f   Thumb Code     0  startup_stm32f10x_md.o(.text)
    TIM1_BRK_IRQHandler                      0x0800024f   Thumb Code     0  startup_stm32f10x_md.o(.text)
    TIM1_CC_IRQHandler                       0x0800024f   Thumb Code     0  startup_stm32f10x_md.o(.text)
    TIM1_TRG_COM_IRQHandler                  0x0800024f   Thumb Code     0  startup_stm32f10x_md.o(.text)
    TIM1_UP_IRQHandler                       0x0800024f   Thumb Code     0  startup_stm32f10x_md.o(.text)
    TIM2_IRQHandler                          0x0800024f   Thumb Code     0  startup_stm32f10x_md.o(.text)
    TIM3_IRQHandler                          0x0800024f   Thumb Code     0  startup_stm32f10x_md.o(.text)
    TIM4_IRQHandler                          0x0800024f   Thumb Code     0  startup_stm32f10x_md.o(.text)
    USART3_IRQHandler                        0x0800024f   Thumb Code     0  startup_stm32f10x_md.o(.text)
    USBWakeUp_IRQHandler                     0x0800024f   Thumb Code     0  startup_stm32f10x_md.o(.text)
    USB_HP_CAN1_TX_IRQHandler                0x0800024f   Thumb Code     0  startup_stm32f10x_md.o(.text)
    USB_LP_CAN1_RX0_IRQHandler               0x0800024f   Thumb Code     0  startup_stm32f10x_md.o(.text)
    WWDG_IRQHandler                          0x0800024f   Thumb Code     0  startup_stm32f10x_md.o(.text)
    __user_initial_stackheap                 0x08000251   Thumb Code     0  startup_stm32f10x_md.o(.text)
    __use_no_semihosting                     0x08000275   Thumb Code     2  use_no_semi_2.o(.text)
    __c89vsprintf                            0x08000279   Thumb Code    32  c89vsprintf.o(.text)
    __2printf                                0x0800029d   Thumb Code    20  __2printf.o(.text)
    _printf_str                              0x080002b5   Thumb Code    82  _printf_str.o(.text)
    _printf_int_dec                          0x08000309   Thumb Code   104  _printf_dec.o(.text)
    _printf_longlong_hex                     0x08000381   Thumb Code    86  _printf_hex_int_ll_ptr.o(.text)
    _printf_int_hex                          0x080003d7   Thumb Code    28  _printf_hex_int_ll_ptr.o(.text)
    _printf_ll_hex                           0x080003f3   Thumb Code    12  _printf_hex_int_ll_ptr.o(.text)
    _printf_hex_ptr                          0x080003ff   Thumb Code    18  _printf_hex_int_ll_ptr.o(.text)
    __printf                                 0x08000415   Thumb Code   388  __printf_flags_ss_wp.o(.text)
    strlen                                   0x0800059d   Thumb Code    62  strlen.o(.text)
    __aeabi_memclr                           0x080005db   Thumb Code     0  rt_memclr.o(.text)
    __rt_memclr                              0x080005db   Thumb Code    68  rt_memclr.o(.text)
    _memset                                  0x080005df   Thumb Code     0  rt_memclr.o(.text)
    strcmp                                   0x08000621   Thumb Code   128  strcmpv7m.o(.text)
    __use_two_region_memory                  0x080006a1   Thumb Code     2  heapauxi.o(.text)
    __rt_heap_escrow$2region                 0x080006a3   Thumb Code     2  heapauxi.o(.text)
    __rt_heap_expand$2region                 0x080006a5   Thumb Code     2  heapauxi.o(.text)
    __I$use$semihosting                      0x080006a7   Thumb Code     0  use_no_semi.o(.text)
    __use_no_semihosting_swi                 0x080006a7   Thumb Code     2  use_no_semi.o(.text)
    _printf_pre_padding                      0x080006a9   Thumb Code    44  _printf_pad.o(.text)
    _printf_post_padding                     0x080006d5   Thumb Code    34  _printf_pad.o(.text)
    _printf_truncate_signed                  0x080006f7   Thumb Code    18  _printf_truncate.o(.text)
    _printf_truncate_unsigned                0x08000709   Thumb Code    18  _printf_truncate.o(.text)
    _printf_int_common                       0x0800071b   Thumb Code   178  _printf_intcommon.o(.text)
    _printf_charcount                        0x080007cd   Thumb Code    40  _printf_charcount.o(.text)
    _printf_char_common                      0x080007ff   Thumb Code    32  _printf_char_common.o(.text)
    _sputc                                   0x08000825   Thumb Code    10  _sputc.o(.text)
    _printf_cs_common                        0x0800082f   Thumb Code    20  _printf_char.o(.text)
    _printf_char                             0x08000843   Thumb Code    16  _printf_char.o(.text)
    _printf_string                           0x08000853   Thumb Code     8  _printf_char.o(.text)
    _printf_char_file                        0x0800085d   Thumb Code    32  _printf_char_file.o(.text)
    _printf_wctomb                           0x08000881   Thumb Code   182  _printf_wctomb.o(.text)
    _printf_longlong_dec                     0x0800093d   Thumb Code   108  _printf_longlong_dec.o(.text)
    _printf_longlong_oct                     0x080009b9   Thumb Code    68  _printf_oct_int_ll.o(.text)
    _printf_int_oct                          0x080009fd   Thumb Code    24  _printf_oct_int_ll.o(.text)
    _printf_ll_oct                           0x08000a15   Thumb Code    12  _printf_oct_int_ll.o(.text)
    __aeabi_memclr4                          0x08000a29   Thumb Code     0  rt_memclr_w.o(.text)
    __aeabi_memclr8                          0x08000a29   Thumb Code     0  rt_memclr_w.o(.text)
    __rt_memclr_w                            0x08000a29   Thumb Code    78  rt_memclr_w.o(.text)
    _memset_w                                0x08000a2d   Thumb Code     0  rt_memclr_w.o(.text)
    _ll_udiv10                               0x08000a77   Thumb Code   138  lludiv10.o(.text)
    __lib_sel_fp_printf                      0x08000b01   Thumb Code     2  _printf_fp_dec.o(.text)
    _printf_fp_dec_real                      0x08000caf   Thumb Code   620  _printf_fp_dec.o(.text)
    _printf_lcs_common                       0x08000f1b   Thumb Code    20  _printf_wchar.o(.text)
    _printf_wchar                            0x08000f2f   Thumb Code    16  _printf_wchar.o(.text)
    _printf_wstring                          0x08000f3f   Thumb Code     8  _printf_wchar.o(.text)
    ferror                                   0x08000f47   Thumb Code     8  ferror.o(.text)
    _wcrtomb                                 0x08000f4f   Thumb Code    64  _wcrtomb.o(.text)
    __user_setup_stackheap                   0x08000f8f   Thumb Code    74  sys_stackheap_outer.o(.text)
    __rt_ctype_table                         0x08000fd9   Thumb Code    16  rt_ctype_table.o(.text)
    __rt_locale                              0x08000fe9   Thumb Code     8  rt_locale_intlibspace.o(.text)
    _printf_fp_infnan                        0x08000ff1   Thumb Code   112  _printf_fp_infnan.o(.text)
    _btod_etento                             0x08001071   Thumb Code   216  bigflt0.o(.text)
    exit                                     0x0800114d   Thumb Code    12  exit.o(.text)
    __user_libspace                          0x08001159   Thumb Code     8  libspace.o(.text)
    __user_perproc_libspace                  0x08001159   Thumb Code     0  libspace.o(.text)
    __user_perthread_libspace                0x08001159   Thumb Code     0  libspace.o(.text)
    _btod_d2e                                0x08001161   Thumb Code    62  btod.o(CL$$btod_d2e)
    _d2e_denorm_low                          0x0800119f   Thumb Code    70  btod.o(CL$$btod_d2e_denorm_low)
    _d2e_norm_op1                            0x080011e5   Thumb Code    96  btod.o(CL$$btod_d2e_norm_op1)
    __btod_div_common                        0x08001245   Thumb Code   696  btod.o(CL$$btod_div_common)
    _e2e                                     0x0800157d   Thumb Code   198  btod.o(CL$$btod_e2e)
    _btod_ediv                               0x08001643   Thumb Code    40  btod.o(CL$$btod_ediv)
    _btod_emul                               0x0800166b   Thumb Code    40  btod.o(CL$$btod_emul)
    __btod_mult_common                       0x08001693   Thumb Code   580  btod.o(CL$$btod_mult_common)
    BusFault_Handler                         0x080018d7   Thumb Code     4  stm32f10x_it.o(i.BusFault_Handler)
    DebugMon_Handler                         0x080018db   Thumb Code     2  stm32f10x_it.o(i.DebugMon_Handler)
    GPIO_Init                                0x080018dd   Thumb Code   278  stm32f10x_gpio.o(i.GPIO_Init)
    GPIO_SetBits                             0x080019f3   Thumb Code     4  stm32f10x_gpio.o(i.GPIO_SetBits)
    Gui_DrawPoint                            0x080019f7   Thumb Code    32  lcd_driver.o(i.Gui_DrawPoint)
    HardFault_Handler                        0x08001a17   Thumb Code     4  stm32f10x_it.o(i.HardFault_Handler)
    KEY_Init                                 0x08001a1d   Thumb Code    34  key.o(i.KEY_Init)
    LCD_GPIO_Init                            0x08001a45   Thumb Code    72  lcd_driver.o(i.LCD_GPIO_Init)
    LCD_ShowChar                             0x08001a95   Thumb Code   266  gui.o(i.LCD_ShowChar)
    LCD_ShowString                           0x08001bb5   Thumb Code   102  gui.o(i.LCD_ShowString)
    LCD_WriteData_16Bit                      0x08001c1d   Thumb Code    38  lcd_driver.o(i.LCD_WriteData_16Bit)
    LED_Init                                 0x08001c4d   Thumb Code    50  led.o(i.LED_Init)
    Lcd_Clear                                0x08001c85   Thumb Code    50  lcd_driver.o(i.Lcd_Clear)
    Lcd_Init                                 0x08001cb7   Thumb Code   546  lcd_driver.o(i.Lcd_Init)
    Lcd_Reset                                0x08001ed9   Thumb Code    30  lcd_driver.o(i.Lcd_Reset)
    Lcd_SetRegion                            0x08001efd   Thumb Code    86  lcd_driver.o(i.Lcd_SetRegion)
    Lcd_WriteData                            0x08001f55   Thumb Code    32  lcd_driver.o(i.Lcd_WriteData)
    Lcd_WriteIndex                           0x08001f7d   Thumb Code    32  lcd_driver.o(i.Lcd_WriteIndex)
    MemManage_Handler                        0x08001fa5   Thumb Code     4  stm32f10x_it.o(i.MemManage_Handler)
    NMI_Handler                              0x08001fa9   Thumb Code     2  stm32f10x_it.o(i.NMI_Handler)
    NVIC_Init                                0x08001fad   Thumb Code   100  misc.o(i.NVIC_Init)
    NVIC_PriorityGroupConfig                 0x0800201d   Thumb Code    10  misc.o(i.NVIC_PriorityGroupConfig)
    PendSV_Handler                           0x08002031   Thumb Code     2  stm32f10x_it.o(i.PendSV_Handler)
    RCC_APB1PeriphClockCmd                   0x08002035   Thumb Code    26  stm32f10x_rcc.o(i.RCC_APB1PeriphClockCmd)
    RCC_APB1PeriphResetCmd                   0x08002055   Thumb Code    26  stm32f10x_rcc.o(i.RCC_APB1PeriphResetCmd)
    RCC_APB2PeriphClockCmd                   0x08002075   Thumb Code    26  stm32f10x_rcc.o(i.RCC_APB2PeriphClockCmd)
    RCC_APB2PeriphResetCmd                   0x08002095   Thumb Code    26  stm32f10x_rcc.o(i.RCC_APB2PeriphResetCmd)
    RCC_GetClocksFreq                        0x080020b5   Thumb Code   192  stm32f10x_rcc.o(i.RCC_GetClocksFreq)
    SPI2_Init                                0x08002189   Thumb Code   140  flash.o(i.SPI2_Init)
    SPI2_ReadWriteByte                       0x0800221d   Thumb Code    78  flash.o(i.SPI2_ReadWriteByte)
    SPI2_SetSpeed                            0x08002271   Thumb Code    36  flash.o(i.SPI2_SetSpeed)
    SPI_Cmd                                  0x08002299   Thumb Code    24  stm32f10x_spi.o(i.SPI_Cmd)
    SPI_I2S_GetFlagStatus                    0x080022b1   Thumb Code    18  stm32f10x_spi.o(i.SPI_I2S_GetFlagStatus)
    SPI_I2S_ReceiveData                      0x080022c3   Thumb Code     6  stm32f10x_spi.o(i.SPI_I2S_ReceiveData)
    SPI_I2S_SendData                         0x080022c9   Thumb Code     4  stm32f10x_spi.o(i.SPI_I2S_SendData)
    SPI_Init                                 0x080022cd   Thumb Code    60  stm32f10x_spi.o(i.SPI_Init)
    SPI_WriteData                            0x08002309   Thumb Code    60  lcd_driver.o(i.SPI_WriteData)
    SVC_Handler                              0x08002349   Thumb Code     2  stm32f10x_it.o(i.SVC_Handler)
    SysTick_CLKSourceConfig                  0x08002435   Thumb Code    40  misc.o(i.SysTick_CLKSourceConfig)
    SysTick_Handler                          0x0800245d   Thumb Code     2  stm32f10x_it.o(i.SysTick_Handler)
    SystemInit                               0x08002461   Thumb Code    78  system_stm32f10x.o(i.SystemInit)
    USART1_IRQHandler                        0x080024c1   Thumb Code   122  usart.o(i.USART1_IRQHandler)
    USART2_IRQHandler                        0x08002549   Thumb Code    68  usart2.o(i.USART2_IRQHandler)
    USART_ClearITPendingBit                  0x08002599   Thumb Code    30  stm32f10x_usart.o(i.USART_ClearITPendingBit)
    USART_Cmd                                0x080025b7   Thumb Code    24  stm32f10x_usart.o(i.USART_Cmd)
    USART_DeInit                             0x080025d1   Thumb Code   134  stm32f10x_usart.o(i.USART_DeInit)
    USART_GetFlagStatus                      0x0800266d   Thumb Code    26  stm32f10x_usart.o(i.USART_GetFlagStatus)
    USART_GetITStatus                        0x08002687   Thumb Code    84  stm32f10x_usart.o(i.USART_GetITStatus)
    USART_ITConfig                           0x080026db   Thumb Code    74  stm32f10x_usart.o(i.USART_ITConfig)
    USART_Init                               0x08002725   Thumb Code   210  stm32f10x_usart.o(i.USART_Init)
    USART_ReceiveData                        0x080027fd   Thumb Code    10  stm32f10x_usart.o(i.USART_ReceiveData)
    USART_SendData                           0x08002807   Thumb Code     8  stm32f10x_usart.o(i.USART_SendData)
    UsageFault_Handler                       0x0800280f   Thumb Code     4  stm32f10x_it.o(i.UsageFault_Handler)
    W25QXX_Init                              0x08002815   Thumb Code    74  flash.o(i.W25QXX_Init)
    W25QXX_Read                              0x0800286d   Thumb Code    74  flash.o(i.W25QXX_Read)
    W25QXX_ReadID                            0x080028bd   Thumb Code    64  flash.o(i.W25QXX_ReadID)
    __ARM_fpclassify                         0x08002905   Thumb Code    40  fpclassify.o(i.__ARM_fpclassify)
    _is_digit                                0x0800292d   Thumb Code    14  __printf_wp.o(i._is_digit)
    _sys_exit                                0x0800293b   Thumb Code     6  usart.o(i._sys_exit)
    delay_init                               0x08002941   Thumb Code    50  delay.o(i.delay_init)
    delay_ms                                 0x08002985   Thumb Code    72  delay.o(i.delay_ms)
    fputc                                    0x080029d1   Thumb Code    24  usart.o(i.fputc)
    main                                     0x080029ed   Thumb Code   660  main.o(i.main)
    u2_printf                                0x08002d29   Thumb Code    72  usart2.o(i.u2_printf)
    uart_init                                0x08002d79   Thumb Code   152  usart.o(i.uart_init)
    usart2_init                              0x08002e19   Thumb Code   168  usart2.o(i.usart2_init)
    _get_lc_numeric                          0x08002ecd   Thumb Code    44  lc_numeric_c.o(locale$$code)
    _get_lc_ctype                            0x08002ef9   Thumb Code    44  lc_ctype_c.o(locale$$code)
    _printf_fp_dec                           0x08002f25   Thumb Code     4  printf1.o(x$fpl$printf1)
    __I$use$fp                               0x08002f28   Number         0  usenofp.o(x$fpl$usenofp)
    asc16                                    0x08002f28   Data        1521  gui.o(.constdata)
    hz16                                     0x08003519   Data         272  gui.o(.constdata)
    hz24                                     0x08003629   Data        1406  gui.o(.constdata)
    asc2_1206                                0x08003ba7   Data        1140  gui.o(.constdata)
    asc2_1608                                0x0800401b   Data        1520  gui.o(.constdata)
    asc2_2412                                0x0800460b   Data        3420  gui.o(.constdata)
    Region$$Table$$Base                      0x0800543c   Number         0  anon$$obj.o(Region$$Table)
    Region$$Table$$Limit                     0x0800545c   Number         0  anon$$obj.o(Region$$Table)
    __ctype                                  0x08005485   Data           0  lc_ctype_c.o(locale$$data)
    datatemp                                 0x20000000   Data           2  main.o(.data)
    LCDtemp                                  0x20000002   Data         110  main.o(.data)
    SystemCoreClock                          0x20000070   Data           4  system_stm32f10x.o(.data)
    AHBPrescTable                            0x20000074   Data          16  system_stm32f10x.o(.data)
    USART_LEN                                0x20000088   Data           2  usart.o(.data)
    __stdout                                 0x2000008c   Data           4  usart.o(.data)
    USART_RX_STA                             0x20000090   Data           2  usart.o(.data)
    symbol_enable                            0x20000092   Data           1  usart.o(.data)
    rec_com                                  0x20000093   Data           1  usart.o(.data)
    POINT_COLOR                              0x20000094   Data           2  gui.o(.data)
    BACK_COLOR                               0x20000096   Data           2  gui.o(.data)
    W25QXX_TYPE                              0x20000098   Data           2  flash.o(.data)
    USART2_RX_STA                            0x2000009a   Data           2  usart2.o(.data)
    USART_RX_BUF                             0x200000b0   Data         200  usart.o(.bss)
    USART2_RX_BUF                            0x20000178   Data         600  usart2.o(.bss)
    USART2_TX_BUF                            0x200003d0   Data         600  usart2.o(.bss)
    __libspace_start                         0x20000628   Data          96  libspace.o(.bss)
    __temporary_stack_top$libspace           0x20000688   Data           0  libspace.o(.bss)
    mem2base                                 0x68000000   Data       983040  malloc.o(.ARM.__AT_0x68000000)
    mem2mapbase                              0x680f0000   Data       61440  malloc.o(.ARM.__AT_0x680F0000)



==============================================================================

Memory Map of the image

  Image Entry point : 0x08000235

  Load Region LR_1 (Base: 0x08000000, Size: 0x00005638, Max: 0xffffffff, ABSOLUTE)

    Execution Region ER_RO (Base: 0x08000000, Size: 0x00005588, Max: 0xffffffff, ABSOLUTE)

    Base Addr    Size         Type   Attr      Idx    E Section Name        Object

    0x08000000   0x000000ec   Data   RO         1510    RESET               startup_stm32f10x_md.o
    0x080000ec   0x00000008   Code   RO         4044  * !!!main             c_w.l(__main.o)
    0x080000f4   0x00000034   Code   RO         4307    !!!scatter          c_w.l(__scatter.o)
    0x08000128   0x0000001a   Code   RO         4309    !!handler_copy      c_w.l(__scatter_copy.o)
    0x08000142   0x00000002   PAD
    0x08000144   0x0000001c   Code   RO         4311    !!handler_zi        c_w.l(__scatter_zi.o)
    0x08000160   0x00000000   Code   RO         4033    .ARM.Collect$$_printf_percent$$00000000  c_w.l(_printf_percent.o)
    0x08000160   0x00000006   Code   RO         4076    .ARM.Collect$$_printf_percent$$00000001  c_w.l(_printf_n.o)
    0x08000166   0x00000006   Code   RO         4077    .ARM.Collect$$_printf_percent$$00000002  c_w.l(_printf_p.o)
    0x0800016c   0x00000006   Code   RO         4081    .ARM.Collect$$_printf_percent$$00000003  c_w.l(_printf_f.o)
    0x08000172   0x00000006   Code   RO         4082    .ARM.Collect$$_printf_percent$$00000004  c_w.l(_printf_e.o)
    0x08000178   0x00000006   Code   RO         4083    .ARM.Collect$$_printf_percent$$00000005  c_w.l(_printf_g.o)
    0x0800017e   0x00000006   Code   RO         4084    .ARM.Collect$$_printf_percent$$00000006  c_w.l(_printf_a.o)
    0x08000184   0x0000000a   Code   RO         4089    .ARM.Collect$$_printf_percent$$00000007  c_w.l(_printf_ll.o)
    0x0800018e   0x00000006   Code   RO         4079    .ARM.Collect$$_printf_percent$$00000008  c_w.l(_printf_i.o)
    0x08000194   0x00000006   Code   RO         4032    .ARM.Collect$$_printf_percent$$00000009  c_w.l(_printf_d.o)
    0x0800019a   0x00000006   Code   RO         4080    .ARM.Collect$$_printf_percent$$0000000A  c_w.l(_printf_u.o)
    0x080001a0   0x00000006   Code   RO         4078    .ARM.Collect$$_printf_percent$$0000000B  c_w.l(_printf_o.o)
    0x080001a6   0x00000006   Code   RO         4031    .ARM.Collect$$_printf_percent$$0000000C  c_w.l(_printf_x.o)
    0x080001ac   0x00000006   Code   RO         4086    .ARM.Collect$$_printf_percent$$0000000D  c_w.l(_printf_lli.o)
    0x080001b2   0x00000006   Code   RO         4087    .ARM.Collect$$_printf_percent$$0000000E  c_w.l(_printf_lld.o)
    0x080001b8   0x00000006   Code   RO         4088    .ARM.Collect$$_printf_percent$$0000000F  c_w.l(_printf_llu.o)
    0x080001be   0x00000006   Code   RO         4093    .ARM.Collect$$_printf_percent$$00000010  c_w.l(_printf_llo.o)
    0x080001c4   0x00000006   Code   RO         4094    .ARM.Collect$$_printf_percent$$00000011  c_w.l(_printf_llx.o)
    0x080001ca   0x0000000a   Code   RO         4090    .ARM.Collect$$_printf_percent$$00000012  c_w.l(_printf_l.o)
    0x080001d4   0x00000006   Code   RO         4029    .ARM.Collect$$_printf_percent$$00000013  c_w.l(_printf_c.o)
    0x080001da   0x00000006   Code   RO         4030    .ARM.Collect$$_printf_percent$$00000014  c_w.l(_printf_s.o)
    0x080001e0   0x00000006   Code   RO         4091    .ARM.Collect$$_printf_percent$$00000015  c_w.l(_printf_lc.o)
    0x080001e6   0x00000006   Code   RO         4092    .ARM.Collect$$_printf_percent$$00000016  c_w.l(_printf_ls.o)
    0x080001ec   0x00000004   Code   RO         4085    .ARM.Collect$$_printf_percent$$00000017  c_w.l(_printf_percent_end.o)
    0x080001f0   0x00000002   Code   RO         4174    .ARM.Collect$$libinit$$00000000  c_w.l(libinit.o)
    0x080001f2   0x00000000   Code   RO         4189    .ARM.Collect$$libinit$$00000002  c_w.l(libinit2.o)
    0x080001f2   0x00000000   Code   RO         4191    .ARM.Collect$$libinit$$00000004  c_w.l(libinit2.o)
    0x080001f2   0x00000000   Code   RO         4194    .ARM.Collect$$libinit$$0000000A  c_w.l(libinit2.o)
    0x080001f2   0x00000000   Code   RO         4196    .ARM.Collect$$libinit$$0000000C  c_w.l(libinit2.o)
    0x080001f2   0x00000000   Code   RO         4198    .ARM.Collect$$libinit$$0000000E  c_w.l(libinit2.o)
    0x080001f2   0x00000006   Code   RO         4199    .ARM.Collect$$libinit$$0000000F  c_w.l(libinit2.o)
    0x080001f8   0x00000000   Code   RO         4201    .ARM.Collect$$libinit$$00000011  c_w.l(libinit2.o)
    0x080001f8   0x0000000c   Code   RO         4202    .ARM.Collect$$libinit$$00000012  c_w.l(libinit2.o)
    0x08000204   0x00000000   Code   RO         4203    .ARM.Collect$$libinit$$00000013  c_w.l(libinit2.o)
    0x08000204   0x00000000   Code   RO         4205    .ARM.Collect$$libinit$$00000015  c_w.l(libinit2.o)
    0x08000204   0x0000000a   Code   RO         4206    .ARM.Collect$$libinit$$00000016  c_w.l(libinit2.o)
    0x0800020e   0x00000000   Code   RO         4207    .ARM.Collect$$libinit$$00000017  c_w.l(libinit2.o)
    0x0800020e   0x00000000   Code   RO         4209    .ARM.Collect$$libinit$$00000019  c_w.l(libinit2.o)
    0x0800020e   0x00000000   Code   RO         4211    .ARM.Collect$$libinit$$0000001B  c_w.l(libinit2.o)
    0x0800020e   0x00000000   Code   RO         4213    .ARM.Collect$$libinit$$0000001D  c_w.l(libinit2.o)
    0x0800020e   0x00000000   Code   RO         4215    .ARM.Collect$$libinit$$0000001F  c_w.l(libinit2.o)
    0x0800020e   0x00000000   Code   RO         4217    .ARM.Collect$$libinit$$00000021  c_w.l(libinit2.o)
    0x0800020e   0x00000000   Code   RO         4219    .ARM.Collect$$libinit$$00000023  c_w.l(libinit2.o)
    0x0800020e   0x00000000   Code   RO         4221    .ARM.Collect$$libinit$$00000025  c_w.l(libinit2.o)
    0x0800020e   0x00000000   Code   RO         4225    .ARM.Collect$$libinit$$0000002C  c_w.l(libinit2.o)
    0x0800020e   0x00000000   Code   RO         4227    .ARM.Collect$$libinit$$0000002E  c_w.l(libinit2.o)
    0x0800020e   0x00000000   Code   RO         4229    .ARM.Collect$$libinit$$00000030  c_w.l(libinit2.o)
    0x0800020e   0x00000000   Code   RO         4231    .ARM.Collect$$libinit$$00000032  c_w.l(libinit2.o)
    0x0800020e   0x00000002   Code   RO         4232    .ARM.Collect$$libinit$$00000033  c_w.l(libinit2.o)
    0x08000210   0x00000002   Code   RO         4250    .ARM.Collect$$libshutdown$$00000000  c_w.l(libshutdown.o)
    0x08000212   0x00000000   Code   RO         4261    .ARM.Collect$$libshutdown$$00000003  c_w.l(libshutdown2.o)
    0x08000212   0x00000000   Code   RO         4264    .ARM.Collect$$libshutdown$$00000006  c_w.l(libshutdown2.o)
    0x08000212   0x00000000   Code   RO         4267    .ARM.Collect$$libshutdown$$00000009  c_w.l(libshutdown2.o)
    0x08000212   0x00000000   Code   RO         4269    .ARM.Collect$$libshutdown$$0000000B  c_w.l(libshutdown2.o)
    0x08000212   0x00000000   Code   RO         4272    .ARM.Collect$$libshutdown$$0000000E  c_w.l(libshutdown2.o)
    0x08000212   0x00000002   Code   RO         4273    .ARM.Collect$$libshutdown$$0000000F  c_w.l(libshutdown2.o)
    0x08000214   0x00000000   Code   RO         4048    .ARM.Collect$$rtentry$$00000000  c_w.l(__rtentry.o)
    0x08000214   0x00000000   Code   RO         4100    .ARM.Collect$$rtentry$$00000002  c_w.l(__rtentry2.o)
    0x08000214   0x00000006   Code   RO         4112    .ARM.Collect$$rtentry$$00000004  c_w.l(__rtentry4.o)
    0x0800021a   0x00000000   Code   RO         4102    .ARM.Collect$$rtentry$$00000009  c_w.l(__rtentry2.o)
    0x0800021a   0x00000004   Code   RO         4103    .ARM.Collect$$rtentry$$0000000A  c_w.l(__rtentry2.o)
    0x0800021e   0x00000000   Code   RO         4105    .ARM.Collect$$rtentry$$0000000C  c_w.l(__rtentry2.o)
    0x0800021e   0x00000008   Code   RO         4106    .ARM.Collect$$rtentry$$0000000D  c_w.l(__rtentry2.o)
    0x08000226   0x00000002   Code   RO         4183    .ARM.Collect$$rtexit$$00000000  c_w.l(rtexit.o)
    0x08000228   0x00000000   Code   RO         4234    .ARM.Collect$$rtexit$$00000002  c_w.l(rtexit2.o)
    0x08000228   0x00000004   Code   RO         4235    .ARM.Collect$$rtexit$$00000003  c_w.l(rtexit2.o)
    0x0800022c   0x00000006   Code   RO         4236    .ARM.Collect$$rtexit$$00000004  c_w.l(rtexit2.o)
    0x08000232   0x00000002   PAD
    0x08000234   0x00000040   Code   RO         1511  * .text               startup_stm32f10x_md.o
    0x08000274   0x00000002   Code   RO         3974    .text               c_w.l(use_no_semi_2.o)
    0x08000276   0x00000002   PAD
    0x08000278   0x00000024   Code   RO         3976    .text               c_w.l(c89vsprintf.o)
    0x0800029c   0x00000018   Code   RO         3978    .text               c_w.l(__2printf.o)
    0x080002b4   0x00000052   Code   RO         3984    .text               c_w.l(_printf_str.o)
    0x08000306   0x00000002   PAD
    0x08000308   0x00000078   Code   RO         3986    .text               c_w.l(_printf_dec.o)
    0x08000380   0x00000094   Code   RO         4006    .text               c_w.l(_printf_hex_int_ll_ptr.o)
    0x08000414   0x00000188   Code   RO         4026    .text               c_w.l(__printf_flags_ss_wp.o)
    0x0800059c   0x0000003e   Code   RO         4036    .text               c_w.l(strlen.o)
    0x080005da   0x00000044   Code   RO         4038    .text               c_w.l(rt_memclr.o)
    0x0800061e   0x00000002   PAD
    0x08000620   0x00000080   Code   RO         4040    .text               c_w.l(strcmpv7m.o)
    0x080006a0   0x00000006   Code   RO         4042    .text               c_w.l(heapauxi.o)
    0x080006a6   0x00000002   Code   RO         4046    .text               c_w.l(use_no_semi.o)
    0x080006a8   0x0000004e   Code   RO         4049    .text               c_w.l(_printf_pad.o)
    0x080006f6   0x00000024   Code   RO         4051    .text               c_w.l(_printf_truncate.o)
    0x0800071a   0x000000b2   Code   RO         4053    .text               c_w.l(_printf_intcommon.o)
    0x080007cc   0x00000028   Code   RO         4055    .text               c_w.l(_printf_charcount.o)
    0x080007f4   0x00000030   Code   RO         4057    .text               c_w.l(_printf_char_common.o)
    0x08000824   0x0000000a   Code   RO         4059    .text               c_w.l(_sputc.o)
    0x0800082e   0x0000002c   Code   RO         4061    .text               c_w.l(_printf_char.o)
    0x0800085a   0x00000002   PAD
    0x0800085c   0x00000024   Code   RO         4063    .text               c_w.l(_printf_char_file.o)
    0x08000880   0x000000bc   Code   RO         4065    .text               c_w.l(_printf_wctomb.o)
    0x0800093c   0x0000007c   Code   RO         4068    .text               c_w.l(_printf_longlong_dec.o)
    0x080009b8   0x00000070   Code   RO         4074    .text               c_w.l(_printf_oct_int_ll.o)
    0x08000a28   0x0000004e   Code   RO         4095    .text               c_w.l(rt_memclr_w.o)
    0x08000a76   0x0000008a   Code   RO         4114    .text               c_w.l(lludiv10.o)
    0x08000b00   0x0000041a   Code   RO         4116    .text               c_w.l(_printf_fp_dec.o)
    0x08000f1a   0x0000002c   Code   RO         4120    .text               c_w.l(_printf_wchar.o)
    0x08000f46   0x00000008   Code   RO         4122    .text               c_w.l(ferror.o)
    0x08000f4e   0x00000040   Code   RO         4126    .text               c_w.l(_wcrtomb.o)
    0x08000f8e   0x0000004a   Code   RO         4128    .text               c_w.l(sys_stackheap_outer.o)
    0x08000fd8   0x00000010   Code   RO         4130    .text               c_w.l(rt_ctype_table.o)
    0x08000fe8   0x00000008   Code   RO         4135    .text               c_w.l(rt_locale_intlibspace.o)
    0x08000ff0   0x00000080   Code   RO         4137    .text               c_w.l(_printf_fp_infnan.o)
    0x08001070   0x000000dc   Code   RO         4139    .text               c_w.l(bigflt0.o)
    0x0800114c   0x0000000c   Code   RO         4167    .text               c_w.l(exit.o)
    0x08001158   0x00000008   Code   RO         4180    .text               c_w.l(libspace.o)
    0x08001160   0x0000003e   Code   RO         4142    CL$$btod_d2e        c_w.l(btod.o)
    0x0800119e   0x00000046   Code   RO         4144    CL$$btod_d2e_denorm_low  c_w.l(btod.o)
    0x080011e4   0x00000060   Code   RO         4143    CL$$btod_d2e_norm_op1  c_w.l(btod.o)
    0x08001244   0x00000338   Code   RO         4152    CL$$btod_div_common  c_w.l(btod.o)
    0x0800157c   0x000000c6   Code   RO         4149    CL$$btod_e2e        c_w.l(btod.o)
    0x08001642   0x00000028   Code   RO         4146    CL$$btod_ediv       c_w.l(btod.o)
    0x0800166a   0x00000028   Code   RO         4145    CL$$btod_emul       c_w.l(btod.o)
    0x08001692   0x00000244   Code   RO         4151    CL$$btod_mult_common  c_w.l(btod.o)
    0x080018d6   0x00000004   Code   RO          157    i.BusFault_Handler  stm32f10x_it.o
    0x080018da   0x00000002   Code   RO          158    i.DebugMon_Handler  stm32f10x_it.o
    0x080018dc   0x00000116   Code   RO         2300    i.GPIO_Init         stm32f10x_gpio.o
    0x080019f2   0x00000004   Code   RO         2308    i.GPIO_SetBits      stm32f10x_gpio.o
    0x080019f6   0x00000020   Code   RO          503    i.Gui_DrawPoint     lcd_driver.o
    0x08001a16   0x00000004   Code   RO          159    i.HardFault_Handler  stm32f10x_it.o
    0x08001a1a   0x00000002   PAD
    0x08001a1c   0x00000028   Code   RO          590    i.KEY_Init          key.o
    0x08001a44   0x00000050   Code   RO          504    i.LCD_GPIO_Init     lcd_driver.o
    0x08001a94   0x00000120   Code   RO          400    i.LCD_ShowChar      gui.o
    0x08001bb4   0x00000066   Code   RO          402    i.LCD_ShowString    gui.o
    0x08001c1a   0x00000002   PAD
    0x08001c1c   0x00000030   Code   RO          505    i.LCD_WriteData_16Bit  lcd_driver.o
    0x08001c4c   0x00000038   Code   RO          376    i.LED_Init          led.o
    0x08001c84   0x00000032   Code   RO          506    i.Lcd_Clear         lcd_driver.o
    0x08001cb6   0x00000222   Code   RO          507    i.Lcd_Init          lcd_driver.o
    0x08001ed8   0x00000024   Code   RO          509    i.Lcd_Reset         lcd_driver.o
    0x08001efc   0x00000056   Code   RO          510    i.Lcd_SetRegion     lcd_driver.o
    0x08001f52   0x00000002   PAD
    0x08001f54   0x00000028   Code   RO          512    i.Lcd_WriteData     lcd_driver.o
    0x08001f7c   0x00000028   Code   RO          513    i.Lcd_WriteIndex    lcd_driver.o
    0x08001fa4   0x00000004   Code   RO          160    i.MemManage_Handler  stm32f10x_it.o
    0x08001fa8   0x00000002   Code   RO          161    i.NMI_Handler       stm32f10x_it.o
    0x08001faa   0x00000002   PAD
    0x08001fac   0x00000070   Code   RO         1515    i.NVIC_Init         misc.o
    0x0800201c   0x00000014   Code   RO         1516    i.NVIC_PriorityGroupConfig  misc.o
    0x08002030   0x00000002   Code   RO          162    i.PendSV_Handler    stm32f10x_it.o
    0x08002032   0x00000002   PAD
    0x08002034   0x00000020   Code   RO         2716    i.RCC_APB1PeriphClockCmd  stm32f10x_rcc.o
    0x08002054   0x00000020   Code   RO         2717    i.RCC_APB1PeriphResetCmd  stm32f10x_rcc.o
    0x08002074   0x00000020   Code   RO         2718    i.RCC_APB2PeriphClockCmd  stm32f10x_rcc.o
    0x08002094   0x00000020   Code   RO         2719    i.RCC_APB2PeriphResetCmd  stm32f10x_rcc.o
    0x080020b4   0x000000d4   Code   RO         2726    i.RCC_GetClocksFreq  stm32f10x_rcc.o
    0x08002188   0x00000094   Code   RO          605    i.SPI2_Init         flash.o
    0x0800221c   0x00000054   Code   RO          606    i.SPI2_ReadWriteByte  flash.o
    0x08002270   0x00000028   Code   RO          607    i.SPI2_SetSpeed     flash.o
    0x08002298   0x00000018   Code   RO         3105    i.SPI_Cmd           stm32f10x_spi.o
    0x080022b0   0x00000012   Code   RO         3113    i.SPI_I2S_GetFlagStatus  stm32f10x_spi.o
    0x080022c2   0x00000006   Code   RO         3116    i.SPI_I2S_ReceiveData  stm32f10x_spi.o
    0x080022c8   0x00000004   Code   RO         3117    i.SPI_I2S_SendData  stm32f10x_spi.o
    0x080022cc   0x0000003c   Code   RO         3118    i.SPI_Init          stm32f10x_spi.o
    0x08002308   0x00000040   Code   RO          515    i.SPI_WriteData     lcd_driver.o
    0x08002348   0x00000002   Code   RO          163    i.SVC_Handler       stm32f10x_it.o
    0x0800234a   0x00000008   Code   RO          220    i.SetSysClock       system_stm32f10x.o
    0x08002352   0x00000002   PAD
    0x08002354   0x000000e0   Code   RO          221    i.SetSysClockTo72   system_stm32f10x.o
    0x08002434   0x00000028   Code   RO         1519    i.SysTick_CLKSourceConfig  misc.o
    0x0800245c   0x00000002   Code   RO          164    i.SysTick_Handler   stm32f10x_it.o
    0x0800245e   0x00000002   PAD
    0x08002460   0x00000060   Code   RO          223    i.SystemInit        system_stm32f10x.o
    0x080024c0   0x00000088   Code   RO          335    i.USART1_IRQHandler  usart.o
    0x08002548   0x00000050   Code   RO          730    i.USART2_IRQHandler  usart2.o
    0x08002598   0x0000001e   Code   RO         3793    i.USART_ClearITPendingBit  stm32f10x_usart.o
    0x080025b6   0x00000018   Code   RO         3796    i.USART_Cmd         stm32f10x_usart.o
    0x080025ce   0x00000002   PAD
    0x080025d0   0x0000009c   Code   RO         3798    i.USART_DeInit      stm32f10x_usart.o
    0x0800266c   0x0000001a   Code   RO         3799    i.USART_GetFlagStatus  stm32f10x_usart.o
    0x08002686   0x00000054   Code   RO         3800    i.USART_GetITStatus  stm32f10x_usart.o
    0x080026da   0x0000004a   Code   RO         3802    i.USART_ITConfig    stm32f10x_usart.o
    0x08002724   0x000000d8   Code   RO         3803    i.USART_Init        stm32f10x_usart.o
    0x080027fc   0x0000000a   Code   RO         3810    i.USART_ReceiveData  stm32f10x_usart.o
    0x08002806   0x00000008   Code   RO         3813    i.USART_SendData    stm32f10x_usart.o
    0x0800280e   0x00000004   Code   RO          165    i.UsageFault_Handler  stm32f10x_it.o
    0x08002812   0x00000002   PAD
    0x08002814   0x00000058   Code   RO          610    i.W25QXX_Init       flash.o
    0x0800286c   0x00000050   Code   RO          612    i.W25QXX_Read       flash.o
    0x080028bc   0x00000048   Code   RO          613    i.W25QXX_ReadID     flash.o
    0x08002904   0x00000028   Code   RO         4178    i.__ARM_fpclassify  m_ws.l(fpclassify.o)
    0x0800292c   0x0000000e   Code   RO         4019    i._is_digit         c_w.l(__printf_wp.o)
    0x0800293a   0x00000006   Code   RO          336    i._sys_exit         usart.o
    0x08002940   0x00000044   Code   RO          254    i.delay_init        delay.o
    0x08002984   0x0000004c   Code   RO          255    i.delay_ms          delay.o
    0x080029d0   0x0000001c   Code   RO          337    i.fputc             usart.o
    0x080029ec   0x0000033c   Code   RO            2    i.main              main.o
    0x08002d28   0x00000050   Code   RO          731    i.u2_printf         usart2.o
    0x08002d78   0x000000a0   Code   RO          338    i.uart_init         usart.o
    0x08002e18   0x000000b4   Code   RO          732    i.usart2_init       usart2.o
    0x08002ecc   0x0000002c   Code   RO         4165    locale$$code        c_w.l(lc_numeric_c.o)
    0x08002ef8   0x0000002c   Code   RO         4186    locale$$code        c_w.l(lc_ctype_c.o)
    0x08002f24   0x00000004   Code   RO         4097    x$fpl$printf1       fz_ws.l(printf1.o)
    0x08002f28   0x00000000   Code   RO         4177    x$fpl$usenofp       fz_ws.l(usenofp.o)
    0x08002f28   0x0000243f   Data   RO          405    .constdata          gui.o
    0x08005367   0x00000028   Data   RO         4007    .constdata          c_w.l(_printf_hex_int_ll_ptr.o)
    0x0800538f   0x00000011   Data   RO         4027    .constdata          c_w.l(__printf_flags_ss_wp.o)
    0x080053a0   0x00000008   Data   RO         4066    .constdata          c_w.l(_printf_wctomb.o)
    0x080053a8   0x00000094   Data   RO         4140    .constdata          c_w.l(bigflt0.o)
    0x0800543c   0x00000020   Data   RO         4305    Region$$Table       anon$$obj.o
    0x0800545c   0x0000001c   Data   RO         4164    locale$$data        c_w.l(lc_numeric_c.o)
    0x08005478   0x00000110   Data   RO         4185    locale$$data        c_w.l(lc_ctype_c.o)


    Execution Region ER_RW (Base: 0x20000000, Size: 0x000000b0, Max: 0xffffffff, ABSOLUTE)

    Base Addr    Size         Type   Attr      Idx    E Section Name        Object

    0x20000000   0x00000070   Data   RW            4    .data               main.o
    0x20000070   0x00000014   Data   RW          224    .data               system_stm32f10x.o
    0x20000084   0x00000004   Data   RW          257    .data               delay.o
    0x20000088   0x0000000c   Data   RW          340    .data               usart.o
    0x20000094   0x00000004   Data   RW          406    .data               gui.o
    0x20000098   0x00000002   Data   RW          624    .data               flash.o
    0x2000009a   0x00000002   Data   RW          734    .data               usart2.o
    0x2000009c   0x00000014   Data   RW         2746    .data               stm32f10x_rcc.o


    Execution Region ER_ZI (Base: 0x200000b0, Size: 0x00000bd8, Max: 0xffffffff, ABSOLUTE)

    Base Addr    Size         Type   Attr      Idx    E Section Name        Object

    0x200000b0   0x000000c8   Zero   RW          339    .bss                usart.o
    0x20000178   0x000004b0   Zero   RW          733    .bss                usart2.o
    0x20000628   0x00000060   Zero   RW         4181    .bss                c_w.l(libspace.o)
    0x20000688   0x00000200   Zero   RW         1509    HEAP                startup_stm32f10x_md.o
    0x20000888   0x00000400   Zero   RW         1508    STACK               startup_stm32f10x_md.o



  Load Region LR$$.ARM.__AT_0x68000000 (Base: 0x68000000, Size: 0x00000000, Max: 0x000f0000, ABSOLUTE)

    Execution Region ER$$.ARM.__AT_0x68000000 (Base: 0x68000000, Size: 0x000f0000, Max: 0x000f0000, ABSOLUTE, UNINIT)

    Base Addr    Size         Type   Attr      Idx    E Section Name        Object

    0x68000000   0x000f0000   Zero   RW          802    .ARM.__AT_0x68000000  malloc.o



  Load Region LR$$.ARM.__AT_0x680F0000 (Base: 0x680f0000, Size: 0x00000000, Max: 0x0000f000, ABSOLUTE)

    Execution Region ER$$.ARM.__AT_0x680F0000 (Base: 0x680f0000, Size: 0x0000f000, Max: 0x0000f000, ABSOLUTE, UNINIT)

    Base Addr    Size         Type   Attr      Idx    E Section Name        Object

    0x680f0000   0x0000f000   Zero   RW          803    .ARM.__AT_0x680F0000  malloc.o


==============================================================================

Image component sizes


      Code (inc. data)   RO Data    RW Data    ZI Data      Debug   Object Name

       144         22          0          4          0     206128   delay.o
       512         46          0          2          0       4313   flash.o
       390         22       9279          4          0       3331   gui.o
        40          6          0          0          0        507   key.o
      1022         44          0          0          0       6054   lcd_driver.o
        56          6          0          0          0        507   led.o
       828        168          0        112          0     231183   main.o
         0          0          0          0    1044480       1669   malloc.o
       172         22          0          0          0       2189   misc.o
        64         26        236          0       1536        824   startup_stm32f10x_md.o
         0          0          0          0          0     233296   stm32f10x_flash.o
       282          0          0          0          0       2559   stm32f10x_gpio.o
        26          0          0          0          0       4002   stm32f10x_it.o
       340         44          0         20          0       5736   stm32f10x_rcc.o
       112          0          0          0          0       3950   stm32f10x_spi.o
       628         28          0          0          0       7586   stm32f10x_usart.o
         0          0          0          0          0         32   sys.o
       328         28          0         20          0       2257   system_stm32f10x.o
       330         26          0         12        200       4436   usart.o
       340         32          0          2       1200       3350   usart2.o

    ----------------------------------------------------------------------
      5632        520       9547        176    1047416     723909   Object Totals
         0          0         32          0          0          0   (incl. Generated)
        18          0          0          0          0          0   (incl. Padding)

    ----------------------------------------------------------------------

      Code (inc. data)   RO Data    RW Data    ZI Data      Debug   Library Member Name

        24          4          0          0          0         84   __2printf.o
         8          0          0          0          0         68   __main.o
       392          4         17          0          0         92   __printf_flags_ss_wp.o
        14          0          0          0          0         68   __printf_wp.o
         0          0          0          0          0          0   __rtentry.o
        12          0          0          0          0          0   __rtentry2.o
         6          0          0          0          0          0   __rtentry4.o
        52          8          0          0          0          0   __scatter.o
        26          0          0          0          0          0   __scatter_copy.o
        28          0          0          0          0          0   __scatter_zi.o
         6          0          0          0          0          0   _printf_a.o
         6          0          0          0          0          0   _printf_c.o
        44          0          0          0          0        108   _printf_char.o
        48          6          0          0          0         96   _printf_char_common.o
        36          4          0          0          0         80   _printf_char_file.o
        40          0          0          0          0         68   _printf_charcount.o
         6          0          0          0          0          0   _printf_d.o
       120         16          0          0          0         92   _printf_dec.o
         6          0          0          0          0          0   _printf_e.o
         6          0          0          0          0          0   _printf_f.o
      1050          0          0          0          0        216   _printf_fp_dec.o
       128         16          0          0          0         84   _printf_fp_infnan.o
         6          0          0          0          0          0   _printf_g.o
       148          4         40          0          0        160   _printf_hex_int_ll_ptr.o
         6          0          0          0          0          0   _printf_i.o
       178          0          0          0          0         88   _printf_intcommon.o
        10          0          0          0          0          0   _printf_l.o
         6          0          0          0          0          0   _printf_lc.o
        10          0          0          0          0          0   _printf_ll.o
         6          0          0          0          0          0   _printf_lld.o
         6          0          0          0          0          0   _printf_lli.o
         6          0          0          0          0          0   _printf_llo.o
         6          0          0          0          0          0   _printf_llu.o
         6          0          0          0          0          0   _printf_llx.o
       124         16          0          0          0         92   _printf_longlong_dec.o
         6          0          0          0          0          0   _printf_ls.o
         6          0          0          0          0          0   _printf_n.o
         6          0          0          0          0          0   _printf_o.o
       112          8          0          0          0        124   _printf_oct_int_ll.o
         6          0          0          0          0          0   _printf_p.o
        78          0          0          0          0        108   _printf_pad.o
         0          0          0          0          0          0   _printf_percent.o
         4          0          0          0          0          0   _printf_percent_end.o
         6          0          0          0          0          0   _printf_s.o
        82          0          0          0          0         80   _printf_str.o
        36          0          0          0          0         84   _printf_truncate.o
         6          0          0          0          0          0   _printf_u.o
        44          0          0          0          0        108   _printf_wchar.o
       188          6          8          0          0         92   _printf_wctomb.o
         6          0          0          0          0          0   _printf_x.o
        10          0          0          0          0         68   _sputc.o
        64          0          0          0          0         92   _wcrtomb.o
       220          4        148          0          0         96   bigflt0.o
      1910        128          0          0          0        672   btod.o
        36          4          0          0          0         76   c89vsprintf.o
        12          0          0          0          0         72   exit.o
         8          0          0          0          0         68   ferror.o
         6          0          0          0          0        152   heapauxi.o
        44         10        272          0          0         76   lc_ctype_c.o
        44         10         28          0          0         76   lc_numeric_c.o
         2          0          0          0          0          0   libinit.o
        30          0          0          0          0          0   libinit2.o
         2          0          0          0          0          0   libshutdown.o
         2          0          0          0          0          0   libshutdown2.o
         8          4          0          0         96         68   libspace.o
       138          0          0          0          0         80   lludiv10.o
        16          4          0          0          0         76   rt_ctype_table.o
         8          4          0          0          0         68   rt_locale_intlibspace.o
        68          0          0          0          0         68   rt_memclr.o
        78          0          0          0          0         80   rt_memclr_w.o
         2          0          0          0          0          0   rtexit.o
        10          0          0          0          0          0   rtexit2.o
       128          0          0          0          0         68   strcmpv7m.o
        62          0          0          0          0         76   strlen.o
        74          0          0          0          0         80   sys_stackheap_outer.o
         2          0          0          0          0         68   use_no_semi.o
         2          0          0          0          0         68   use_no_semi_2.o
         4          0          0          0          0         68   printf1.o
         0          0          0          0          0          0   usenofp.o
        40          0          0          0          0         68   fpclassify.o

    ----------------------------------------------------------------------
      6204        260        513          0         96       4376   Library Totals
        12          0          0          0          0          0   (incl. Padding)

    ----------------------------------------------------------------------

      Code (inc. data)   RO Data    RW Data    ZI Data      Debug   Library Name

      6148        260        513          0         96       4240   c_w.l
         4          0          0          0          0         68   fz_ws.l
        40          0          0          0          0         68   m_ws.l

    ----------------------------------------------------------------------
      6204        260        513          0         96       4376   Library Totals

    ----------------------------------------------------------------------

==============================================================================


      Code (inc. data)   RO Data    RW Data    ZI Data      Debug   

     11836        780      10060        176    1047512     722613   Grand Totals
     11836        780      10060        176    1047512     722613   ELF Image Totals
     11836        780      10060        176          0          0   ROM Totals

==============================================================================

    Total RO  Size (Code + RO Data)                21896 (  21.38kB)
    Total RW  Size (RW Data + ZI Data)           1047688 (1023.13kB)
    Total ROM Size (Code + RO Data + RW Data)      22072 (  21.55kB)

==============================================================================

