<html>
<body>
<pre>
<h1>礦ision Build Log</h1>
<h2>Tool Versions:</h2>
IDE-Version: μVision V5.14.0.0
Copyright (C) 2015 ARM Ltd and ARM Germany GmbH. All rights reserved.
License Information: 1 Administrator, 1, LIC=PE7EV-PBQL7-HLFCL-0NAC7-T35TD-PUMK9
 
Tool Versions:
Toolchain:       MDK-ARM Standard  Version: 5.14.0.0
Toolchain Path:  F:\KEIL5\ARM\ARMCC\Bin
C Compiler:      Armcc.exe V5.05 update 1 (build 106)
Assembler:       Armasm.exe V5.05 update 1 (build 106)
Linker/Locator:  ArmLink.exe V5.05 update 1 (build 106)
Library Manager: ArmAr.exe V5.05 update 1 (build 106)
Hex Converter:   FromElf.exe V5.05 update 1 (build 106)
CPU DLL:         SARMCM3.DLL V5.14.0.0
Dialog DLL:      DARMSTM.DLL V1.65.0.0
Target DLL:      Segger\JL2CM3.dll V2.99.13.0
Dialog DLL:      TARMSTM.DLL V1.64.0.0
 
<h2>Project:</h2>
C:\Users\Administrator\Desktop\Programma  Design\我的项目\激光雕刻机\我的激光雕刻机\USER\Template.uvprojx
Project File Date:  10/24/2018

<h2>Output:</h2>
Build target 'Template'
compiling main.c...
main.c(53): warning:  #177-D: variable "WR_COM" was declared but never referenced
        u8 WR_COM=0,space_pos;
main.c(53): warning:  #177-D: variable "space_pos" was declared but never referenced
        u8 WR_COM=0,space_pos;
main.c(54): warning:  #177-D: variable "i" was declared but never referenced
        u16 i=0,count;
main.c(54): warning:  #177-D: variable "count" was declared but never referenced
        u16 i=0,count;
main.c(55): warning:  #177-D: variable "byte_len" was declared but never referenced
        u32 byte_len =0;
main.c(284): warning:  #177-D: variable "k" was declared but never referenced
        u8 k=0;
main.c(346): warning:  #1-D: last line of file ends without a newline
  //            }
main.c: 7 warnings, 0 errors
linking...
Program Size: Code=6832 RO-data=9532 RW-data=176 ZI-data=1047512  
FromELF: creating hex file...
"..\OBJ\Template.axf" - 0 Error(s), 7 Warning(s).

<h2>Collection of Component include folders:</h2>
  C:\Users\Administrator\Desktop\Programma  Design\我的项目\激光雕刻机\我的激光雕刻机\USER\RTE
  F:\KEIL5\Keil\STM32F1xx_DFP\1.0.5\Device\Include

<h2>Collection of Component Files used:</h2>
</pre>
</body>
</html>
